Archive member included because of file (symbol)

c:/freescale/kds_3.0.0/toolchain/bin/../lib/gcc/arm-none-eabi/4.8.4/armv7e-m\libgcc.a(_arm_addsubdf3.o)
                              ./Sources/main.o (__aeabi_i2d)
c:/freescale/kds_3.0.0/toolchain/bin/../lib/gcc/arm-none-eabi/4.8.4/armv7e-m\libgcc.a(_arm_fixunsdfsi.o)
                              ./Sources/main.o (__aeabi_d2uiz)
c:/freescale/kds_3.0.0/toolchain/bin/../lib/gcc/arm-none-eabi/4.8.4/armv7e-m\libgcc.a(_arm_addsubsf3.o)
                              ./Generated_Code/RealTimeLdd1.o (__aeabi_ui2f)
c:/freescale/kds_3.0.0/toolchain/bin/../lib/gcc/arm-none-eabi/4.8.4/armv7e-m\libgcc.a(_arm_muldivsf3.o)
                              ./Generated_Code/PwmLdd1.o (__aeabi_fmul)
c:/freescale/kds_3.0.0/toolchain/bin/../lib/gcc/arm-none-eabi/4.8.4/armv7e-m\libgcc.a(_arm_cmpsf2.o)
                              ./Generated_Code/PwmLdd1.o (__aeabi_fcmpgt)
c:/freescale/kds_3.0.0/toolchain/bin/../lib/gcc/arm-none-eabi/4.8.4/armv7e-m\libgcc.a(_arm_fixunssfsi.o)
                              ./Generated_Code/PwmLdd1.o (__aeabi_f2uiz)
c:/freescale/kds_3.0.0/toolchain/bin/../lib/gcc/arm-none-eabi/4.8.4/../../../../arm-none-eabi/lib/armv7e-m\libg_s.a(lib_a-exit.o)
                              c:/freescale/kds_3.0.0/toolchain/bin/../lib/gcc/arm-none-eabi/4.8.4/../../../../arm-none-eabi/lib/armv7e-m/crt0.o (exit)
c:/freescale/kds_3.0.0/toolchain/bin/../lib/gcc/arm-none-eabi/4.8.4/../../../../arm-none-eabi/lib/armv7e-m\libg_s.a(lib_a-impure.o)
                              c:/freescale/kds_3.0.0/toolchain/bin/../lib/gcc/arm-none-eabi/4.8.4/../../../../arm-none-eabi/lib/armv7e-m\libg_s.a(lib_a-exit.o) (_global_impure_ptr)
c:/freescale/kds_3.0.0/toolchain/bin/../lib/gcc/arm-none-eabi/4.8.4/../../../../arm-none-eabi/lib/armv7e-m\libg_s.a(lib_a-init.o)
                              c:/freescale/kds_3.0.0/toolchain/bin/../lib/gcc/arm-none-eabi/4.8.4/../../../../arm-none-eabi/lib/armv7e-m/crt0.o (__libc_init_array)
c:/freescale/kds_3.0.0/toolchain/bin/../lib/gcc/arm-none-eabi/4.8.4/../../../../arm-none-eabi/lib/armv7e-m\libg_s.a(lib_a-memset.o)
                              c:/freescale/kds_3.0.0/toolchain/bin/../lib/gcc/arm-none-eabi/4.8.4/../../../../arm-none-eabi/lib/armv7e-m/crt0.o (memset)
c:/freescale/kds_3.0.0/toolchain/bin/../lib/gcc/arm-none-eabi/4.8.4/../../../../arm-none-eabi/lib/armv7e-m\libg_s.a(lib_a-printf.o)
                              ./Sources/main.o (printf)
c:/freescale/kds_3.0.0/toolchain/bin/../lib/gcc/arm-none-eabi/4.8.4/../../../../arm-none-eabi/lib/armv7e-m\libg_s.a(lib_a-puts.o)
                              ./Sources/main.o (puts)
c:/freescale/kds_3.0.0/toolchain/bin/../lib/gcc/arm-none-eabi/4.8.4/../../../../arm-none-eabi/lib/armv7e-m\libg_s.a(lib_a-snprintf.o)
                              ./Sources/main.o (snprintf)
c:/freescale/kds_3.0.0/toolchain/bin/../lib/gcc/arm-none-eabi/4.8.4/../../../../arm-none-eabi/lib/armv7e-m\libg_s.a(lib_a-svfprintf.o)
                              c:/freescale/kds_3.0.0/toolchain/bin/../lib/gcc/arm-none-eabi/4.8.4/../../../../arm-none-eabi/lib/armv7e-m\libg_s.a(lib_a-snprintf.o) (_svfprintf_r)
c:/freescale/kds_3.0.0/toolchain/bin/../lib/gcc/arm-none-eabi/4.8.4/../../../../arm-none-eabi/lib/armv7e-m\libg_s.a(lib_a-vfprintf.o)
                              c:/freescale/kds_3.0.0/toolchain/bin/../lib/gcc/arm-none-eabi/4.8.4/../../../../arm-none-eabi/lib/armv7e-m\libg_s.a(lib_a-printf.o) (_vfprintf_r)
c:/freescale/kds_3.0.0/toolchain/bin/../lib/gcc/arm-none-eabi/4.8.4/../../../../arm-none-eabi/lib/armv7e-m\libg_s.a(lib_a-vfprintf_i.o)
                              c:/freescale/kds_3.0.0/toolchain/bin/../lib/gcc/arm-none-eabi/4.8.4/../../../../arm-none-eabi/lib/armv7e-m\libg_s.a(lib_a-svfprintf.o) (_printf_i)
c:/freescale/kds_3.0.0/toolchain/bin/../lib/gcc/arm-none-eabi/4.8.4/../../../../arm-none-eabi/lib/armv7e-m\libg_s.a(lib_a-wbuf.o)
                              c:/freescale/kds_3.0.0/toolchain/bin/../lib/gcc/arm-none-eabi/4.8.4/../../../../arm-none-eabi/lib/armv7e-m\libg_s.a(lib_a-puts.o) (__swbuf_r)
c:/freescale/kds_3.0.0/toolchain/bin/../lib/gcc/arm-none-eabi/4.8.4/../../../../arm-none-eabi/lib/armv7e-m\libg_s.a(lib_a-wsetup.o)
                              c:/freescale/kds_3.0.0/toolchain/bin/../lib/gcc/arm-none-eabi/4.8.4/../../../../arm-none-eabi/lib/armv7e-m\libg_s.a(lib_a-puts.o) (__swsetup_r)
c:/freescale/kds_3.0.0/toolchain/bin/../lib/gcc/arm-none-eabi/4.8.4/../../../../arm-none-eabi/lib/armv7e-m\libg_s.a(lib_a-fflush.o)
                              c:/freescale/kds_3.0.0/toolchain/bin/../lib/gcc/arm-none-eabi/4.8.4/../../../../arm-none-eabi/lib/armv7e-m\libg_s.a(lib_a-wbuf.o) (_fflush_r)
c:/freescale/kds_3.0.0/toolchain/bin/../lib/gcc/arm-none-eabi/4.8.4/../../../../arm-none-eabi/lib/armv7e-m\libg_s.a(lib_a-findfp.o)
                              c:/freescale/kds_3.0.0/toolchain/bin/../lib/gcc/arm-none-eabi/4.8.4/../../../../arm-none-eabi/lib/armv7e-m\libg_s.a(lib_a-printf.o) (__sinit)
[...]
Memory Configuration

Name             Origin             Length             Attributes
m_interrupts     0x00000000         0x000000f8         xr
m_text           0x00000410         0x0001fbf0         xr
m_data           0x1fffe000         0x00002000         rw
m_data_20000000  0x20000000         0x00002000         rw
m_cfmprotrom     0x00000400         0x00000010         xr
*default*        0x00000000         0xffffffff

Linker script and memory map

LOAD c:/freescale/kds_3.0.0/toolchain/bin/../lib/gcc/arm-none-eabi/4.8.4/armv7e-m/crti.o
LOAD c:/freescale/kds_3.0.0/toolchain/bin/../lib/gcc/arm-none-eabi/4.8.4/armv7e-m/crtbegin.o
LOAD c:/freescale/kds_3.0.0/toolchain/bin/../lib/gcc/arm-none-eabi/4.8.4/../../../../arm-none-eabi/lib/armv7e-m/crt0.o
LOAD ./Sources/Events.o
LOAD ./Sources/main.o
LOAD ./Project_Settings/Startup_Code/startup.o
LOAD ./Generated_Code/AS1.o
LOAD ./Generated_Code/ASerialLdd2.o
LOAD ./Generated_Code/Blue.o
LOAD ./Generated_Code/Cpu.o
LOAD ./Generated_Code/CsIO1.o
LOAD ./Generated_Code/FC321.o
LOAD ./Generated_Code/Green.o
LOAD ./Generated_Code/I2C.o
LOAD ./Generated_Code/IO1.o
LOAD ./Generated_Code/Inhr1.o
LOAD ./Generated_Code/IntI2cLdd1.o
LOAD ./Generated_Code/PE_LDD.o
LOAD ./Generated_Code/PwmLdd1.o
LOAD ./Generated_Code/PwmLdd2.o
LOAD ./Generated_Code/PwmLdd3.o
LOAD ./Generated_Code/RealTimeLdd1.o
LOAD ./Generated_Code/Red.o
LOAD ./Generated_Code/TU1.o
LOAD ./Generated_Code/TU2.o
LOAD ./Generated_Code/Vectors.o
LOAD c:/freescale/kds_3.0.0/toolchain/bin/../lib/gcc/arm-none-eabi/4.8.4/../../../../arm-none-eabi/lib/armv7e-m\libstdc++_s.a
LOAD c:/freescale/kds_3.0.0/toolchain/bin/../lib/gcc/arm-none-eabi/4.8.4/../../../../arm-none-eabi/lib/armv7e-m\libm.a
START GROUP
LOAD c:/freescale/kds_3.0.0/toolchain/bin/../lib/gcc/arm-none-eabi/4.8.4/armv7e-m\libgcc.a
LOAD c:/freescale/kds_3.0.0/toolchain/bin/../lib/gcc/arm-none-eabi/4.8.4/../../../../arm-none-eabi/lib/armv7e-m\libg_s.a
LOAD c:/freescale/kds_3.0.0/toolchain/bin/../lib/gcc/arm-none-eabi/4.8.4/../../../../arm-none-eabi/lib/armv7e-m\libc_s.a
END GROUP
START GROUP
LOAD c:/freescale/kds_3.0.0/toolchain/bin/../lib/gcc/arm-none-eabi/4.8.4/armv7e-m\libgcc.a
LOAD c:/freescale/kds_3.0.0/toolchain/bin/../lib/gcc/arm-none-eabi/4.8.4/../../../../arm-none-eabi/lib/armv7e-m\libc_s.a
LOAD c:/freescale/kds_3.0.0/toolchain/bin/../lib/gcc/arm-none-eabi/4.8.4/../../../../arm-none-eabi/lib/armv7e-m\libnosys.a
END GROUP
START GROUP
LOAD c:/freescale/kds_3.0.0/toolchain/bin/../lib/gcc/arm-none-eabi/4.8.4/armv7e-m\libgcc.a
LOAD c:/freescale/kds_3.0.0/toolchain/bin/../lib/gcc/arm-none-eabi/4.8.4/../../../../arm-none-eabi/lib/armv7e-m\libc_s.a
LOAD c:/freescale/kds_3.0.0/toolchain/bin/../lib/gcc/arm-none-eabi/4.8.4/../../../../arm-none-eabi/lib/armv7e-m\libnosys.a
END GROUP
LOAD c:/freescale/kds_3.0.0/toolchain/bin/../lib/gcc/arm-none-eabi/4.8.4/armv7e-m/crtend.o
LOAD c:/freescale/kds_3.0.0/toolchain/bin/../lib/gcc/arm-none-eabi/4.8.4/armv7e-m/crtn.o
                0x20000000                _estack = 0x20000000
                0x20000000                __SP_INIT = _estack
                0x20000000                __stack = _estack
                0x00000000                __heap_size = 0x0
                0x00000400                __stack_size = 0x400

.interrupts     0x00000000       0xf8
                0x00000000                __vector_table = .
                0x00000000                . = ALIGN (0x4)
 *(.vectortable)
 .vectortable   0x00000000       0xf8 ./Generated_Code/Vectors.o
                0x00000000                __vect_table
                0x000000f8                . = ALIGN (0x4)

.cfmprotect     0x00000400       0x10
                0x00000400                . = ALIGN (0x4)
 *(.cfmconfig)
 .cfmconfig     0x00000400       0x10 ./Generated_Code/Cpu.o
                0x00000400                _cfm
                0x00000410                . = ALIGN (0x4)

.text           0x00000410     0x35d0
                0x00000410                . = ALIGN (0x4)
 *(.text)
 .text          0x00000410       0x54 c:/freescale/kds_3.0.0/toolchain/bin/../lib/gcc/arm-none-eabi/4.8.4/armv7e-m/crtbegin.o
 .text          0x00000464       0x74 c:/freescale/kds_3.0.0/toolchain/bin/../lib/gcc/arm-none-eabi/4.8.4/../../../../arm-none-eabi/lib/armv7e-m/crt0.o
                0x00000464                _start
                0x00000464                _mainCRTStartup
 .text          0x000004d8      0x370 c:/freescale/kds_3.0.0/toolchain/bin/../lib/gcc/arm-none-eabi/4.8.4/armv7e-m\libgcc.a(_arm_addsubdf3.o)
                0x000004d8                __aeabi_drsub
                0x000004e0                __aeabi_dsub
                0x000004e0                __subdf3
                0x000004e4                __aeabi_dadd
                0x000004e4                __adddf3
                0x0000075c                __floatunsidf
                0x0000075c                __aeabi_ui2d
                0x0000077c                __floatsidf
                0x0000077c                __aeabi_i2d
                0x000007a0                __aeabi_f2d
                0x000007a0                __extendsfdf2
                0x000007dc                __floatundidf
                0x000007dc                __aeabi_ul2d
                0x000007ec                __floatdidf
                0x000007ec                __aeabi_l2d
 .text          0x00000848       0x40 c:/freescale/kds_3.0.0/toolchain/bin/../lib/gcc/arm-none-eabi/4.8.4/armv7e-m\libgcc.a(_arm_fixunsdfsi.o)
                0x00000848                __aeabi_d2uiz
                0x00000848                __fixunsdfsi
 *(.text*)
 .text.Cpu_OnNMIINT
                0x00000888        0xc ./Sources/Events.o
                0x00000888                Cpu_OnNMIINT
 .text.send_string
                0x00000894       0x14 ./Sources/main.o
                0x00000894                send_string
 .text.main     0x000008a8      0x1c0 ./Sources/main.o
                0x000008a8                main
 .text.__copy_rom_section
                0x00000a68       0xe4 ./Project_Settings/Startup_Code/startup.o
                0x00000a68                __copy_rom_section
 .text.__copy_rom_sections_to_ram
                0x00000b4c       0x9c ./Project_Settings/Startup_Code/startup.o
                0x00000b4c                __copy_rom_sections_to_ram
 .text.__init_registers
                0x00000be8        0xc ./Project_Settings/Startup_Code/startup.o
                0x00000be8                __init_registers
 .text.__init_user
                0x00000bf4        0xc ./Project_Settings/Startup_Code/startup.o
                0x00000bf4                __init_user
 .text.__thumb_startup
                0x00000c00       0x34 ./Project_Settings/Startup_Code/startup.o
                0x00000c00                __thumb_startup
 .text.AS1_SendStr
                0x00000c34       0x34 ./Generated_Code/AS1.o
                0x00000c34                AS1_SendStr
 .text.ASerialLdd2_Init
                0x00000c68      0x160 ./Generated_Code/ASerialLdd2.o
                0x00000c68                ASerialLdd2_Init
 .text.ASerialLdd2_ReceiveBlock
                0x00000dc8       0x48 ./Generated_Code/ASerialLdd2.o
                0x00000dc8                ASerialLdd2_ReceiveBlock
 .text.ASerialLdd2_SendBlock
                0x00000e10       0x58 ./Generated_Code/ASerialLdd2.o
                0x00000e10                ASerialLdd2_SendBlock
 .text.InterruptRx
                0x00000e68       0x50 ./Generated_Code/ASerialLdd2.o
 .text.InterruptTx
                0x00000eb8       0x60 ./Generated_Code/ASerialLdd2.o
 .text.ASerialLdd2_Main
                0x00000f18       0xd8 ./Generated_Code/ASerialLdd2.o
                0x00000f18                ASerialLdd2_Main
 .text.Cpu_INT_NMIInterrupt
                0x00000ff0       0x1c ./Generated_Code/Cpu.o
                0x00000ff0                Cpu_INT_NMIInterrupt
 .text.Cpu_Interrupt
                0x0000100c       0x18 ./Generated_Code/Cpu.o
                0x0000100c                Cpu_Interrupt
 .text.__init_hardware
                0x00001024      0x11c ./Generated_Code/Cpu.o
                0x00001024                __init_hardware
 .text.Cpu_SetBASEPRI
                0x00001140       0x18 ./Generated_Code/Cpu.o
                0x00001140                Cpu_SetBASEPRI
 .text.PE_low_level_init
                0x00001158       0xcc ./Generated_Code/Cpu.o
                0x00001158                PE_low_level_init
 .text._read    0x00001224       0x7c ./Generated_Code/CsIO1.o
                0x00001224                _read
 .text._write   0x000012a0       0x74 ./Generated_Code/CsIO1.o
                0x000012a0                _write
 .text.I2C_SendChar
                0x00001314       0x2c ./Generated_Code/I2C.o
                0x00001314                I2C_SendChar
 .text.I2C_SendBlock
                0x00001340      0x134 ./Generated_Code/I2C.o
                0x00001340                I2C_SendBlock
 .text.I2C_RecvBlock
                0x00001474      0x12c ./Generated_Code/I2C.o
                0x00001474                I2C_RecvBlock
 .text.I2C_Init
                0x000015a0       0x18 ./Generated_Code/I2C.o
                0x000015a0                I2C_Init
 .text.IO1_Init
                0x000015b8      0x15c ./Generated_Code/IO1.o
                0x000015b8                IO1_Init
 .text.HWEnDi   0x00001714       0x1c ./Generated_Code/Inhr1.o
 .text.Inhr1_SendChar
                0x00001730       0x5c ./Generated_Code/Inhr1.o
                0x00001730                Inhr1_SendChar
 .text.Inhr1_Init
                0x0000178c       0x24 ./Generated_Code/Inhr1.o
                0x0000178c                Inhr1_Init
 .text.ASerialLdd2_OnBreak
                0x000017b0       0x24 ./Generated_Code/Inhr1.o
                0x000017b0                ASerialLdd2_OnBreak
 .text.IntI2cLdd1_Main
                0x000017d4      0x2e0 ./Generated_Code/IntI2cLdd1.o
                0x000017d4                IntI2cLdd1_Main
 .text.IntI2cLdd1_Init
                0x00001ab4      0x104 ./Generated_Code/IntI2cLdd1.o
                0x00001ab4                IntI2cLdd1_Init
 .text.IntI2cLdd1_MasterSendBlock
                0x00001bb8      0x158 ./Generated_Code/IntI2cLdd1.o
                0x00001bb8                IntI2cLdd1_MasterSendBlock
 .text.IntI2cLdd1_MasterGetBlockSentStatus
                0x00001d10       0x30 ./Generated_Code/IntI2cLdd1.o
                0x00001d10                IntI2cLdd1_MasterGetBlockSentStatus
 .text.IntI2cLdd1_MasterGetSentDataNum
                0x00001d40       0x18 ./Generated_Code/IntI2cLdd1.o
                0x00001d40                IntI2cLdd1_MasterGetSentDataNum
 .text.IntI2cLdd1_MasterReceiveBlock
                0x00001d58      0x154 ./Generated_Code/IntI2cLdd1.o
                0x00001d58                IntI2cLdd1_MasterReceiveBlock
 .text.IntI2cLdd1_MasterGetBlockReceivedStatus
                0x00001eac       0x38 ./Generated_Code/IntI2cLdd1.o
                0x00001eac                IntI2cLdd1_MasterGetBlockReceivedStatus
 .text.IntI2cLdd1_MasterGetReceivedDataNum
                0x00001ee4       0x18 ./Generated_Code/IntI2cLdd1.o
                0x00001ee4                IntI2cLdd1_MasterGetReceivedDataNum
 .text.IntI2cLdd1_GetError
                0x00001efc       0x38 ./Generated_Code/IntI2cLdd1.o
                0x00001efc                IntI2cLdd1_GetError
 .text.IntI2cLdd1_CheckBus
                0x00001f34       0x48 ./Generated_Code/IntI2cLdd1.o
                0x00001f34                IntI2cLdd1_CheckBus
 .text.HWEnDi   0x00001f7c       0x48 ./Generated_Code/IntI2cLdd1.o
 .text.PwmLdd1_Init
                0x00001fc4       0x54 ./Generated_Code/PwmLdd1.o
                0x00001fc4                PwmLdd1_Init
 .text.PwmLdd1_SetRatio16
                0x00002018       0x28 ./Generated_Code/PwmLdd1.o
                0x00002018                PwmLdd1_SetRatio16
 .text.SetRatio
                0x00002040       0x54 ./Generated_Code/PwmLdd1.o
 .text.PwmLdd2_Init
                0x00002094       0x54 ./Generated_Code/PwmLdd2.o
                0x00002094                PwmLdd2_Init
 .text.PwmLdd2_SetRatio16
                0x000020e8       0x28 ./Generated_Code/PwmLdd2.o
                0x000020e8                PwmLdd2_SetRatio16
 .text.SetRatio
                0x00002110       0x54 ./Generated_Code/PwmLdd2.o
 .text.PwmLdd3_Init
                0x00002164       0x54 ./Generated_Code/PwmLdd3.o
                0x00002164                PwmLdd3_Init
 .text.PwmLdd3_SetRatio16
                0x000021b8       0x28 ./Generated_Code/PwmLdd3.o
                0x000021b8                PwmLdd3_SetRatio16
 .text.SetRatio
                0x000021e0       0x54 ./Generated_Code/PwmLdd3.o
 .text.RealTimeLdd1_Init
                0x00002234       0x5c ./Generated_Code/RealTimeLdd1.o
                0x00002234                RealTimeLdd1_Init
 .text.TU2_OnCounterRestart
                0x00002290       0x34 ./Generated_Code/RealTimeLdd1.o
                0x00002290                TU2_OnCounterRestart
 .text.TU1_Init
                0x000022c4      0x13c ./Generated_Code/TU1.o
                0x000022c4                TU1_Init
 .text.TU1_GetPeriodTicks
                0x00002400       0x30 ./Generated_Code/TU1.o
                0x00002400                TU1_GetPeriodTicks
 .text.TU1_SetOffsetTicks
                0x00002430       0x54 ./Generated_Code/TU1.o
                0x00002430                TU1_SetOffsetTicks
 .text.TU2_Init
                0x00002484       0xd4 ./Generated_Code/TU2.o
                0x00002484                TU2_Init
 .text.TU2_Interrupt
                0x00002558       0x6c ./Generated_Code/TU2.o
                0x00002558                TU2_Interrupt
 .text.exit     0x000025c4       0x28 c:/freescale/kds_3.0.0/toolchain/bin/../lib/gcc/arm-none-eabi/4.8.4/../../../../arm-none-eabi/lib/armv7e-m\libg_s.a(lib_a-exit.o)
                0x000025c4                exit
 .text.__libc_init_array
                0x000025ec       0x4c c:/freescale/kds_3.0.0/toolchain/bin/../lib/gcc/arm-none-eabi/4.8.4/../../../../arm-none-eabi/lib/armv7e-m\libg_s.a(lib_a-init.o)
                0x000025ec                __libc_init_array
 .text.memset   0x00002638       0x10 c:/freescale/kds_3.0.0/toolchain/bin/../lib/gcc/arm-none-eabi/4.8.4/../../../../arm-none-eabi/lib/armv7e-m\libg_s.a(lib_a-memset.o)
                0x00002638                memset
 .text.printf   0x00002648       0x30 c:/freescale/kds_3.0.0/toolchain/bin/../lib/gcc/arm-none-eabi/4.8.4/../../../../arm-none-eabi/lib/armv7e-m\libg_s.a(lib_a-printf.o)
                0x00002648                iprintf
                0x00002648                printf
 .text._puts_r  0x00002678       0xc0 c:/freescale/kds_3.0.0/toolchain/bin/../lib/gcc/arm-none-eabi/4.8.4/../../../../arm-none-eabi/lib/armv7e-m\libg_s.a(lib_a-puts.o)
                0x00002678                _puts_r
 .text.puts     0x00002738       0x10 c:/freescale/kds_3.0.0/toolchain/bin/../lib/gcc/arm-none-eabi/4.8.4/../../../../arm-none-eabi/lib/armv7e-m\libg_s.a(lib_a-puts.o)
                0x00002738                puts
 .text.snprintf
                0x00002748       0x64 c:/freescale/kds_3.0.0/toolchain/bin/../lib/gcc/arm-none-eabi/4.8.4/../../../../arm-none-eabi/lib/armv7e-m\libg_s.a(lib_a-snprintf.o)
                0x00002748                sniprintf
                0x00002748                snprintf
 .text.__ssputs_r
                0x000027ac       0xb8 c:/freescale/kds_3.0.0/toolchain/bin/../lib/gcc/arm-none-eabi/4.8.4/../../../../arm-none-eabi/lib/armv7e-m\libg_s.a(lib_a-svfprintf.o)
                0x000027ac                __ssputs_r
 .text._svfprintf_r
                0x00002864      0x1dc c:/freescale/kds_3.0.0/toolchain/bin/../lib/gcc/arm-none-eabi/4.8.4/../../../../arm-none-eabi/lib/armv7e-m\libg_s.a(lib_a-svfprintf.o)
                0x00002864                _svfiprintf_r
                0x00002864                _svfprintf_r
 .text.__sfputc_r
                0x00002a40       0x2c c:/freescale/kds_3.0.0/toolchain/bin/../lib/gcc/arm-none-eabi/4.8.4/../../../../arm-none-eabi/lib/armv7e-m\libg_s.a(lib_a-vfprintf.o)
 .text.__sfputs_r
                0x00002a6c       0x24 c:/freescale/kds_3.0.0/toolchain/bin/../lib/gcc/arm-none-eabi/4.8.4/../../../../arm-none-eabi/lib/armv7e-m\libg_s.a(lib_a-vfprintf.o)
                0x00002a6c                __sfputs_r
 .text._vfprintf_r
                0x00002a90      0x208 c:/freescale/kds_3.0.0/toolchain/bin/../lib/gcc/arm-none-eabi/4.8.4/../../../../arm-none-eabi/lib/armv7e-m\libg_s.a(lib_a-vfprintf.o)
                0x00002a90                _vfprintf_r
                0x00002a90                _vfiprintf_r
 .text._printf_common
                0x00002c98       0xe4 c:/freescale/kds_3.0.0/toolchain/bin/../lib/gcc/arm-none-eabi/4.8.4/../../../../arm-none-eabi/lib/armv7e-m\libg_s.a(lib_a-vfprintf_i.o)
                0x00002c98                _printf_common
 .text._printf_i
                0x00002d7c      0x228 c:/freescale/kds_3.0.0/toolchain/bin/../lib/gcc/arm-none-eabi/4.8.4/../../../../arm-none-eabi/lib/armv7e-m\libg_s.a(lib_a-vfprintf_i.o)
                0x00002d7c                _printf_i
 .text.__swbuf_r
                0x00002fa4       0xa8 c:/freescale/kds_3.0.0/toolchain/bin/../lib/gcc/arm-none-eabi/4.8.4/../../../../arm-none-eabi/lib/armv7e-m\libg_s.a(lib_a-wbuf.o)
                0x00002fa4                __swbuf_r
 .text.__swsetup_r
                0x0000304c       0xdc c:/freescale/kds_3.0.0/toolchain/bin/../lib/gcc/arm-none-eabi/4.8.4/../../../../arm-none-eabi/lib/armv7e-m\libg_s.a(lib_a-wsetup.o)
                0x0000304c                __swsetup_r
 .text.__sflush_r
                0x00003128      0x106 c:/freescale/kds_3.0.0/toolchain/bin/../lib/gcc/arm-none-eabi/4.8.4/../../../../arm-none-eabi/lib/armv7e-m\libg_s.a(lib_a-fflush.o)
                0x00003128                __sflush_r
 *fill*         0x0000322e        0x2 
 .text._fflush_r
                0x00003230       0x54 c:/freescale/kds_3.0.0/toolchain/bin/../lib/gcc/arm-none-eabi/4.8.4/../../../../arm-none-eabi/lib/armv7e-m\libg_s.a(lib_a-fflush.o)
                0x00003230                _fflush_r
 .text._cleanup_r
                0x00003284       0x32 c:/freescale/kds_3.0.0/toolchain/bin/../lib/gcc/arm-none-eabi/4.8.4/../../../../arm-none-eabi/lib/armv7e-m\libg_s.a(lib_a-findfp.o)
                0x00003284                _cleanup_r
 *fill*         0x000032b6        0x2 
 .text.std.isra.0
                0x000032b8       0x48 c:/freescale/kds_3.0.0/toolchain/bin/../lib/gcc/arm-none-eabi/4.8.4/../../../../arm-none-eabi/lib/armv7e-m\libg_s.a(lib_a-findfp.o)
 .text.__sfmoreglue
                0x00003300       0x2c c:/freescale/kds_3.0.0/toolchain/bin/../lib/gcc/arm-none-eabi/4.8.4/../../../../arm-none-eabi/lib/armv7e-m\libg_s.a(lib_a-findfp.o)
                0x00003300                __sfmoreglue
 .text.__sinit  0x0000332c       0x60 c:/freescale/kds_3.0.0/toolchain/bin/../lib/gcc/arm-none-eabi/4.8.4/../../../../arm-none-eabi/lib/armv7e-m\libg_s.a(lib_a-findfp.o)
                0x0000332c                __sinit
 .text.__sfp    0x0000338c       0x74 c:/freescale/kds_3.0.0/toolchain/bin/../lib/gcc/arm-none-eabi/4.8.4/../../../../arm-none-eabi/lib/armv7e-m\libg_s.a(lib_a-findfp.o)
                0x0000338c                __sfp
 .text.__smakebuf_r
                0x00003400       0x9c c:/freescale/kds_3.0.0/toolchain/bin/../lib/gcc/arm-none-eabi/4.8.4/../../../../arm-none-eabi/lib/armv7e-m\libg_s.a(lib_a-makebuf.o)
                0x00003400                __smakebuf_r
 .text.memchr   0x0000349c       0x1e c:/freescale/kds_3.0.0/toolchain/bin/../lib/gcc/arm-none-eabi/4.8.4/../../../../arm-none-eabi/lib/armv7e-m\libg_s.a(lib_a-memchr-stub.o)
                0x0000349c                memchr
 .text.memcpy   0x000034ba       0x12 c:/freescale/kds_3.0.0/toolchain/bin/../lib/gcc/arm-none-eabi/4.8.4/../../../../arm-none-eabi/lib/armv7e-m\libg_s.a(lib_a-memcpy-stub.o)
                0x000034ba                memcpy
 .text.memmove  0x000034cc       0x36 c:/freescale/kds_3.0.0/toolchain/bin/../lib/gcc/arm-none-eabi/4.8.4/../../../../arm-none-eabi/lib/armv7e-m\libg_s.a(lib_a-memmove.o)
                0x000034cc                memmove
 *fill*         0x00003502        0x2 
 .text._free_r  0x00003504       0x88 c:/freescale/kds_3.0.0/toolchain/bin/../lib/gcc/arm-none-eabi/4.8.4/../../../../arm-none-eabi/lib/armv7e-m\libg_s.a(lib_a-nano-freer.o)
                0x00003504                _free_r
 .text._malloc_r
                0x0000358c       0xa8 c:/freescale/kds_3.0.0/toolchain/bin/../lib/gcc/arm-none-eabi/4.8.4/../../../../arm-none-eabi/lib/armv7e-m\libg_s.a(lib_a-nano-mallocr.o)
                0x0000358c                _malloc_r
 .text._realloc_r
                0x00003634       0x4c c:/freescale/kds_3.0.0/toolchain/bin/../lib/gcc/arm-none-eabi/4.8.4/../../../../arm-none-eabi/lib/armv7e-m\libg_s.a(lib_a-nano-reallocr.o)
                0x00003634                _realloc_r
 .text._sbrk_r  0x00003680       0x20 c:/freescale/kds_3.0.0/toolchain/bin/../lib/gcc/arm-none-eabi/4.8.4/../../../../arm-none-eabi/lib/armv7e-m\libg_s.a(lib_a-sbrkr.o)
                0x00003680                _sbrk_r
 .text.__sread  0x000036a0       0x22 c:/freescale/kds_3.0.0/toolchain/bin/../lib/gcc/arm-none-eabi/4.8.4/../../../../arm-none-eabi/lib/armv7e-m\libg_s.a(lib_a-stdio.o)
                0x000036a0                __sread
 .text.__swrite
                0x000036c2       0x38 c:/freescale/kds_3.0.0/toolchain/bin/../lib/gcc/arm-none-eabi/4.8.4/../../../../arm-none-eabi/lib/armv7e-m\libg_s.a(lib_a-stdio.o)
                0x000036c2                __swrite
 .text.__sseek  0x000036fa       0x24 c:/freescale/kds_3.0.0/toolchain/bin/../lib/gcc/arm-none-eabi/4.8.4/../../../../arm-none-eabi/lib/armv7e-m\libg_s.a(lib_a-stdio.o)
                0x000036fa                __sseek
 .text.__sclose
                0x0000371e        0x8 c:/freescale/kds_3.0.0/toolchain/bin/../lib/gcc/arm-none-eabi/4.8.4/../../../../arm-none-eabi/lib/armv7e-m\libg_s.a(lib_a-stdio.o)
                0x0000371e                __sclose
 .text.strlen   0x00003726       0x10 c:/freescale/kds_3.0.0/toolchain/bin/../lib/gcc/arm-none-eabi/4.8.4/../../../../arm-none-eabi/lib/armv7e-m\libg_s.a(lib_a-strlen.o)
                0x00003726                strlen
 *fill*         0x00003736        0x2 
 .text._write_r
                0x00003738       0x24 c:/freescale/kds_3.0.0/toolchain/bin/../lib/gcc/arm-none-eabi/4.8.4/../../../../arm-none-eabi/lib/armv7e-m\libg_s.a(lib_a-writer.o)
                0x00003738                _write_r
 .text._close_r
                0x0000375c       0x20 c:/freescale/kds_3.0.0/toolchain/bin/../lib/gcc/arm-none-eabi/4.8.4/../../../../arm-none-eabi/lib/armv7e-m\libg_s.a(lib_a-closer.o)
                0x0000375c                _close_r
 .text._fstat_r
                0x0000377c       0x24 c:/freescale/kds_3.0.0/toolchain/bin/../lib/gcc/arm-none-eabi/4.8.4/../../../../arm-none-eabi/lib/armv7e-m\libg_s.a(lib_a-fstatr.o)
                0x0000377c                _fstat_r
 .text._isatty_r
                0x000037a0       0x20 c:/freescale/kds_3.0.0/toolchain/bin/../lib/gcc/arm-none-eabi/4.8.4/../../../../arm-none-eabi/lib/armv7e-m\libg_s.a(lib_a-isattyr.o)
                0x000037a0                _isatty_r
 .text._lseek_r
                0x000037c0       0x24 c:/freescale/kds_3.0.0/toolchain/bin/../lib/gcc/arm-none-eabi/4.8.4/../../../../arm-none-eabi/lib/armv7e-m\libg_s.a(lib_a-lseekr.o)
                0x000037c0                _lseek_r
 .text._malloc_usable_size_r
                0x000037e4       0x12 c:/freescale/kds_3.0.0/toolchain/bin/../lib/gcc/arm-none-eabi/4.8.4/../../../../arm-none-eabi/lib/armv7e-m\libg_s.a(lib_a-nano-msizer.o)
                0x000037e4                _malloc_usable_size_r
 *fill*         0x000037f6        0x2 
 .text._read_r  0x000037f8       0x24 c:/freescale/kds_3.0.0/toolchain/bin/../lib/gcc/arm-none-eabi/4.8.4/../../../../arm-none-eabi/lib/armv7e-m\libg_s.a(lib_a-readr.o)
                0x000037f8                _read_r
 .text._close   0x0000381c       0x10 c:/freescale/kds_3.0.0/toolchain/bin/../lib/gcc/arm-none-eabi/4.8.4/../../../../arm-none-eabi/lib/armv7e-m\libnosys.a(close.o)
                0x0000381c                _close
 .text._fstat   0x0000382c       0x10 c:/freescale/kds_3.0.0/toolchain/bin/../lib/gcc/arm-none-eabi/4.8.4/../../../../arm-none-eabi/lib/armv7e-m\libnosys.a(fstat.o)
                0x0000382c                _fstat
 .text._isatty  0x0000383c       0x10 c:/freescale/kds_3.0.0/toolchain/bin/../lib/gcc/arm-none-eabi/4.8.4/../../../../arm-none-eabi/lib/armv7e-m\libnosys.a(isatty.o)
                0x0000383c                _isatty
 .text._lseek   0x0000384c       0x10 c:/freescale/kds_3.0.0/toolchain/bin/../lib/gcc/arm-none-eabi/4.8.4/../../../../arm-none-eabi/lib/armv7e-m\libnosys.a(lseek.o)
                0x0000384c                _lseek
 .text._sbrk    0x0000385c       0x34 c:/freescale/kds_3.0.0/toolchain/bin/../lib/gcc/arm-none-eabi/4.8.4/../../../../arm-none-eabi/lib/armv7e-m\libnosys.a(sbrk.o)
                0x0000385c                _sbrk
 .text._exit    0x00003890        0x4 c:/freescale/kds_3.0.0/toolchain/bin/../lib/gcc/arm-none-eabi/4.8.4/../../../../arm-none-eabi/lib/armv7e-m\libnosys.a(_exit.o)
                0x00003890                _exit
 *(.rodata)
 .rodata        0x00003894       0x90 ./Sources/main.o
 *(.rodata*)
 .rodata.ChannelDevice
                0x00003924        0x4 ./Generated_Code/TU1.o
 .rodata.ChannelMode
                0x00003928        0x4 ./Generated_Code/TU1.o
 .rodata.str1.1
                0x0000392c        0x2 c:/freescale/kds_3.0.0/toolchain/bin/../lib/gcc/arm-none-eabi/4.8.4/../../../../arm-none-eabi/lib/armv7e-m\libg_s.a(lib_a-impure.o)
 *fill*         0x0000392e        0x2 
 .rodata._global_impure_ptr
                0x00003930        0x4 c:/freescale/kds_3.0.0/toolchain/bin/../lib/gcc/arm-none-eabi/4.8.4/../../../../arm-none-eabi/lib/armv7e-m\libg_s.a(lib_a-impure.o)
                0x00003930                _global_impure_ptr
 .rodata.str1.1
                0x00003934       0x11 c:/freescale/kds_3.0.0/toolchain/bin/../lib/gcc/arm-none-eabi/4.8.4/../../../../arm-none-eabi/lib/armv7e-m\libg_s.a(lib_a-svfprintf.o)
 .rodata.str1.1
                0x00000000       0x11 c:/freescale/kds_3.0.0/toolchain/bin/../lib/gcc/arm-none-eabi/4.8.4/../../../../arm-none-eabi/lib/armv7e-m\libg_s.a(lib_a-vfprintf.o)
 .rodata.str1.1
                0x00003945       0x22 c:/freescale/kds_3.0.0/toolchain/bin/../lib/gcc/arm-none-eabi/4.8.4/../../../../arm-none-eabi/lib/armv7e-m\libg_s.a(lib_a-vfprintf_i.o)
 *fill*         0x00003967        0x1 
 .rodata.__sf_fake_stdin
                0x00003968       0x20 c:/freescale/kds_3.0.0/toolchain/bin/../lib/gcc/arm-none-eabi/4.8.4/../../../../arm-none-eabi/lib/armv7e-m\libg_s.a(lib_a-findfp.o)
                0x00003968                __sf_fake_stdin
 .rodata.__sf_fake_stdout
                0x00003988       0x20 c:/freescale/kds_3.0.0/toolchain/bin/../lib/gcc/arm-none-eabi/4.8.4/../../../../arm-none-eabi/lib/armv7e-m\libg_s.a(lib_a-findfp.o)
                0x00003988                __sf_fake_stdout
 .rodata.__sf_fake_stderr
                0x000039a8       0x20 c:/freescale/kds_3.0.0/toolchain/bin/../lib/gcc/arm-none-eabi/4.8.4/../../../../arm-none-eabi/lib/armv7e-m\libg_s.a(lib_a-findfp.o)
                0x000039a8                __sf_fake_stderr
 *(.glue_7)
 .glue_7        0x00000000        0x0 linker stubs
 *(.glue_7t)
 .glue_7t       0x00000000        0x0 linker stubs
 *(.eh_frame)
 .eh_frame      0x000039c8        0x0 c:/freescale/kds_3.0.0/toolchain/bin/../lib/gcc/arm-none-eabi/4.8.4/armv7e-m/crtbegin.o
 *(.init)
 .init          0x000039c8        0x4 c:/freescale/kds_3.0.0/toolchain/bin/../lib/gcc/arm-none-eabi/4.8.4/armv7e-m/crti.o
                0x000039c8                _init
 .init          0x000039cc        0x8 c:/freescale/kds_3.0.0/toolchain/bin/../lib/gcc/arm-none-eabi/4.8.4/armv7e-m/crtn.o
 *(.fini)
 .fini          0x000039d4        0x4 c:/freescale/kds_3.0.0/toolchain/bin/../lib/gcc/arm-none-eabi/4.8.4/armv7e-m/crti.o
                0x000039d4                _fini
 .fini          0x000039d8        0x8 c:/freescale/kds_3.0.0/toolchain/bin/../lib/gcc/arm-none-eabi/4.8.4/armv7e-m/crtn.o
                0x000039e0                . = ALIGN (0x4)
                0x000039e0                _etext = .

.vfp11_veneer   0x000039e0        0x0
 .vfp11_veneer  0x00000000        0x0 linker stubs

.v4_bx          0x000039e0        0x0
 .v4_bx         0x00000000        0x0 linker stubs

.iplt           0x000039e0        0x0
 .iplt          0x00000000        0x0 c:/freescale/kds_3.0.0/toolchain/bin/../lib/gcc/arm-none-eabi/4.8.4/armv7e-m/crtbegin.o

.ARM.extab
 *(.ARM.extab* .gnu.linkonce.armextab.*)

.ARM            0x000039e0        0x8
                0x000039e0                __exidx_start = .
 *(.ARM.exidx*)
 .ARM.exidx     0x000039e0        0x8 c:/freescale/kds_3.0.0/toolchain/bin/../lib/gcc/arm-none-eabi/4.8.4/../../../../arm-none-eabi/lib/armv7e-m/crt0.o
                0x000039e8                __exidx_end = .

.rel.dyn        0x000039e8        0x0
 .rel.iplt      0x00000000        0x0 c:/freescale/kds_3.0.0/toolchain/bin/../lib/gcc/arm-none-eabi/4.8.4/armv7e-m/crtbegin.o

.ctors          0x000039e8        0x0
                0x000039e8                __CTOR_LIST__ = .
 *crtbegin.o(.ctors)
 *(EXCLUDE_FILE(*crtend.o) .ctors)
 *(SORT(.ctors.*))
 *(.ctors)
                0x000039e8                __CTOR_END__ = .

.dtors          0x000039e8        0x0
                0x000039e8                __DTOR_LIST__ = .
 *crtbegin.o(.dtors)
 *(EXCLUDE_FILE(*crtend.o) .dtors)
 *(SORT(.dtors.*))
 *(.dtors)
                0x000039e8                __DTOR_END__ = .

.preinit_array  0x000039e8        0x0
                0x000039e8                PROVIDE (__preinit_array_start, .)
 *(.preinit_array*)
                0x000039e8                PROVIDE (__preinit_array_end, .)

.init_array     0x000039e8        0x4
                0x000039e8                PROVIDE (__init_array_start, .)
 *(SORT(.init_array.*))
 *(.init_array*)
 .init_array    0x000039e8        0x4 c:/freescale/kds_3.0.0/toolchain/bin/../lib/gcc/arm-none-eabi/4.8.4/armv7e-m/crtbegin.o
                0x000039ec                PROVIDE (__init_array_end, .)

.fini_array     0x000039ec        0x4
                0x000039ec                PROVIDE (__fini_array_start, .)
 *(SORT(.fini_array.*))
 *(.fini_array*)
 .fini_array    0x000039ec        0x4 c:/freescale/kds_3.0.0/toolchain/bin/../lib/gcc/arm-none-eabi/4.8.4/armv7e-m/crtbegin.o
                0x000039f0                PROVIDE (__fini_array_end, .)
                0x000039f0                ___ROM_AT = .

.data           0x1fffe000       0x64 load address 0x000039f0
                0x1fffe000                . = ALIGN (0x4)
                0x1fffe000                _sdata = .
 *(.data)
 *(.data*)
 .data.impure_data
                0x1fffe000       0x60 c:/freescale/kds_3.0.0/toolchain/bin/../lib/gcc/arm-none-eabi/4.8.4/../../../../arm-none-eabi/lib/armv7e-m\libg_s.a(lib_a-impure.o)
 .data._impure_ptr
                0x1fffe060        0x4 c:/freescale/kds_3.0.0/toolchain/bin/../lib/gcc/arm-none-eabi/4.8.4/../../../../arm-none-eabi/lib/armv7e-m\libg_s.a(lib_a-impure.o)
                0x1fffe060                _impure_ptr
                0x1fffe064                . = ALIGN (0x4)
                0x1fffe064                _edata = .
                0x00000064                ___data_size = (_edata - _sdata)
                0x00003a54                ___m_data_20000000_ROMStart = (___ROM_AT + SIZEOF (.data))

.jcr            0x1fffe064        0x0 load address 0x00003a54
 .jcr           0x1fffe064        0x0 c:/freescale/kds_3.0.0/toolchain/bin/../lib/gcc/arm-none-eabi/4.8.4/armv7e-m/crtbegin.o

.igot.plt       0x1fffe064        0x0 load address 0x00003a54
 .igot.plt      0x00000000        0x0 c:/freescale/kds_3.0.0/toolchain/bin/../lib/gcc/arm-none-eabi/4.8.4/armv7e-m/crtbegin.o

.m_data_20000000
                0x20000000        0x0 load address 0x00003a54
                0x20000000                . = ALIGN (0x4)
                0x20000000                ___m_data_20000000_RAMStart = .
 *(.m_data_20000000)
                0x20000000                ___m_data_20000000_RAMEnd = .
                0x20000000                . = ALIGN (0x4)
                0x00000000                ___m_data_20000000_ROMSize = (___m_data_20000000_RAMEnd - ___m_data_20000000_RAMStart)
                0x20000000                . = ALIGN (0x4)

.bss            0x1fffe064      0x108 load address 0x00003a54
                0x1fffe064                __START_BSS = .
                0x1fffe064                PROVIDE (__bss_start__, __START_BSS)
 *(.bss)
 .bss           0x1fffe064       0x1c c:/freescale/kds_3.0.0/toolchain/bin/../lib/gcc/arm-none-eabi/4.8.4/armv7e-m/crtbegin.o
 *(.bss*)
 .bss.DeviceDataPrv__DEFAULT_RTOS_ALLOC
                0x1fffe080       0x20 ./Generated_Code/ASerialLdd2.o
 .bss.ChrTemp   0x1fffe0a0        0x1 ./Generated_Code/I2C.o
 *fill*         0x1fffe0a1        0x3 
 .bss.DeviceDataPrv__DEFAULT_RTOS_ALLOC
                0x1fffe0a4       0x18 ./Generated_Code/IO1.o
 .bss.SerFlag   0x1fffe0bc        0x2 ./Generated_Code/Inhr1.o
 .bss.BufferRead
                0x1fffe0be        0x1 ./Generated_Code/Inhr1.o
 .bss.OutBuffer
                0x1fffe0bf        0x1 ./Generated_Code/Inhr1.o
 .bss.DeviceDataPrv__DEFAULT_RTOS_ALLOC
                0x1fffe0c0       0x1c ./Generated_Code/IntI2cLdd1.o
 .bss.PE_LDD_DeviceDataList
                0x1fffe0dc       0x24 ./Generated_Code/PE_LDD.o
                0x1fffe0dc                PE_LDD_DeviceDataList
 .bss.DeviceDataPrv__DEFAULT_RTOS_ALLOC
                0x1fffe100        0xc ./Generated_Code/PwmLdd1.o
 .bss.DeviceDataPrv__DEFAULT_RTOS_ALLOC
                0x1fffe10c        0xc ./Generated_Code/PwmLdd2.o
 .bss.DeviceDataPrv__DEFAULT_RTOS_ALLOC
                0x1fffe118        0xc ./Generated_Code/PwmLdd3.o
 .bss.DeviceDataPrv__DEFAULT_RTOS_ALLOC
                0x1fffe124       0x14 ./Generated_Code/RealTimeLdd1.o
 .bss.DeviceDataPrv__DEFAULT_RTOS_ALLOC
                0x1fffe138        0x8 ./Generated_Code/TU1.o
 .bss.DeviceDataPrv__DEFAULT_RTOS_ALLOC
                0x1fffe140        0xc ./Generated_Code/TU2.o
 .bss.INT_FTM1__DEFAULT_RTOS_ISRPARAM
                0x1fffe14c        0x4 ./Generated_Code/TU2.o
 .bss.__malloc_sbrk_start
                0x1fffe150        0x4 c:/freescale/kds_3.0.0/toolchain/bin/../lib/gcc/arm-none-eabi/4.8.4/../../../../arm-none-eabi/lib/armv7e-m\libg_s.a(lib_a-nano-mallocr.o)
                0x1fffe150                __malloc_sbrk_start
 .bss.__malloc_free_list
                0x1fffe154        0x4 c:/freescale/kds_3.0.0/toolchain/bin/../lib/gcc/arm-none-eabi/4.8.4/../../../../arm-none-eabi/lib/armv7e-m\libg_s.a(lib_a-nano-mallocr.o)
                0x1fffe154                __malloc_free_list
 .bss.heap_end.4246
                0x1fffe158        0x4 c:/freescale/kds_3.0.0/toolchain/bin/../lib/gcc/arm-none-eabi/4.8.4/../../../../arm-none-eabi/lib/armv7e-m\libnosys.a(sbrk.o)
 *(COMMON)
 COMMON         0x1fffe15c        0x8 ./Generated_Code/I2C.o
                0x1fffe15c                I2C_SndRcvTemp
                0x1fffe160                IntI2cLdd1_DeviceDataPtr
 COMMON         0x1fffe164        0x4 ./Generated_Code/Inhr1.o
                0x1fffe164                ASerialLdd2_DeviceDataPtr
 COMMON         0x1fffe168        0x4 c:/freescale/kds_3.0.0/toolchain/bin/../lib/gcc/arm-none-eabi/4.8.4/../../../../arm-none-eabi/lib/armv7e-m\libg_s.a(lib_a-reent.o)
                0x1fffe168                errno
                0x1fffe16c                . = ALIGN (0x4)
                0x1fffe16c                __END_BSS = .
                0x1fffe16c                PROVIDE (__bss_end__, __END_BSS)
                0x00003a54                _romp_at = ((___ROM_AT + SIZEOF (.data)) + SIZEOF (.m_data_20000000))

.romp           0x1fffe16c       0x24 load address 0x00003a54
                0x00003a54                __S_romp = _romp_at
                0x1fffe16c        0x4 LONG 0x39f0 ___ROM_AT
                0x1fffe170        0x4 LONG 0x1fffe000 _sdata
                0x1fffe174        0x4 LONG 0x64 ___data_size
                0x1fffe178        0x4 LONG 0x3a54 ___m_data_20000000_ROMStart
                0x1fffe17c        0x4 LONG 0x20000000 ___m_data_20000000_RAMStart
                0x1fffe180        0x4 LONG 0x0 ___m_data_20000000_ROMSize
                0x1fffe184        0x4 LONG 0x0
                0x1fffe188        0x4 LONG 0x0
                0x1fffe18c        0x4 LONG 0x0
                0x00020000                text_end = (ORIGIN (m_text) + 0x1fbf0)
                0x00003a78                data_init_end = ((___m_data_20000000_ROMStart + SIZEOF (.m_data_20000000)) + SIZEOF (.romp))
                0x00000001                ASSERT ((data_init_end <= text_end), region m_text overflowed with text and data)

._user_heap_stack
                0x1fffe190      0x400 load address 0x00003a78
                0x1fffe190                . = ALIGN (0x4)
                0x1fffe190                PROVIDE (end, .)
                0x1fffe190                PROVIDE (_end, .)
                0x1fffe190                PROVIDE (__end__, .)
                0x1fffe190                __heap_addr = .
                0x1fffe190                __HeapBase = .
                0x1fffe190                . = (. + __heap_size)
                0x1fffe190                __HeapLimit = .
                0x1fffe590                . = (. + __stack_size)
 *fill*         0x1fffe190      0x400 
                0x1fffe590                . = ALIGN (0x4)

.ARM.attributes
                0x00000000       0x2a
 *(.ARM.attributes)
 .ARM.attributes
                0x00000000       0x1e c:/freescale/kds_3.0.0/toolchain/bin/../lib/gcc/arm-none-eabi/4.8.4/armv7e-m/crti.o
 .ARM.attributes
                0x0000001e       0x2e c:/freescale/kds_3.0.0/toolchain/bin/../lib/gcc/arm-none-eabi/4.8.4/armv7e-m/crtbegin.o
 .ARM.attributes
                0x0000004c       0x1c c:/freescale/kds_3.0.0/toolchain/bin/../lib/gcc/arm-none-eabi/4.8.4/../../../../arm-none-eabi/lib/armv7e-m/crt0.o
 .ARM.attributes
                0x00000068       0x33 ./Sources/Events.o
 .ARM.attributes
                0x0000009b       0x33 ./Sources/main.o
 .ARM.attributes
                0x000000ce       0x33 ./Project_Settings/Startup_Code/startup.o
 .ARM.attributes
                0x00000101       0x33 ./Generated_Code/AS1.o
 .ARM.attributes
                0x00000134       0x33 ./Generated_Code/ASerialLdd2.o
 .ARM.attributes
                0x00000167       0x33 ./Generated_Code/Cpu.o
 .ARM.attributes
                0x0000019a       0x33 ./Generated_Code/CsIO1.o
 .ARM.attributes
                0x000001cd       0x33 ./Generated_Code/I2C.o
 .ARM.attributes
                0x00000200       0x33 ./Generated_Code/IO1.o
 .ARM.attributes
                0x00000233       0x33 ./Generated_Code/Inhr1.o
 .ARM.attributes
                0x00000266       0x33 ./Generated_Code/IntI2cLdd1.o
 .ARM.attributes
                0x00000299       0x33 ./Generated_Code/PE_LDD.o
 .ARM.attributes
                0x000002cc       0x33 ./Generated_Code/PwmLdd1.o
 .ARM.attributes
                0x000002ff       0x33 ./Generated_Code/PwmLdd2.o
 .ARM.attributes
                0x00000332       0x33 ./Generated_Code/PwmLdd3.o
 .ARM.attributes
                0x00000365       0x33 ./Generated_Code/RealTimeLdd1.o
 .ARM.attributes
                0x00000398       0x33 ./Generated_Code/TU1.o
 .ARM.attributes
                0x000003cb       0x33 ./Generated_Code/TU2.o
 .ARM.attributes
                0x000003fe       0x33 ./Generated_Code/Vectors.o
 .ARM.attributes
                0x00000431       0x1e c:/freescale/kds_3.0.0/toolchain/bin/../lib/gcc/arm-none-eabi/4.8.4/armv7e-m\libgcc.a(_arm_addsubdf3.o)
 .ARM.attributes
                0x0000044f       0x1e c:/freescale/kds_3.0.0/toolchain/bin/../lib/gcc/arm-none-eabi/4.8.4/armv7e-m\libgcc.a(_arm_fixunsdfsi.o)
 .ARM.attributes
                0x0000046d       0x2e c:/freescale/kds_3.0.0/toolchain/bin/../lib/gcc/arm-none-eabi/4.8.4/../../../../arm-none-eabi/lib/armv7e-m\libg_s.a(lib_a-exit.o)
 .ARM.attributes
                0x0000049b       0x2e c:/freescale/kds_3.0.0/toolchain/bin/../lib/gcc/arm-none-eabi/4.8.4/../../../../arm-none-eabi/lib/armv7e-m\libg_s.a(lib_a-impure.o)
 .ARM.attributes
                0x000004c9       0x2e c:/freescale/kds_3.0.0/toolchain/bin/../lib/gcc/arm-none-eabi/4.8.4/../../../../arm-none-eabi/lib/armv7e-m\libg_s.a(lib_a-init.o)
 .ARM.attributes
                0x000004f7       0x2e c:/freescale/kds_3.0.0/toolchain/bin/../lib/gcc/arm-none-eabi/4.8.4/../../../../arm-none-eabi/lib/armv7e-m\libg_s.a(lib_a-memset.o)
 .ARM.attributes
                0x00000525       0x2e c:/freescale/kds_3.0.0/toolchain/bin/../lib/gcc/arm-none-eabi/4.8.4/../../../../arm-none-eabi/lib/armv7e-m\libg_s.a(lib_a-printf.o)
 .ARM.attributes
                0x00000553       0x2e c:/freescale/kds_3.0.0/toolchain/bin/../lib/gcc/arm-none-eabi/4.8.4/../../../../arm-none-eabi/lib/armv7e-m\libg_s.a(lib_a-puts.o)
 .ARM.attributes
                0x00000581       0x2e c:/freescale/kds_3.0.0/toolchain/bin/../lib/gcc/arm-none-eabi/4.8.4/../../../../arm-none-eabi/lib/armv7e-m\libg_s.a(lib_a-snprintf.o)
 .ARM.attributes
                0x000005af       0x2e c:/freescale/kds_3.0.0/toolchain/bin/../lib/gcc/arm-none-eabi/4.8.4/../../../../arm-none-eabi/lib/armv7e-m\libg_s.a(lib_a-svfprintf.o)
 .ARM.attributes
                0x000005dd       0x2e c:/freescale/kds_3.0.0/toolchain/bin/../lib/gcc/arm-none-eabi/4.8.4/../../../../arm-none-eabi/lib/armv7e-m\libg_s.a(lib_a-vfprintf.o)
 .ARM.attributes
                0x0000060b       0x2e c:/freescale/kds_3.0.0/toolchain/bin/../lib/gcc/arm-none-eabi/4.8.4/../../../../arm-none-eabi/lib/armv7e-m\libg_s.a(lib_a-vfprintf_i.o)
 .ARM.attributes
                0x00000639       0x2e c:/freescale/kds_3.0.0/toolchain/bin/../lib/gcc/arm-none-eabi/4.8.4/../../../../arm-none-eabi/lib/armv7e-m\libg_s.a(lib_a-wbuf.o)
 .ARM.attributes
                0x00000667       0x2e c:/freescale/kds_3.0.0/toolchain/bin/../lib/gcc/arm-none-eabi/4.8.4/../../../../arm-none-eabi/lib/armv7e-m\libg_s.a(lib_a-wsetup.o)
 .ARM.attributes
                0x00000695       0x2e c:/freescale/kds_3.0.0/toolchain/bin/../lib/gcc/arm-none-eabi/4.8.4/../../../../arm-none-eabi/lib/armv7e-m\libg_s.a(lib_a-fflush.o)
 .ARM.attributes
                0x000006c3       0x2e c:/freescale/kds_3.0.0/toolchain/bin/../lib/gcc/arm-none-eabi/4.8.4/../../../../arm-none-eabi/lib/armv7e-m\libg_s.a(lib_a-findfp.o)
 .ARM.attributes
                0x000006f1       0x2e c:/freescale/kds_3.0.0/toolchain/bin/../lib/gcc/arm-none-eabi/4.8.4/../../../../arm-none-eabi/lib/armv7e-m\libg_s.a(lib_a-makebuf.o)
 .ARM.attributes
                0x0000071f       0x2e c:/freescale/kds_3.0.0/toolchain/bin/../lib/gcc/arm-none-eabi/4.8.4/../../../../arm-none-eabi/lib/armv7e-m\libg_s.a(lib_a-memchr-stub.o)
 .ARM.attributes
                0x0000074d       0x2e c:/freescale/kds_3.0.0/toolchain/bin/../lib/gcc/arm-none-eabi/4.8.4/../../../../arm-none-eabi/lib/armv7e-m\libg_s.a(lib_a-memcpy-stub.o)
 .ARM.attributes
                0x0000077b       0x2e c:/freescale/kds_3.0.0/toolchain/bin/../lib/gcc/arm-none-eabi/4.8.4/../../../../arm-none-eabi/lib/armv7e-m\libg_s.a(lib_a-memmove.o)
 .ARM.attributes
                0x000007a9       0x2e c:/freescale/kds_3.0.0/toolchain/bin/../lib/gcc/arm-none-eabi/4.8.4/../../../../arm-none-eabi/lib/armv7e-m\libg_s.a(lib_a-nano-freer.o)
 .ARM.attributes
                0x000007d7       0x2e c:/freescale/kds_3.0.0/toolchain/bin/../lib/gcc/arm-none-eabi/4.8.4/../../../../arm-none-eabi/lib/armv7e-m\libg_s.a(lib_a-nano-mallocr.o)
 .ARM.attributes
                0x00000805       0x2e c:/freescale/kds_3.0.0/toolchain/bin/../lib/gcc/arm-none-eabi/4.8.4/../../../../arm-none-eabi/lib/armv7e-m\libg_s.a(lib_a-nano-reallocr.o)
 .ARM.attributes
                0x00000833       0x2e c:/freescale/kds_3.0.0/toolchain/bin/../lib/gcc/arm-none-eabi/4.8.4/../../../../arm-none-eabi/lib/armv7e-m\libg_s.a(lib_a-sbrkr.o)
 .ARM.attributes
                0x00000861       0x2e c:/freescale/kds_3.0.0/toolchain/bin/../lib/gcc/arm-none-eabi/4.8.4/../../../../arm-none-eabi/lib/armv7e-m\libg_s.a(lib_a-stdio.o)
 .ARM.attributes
                0x0000088f       0x2e c:/freescale/kds_3.0.0/toolchain/bin/../lib/gcc/arm-none-eabi/4.8.4/../../../../arm-none-eabi/lib/armv7e-m\libg_s.a(lib_a-strlen.o)
 .ARM.attributes
                0x000008bd       0x2e c:/freescale/kds_3.0.0/toolchain/bin/../lib/gcc/arm-none-eabi/4.8.4/../../../../arm-none-eabi/lib/armv7e-m\libg_s.a(lib_a-writer.o)
 .ARM.attributes
                0x000008eb       0x2e c:/freescale/kds_3.0.0/toolchain/bin/../lib/gcc/arm-none-eabi/4.8.4/../../../../arm-none-eabi/lib/armv7e-m\libg_s.a(lib_a-closer.o)
 .ARM.attributes
                0x00000919       0x2e c:/freescale/kds_3.0.0/toolchain/bin/../lib/gcc/arm-none-eabi/4.8.4/../../../../arm-none-eabi/lib/armv7e-m\libg_s.a(lib_a-fstatr.o)
 .ARM.attributes
                0x00000947       0x2e c:/freescale/kds_3.0.0/toolchain/bin/../lib/gcc/arm-none-eabi/4.8.4/../../../../arm-none-eabi/lib/armv7e-m\libg_s.a(lib_a-isattyr.o)
 .ARM.attributes
                0x00000975       0x2e c:/freescale/kds_3.0.0/toolchain/bin/../lib/gcc/arm-none-eabi/4.8.4/../../../../arm-none-eabi/lib/armv7e-m\libg_s.a(lib_a-lseekr.o)
 .ARM.attributes
                0x000009a3       0x2e c:/freescale/kds_3.0.0/toolchain/bin/../lib/gcc/arm-none-eabi/4.8.4/../../../../arm-none-eabi/lib/armv7e-m\libg_s.a(lib_a-nano-msizer.o)
 .ARM.attributes
                0x000009d1       0x2e c:/freescale/kds_3.0.0/toolchain/bin/../lib/gcc/arm-none-eabi/4.8.4/../../../../arm-none-eabi/lib/armv7e-m\libg_s.a(lib_a-readr.o)
 .ARM.attributes
                0x000009ff       0x2e c:/freescale/kds_3.0.0/toolchain/bin/../lib/gcc/arm-none-eabi/4.8.4/../../../../arm-none-eabi/lib/armv7e-m\libg_s.a(lib_a-reent.o)
 .ARM.attributes
                0x00000a2d       0x2e c:/freescale/kds_3.0.0/toolchain/bin/../lib/gcc/arm-none-eabi/4.8.4/../../../../arm-none-eabi/lib/armv7e-m\libnosys.a(close.o)
 .ARM.attributes
                0x00000a5b       0x2e c:/freescale/kds_3.0.0/toolchain/bin/../lib/gcc/arm-none-eabi/4.8.4/../../../../arm-none-eabi/lib/armv7e-m\libnosys.a(fstat.o)
 .ARM.attributes
                0x00000a89       0x2e c:/freescale/kds_3.0.0/toolchain/bin/../lib/gcc/arm-none-eabi/4.8.4/../../../../arm-none-eabi/lib/armv7e-m\libnosys.a(isatty.o)
 .ARM.attributes
                0x00000ab7       0x2e c:/freescale/kds_3.0.0/toolchain/bin/../lib/gcc/arm-none-eabi/4.8.4/../../../../arm-none-eabi/lib/armv7e-m\libnosys.a(lseek.o)
 .ARM.attributes
                0x00000ae5       0x2e c:/freescale/kds_3.0.0/toolchain/bin/../lib/gcc/arm-none-eabi/4.8.4/../../../../arm-none-eabi/lib/armv7e-m\libnosys.a(sbrk.o)
 .ARM.attributes
                0x00000b13       0x2e c:/freescale/kds_3.0.0/toolchain/bin/../lib/gcc/arm-none-eabi/4.8.4/../../../../arm-none-eabi/lib/armv7e-m\libnosys.a(_exit.o)
 .ARM.attributes
                0x00000b41       0x1e c:/freescale/kds_3.0.0/toolchain/bin/../lib/gcc/arm-none-eabi/4.8.4/armv7e-m/crtn.o
OUTPUT(Lab2.elf elf32-littlearm)

.debug_info     0x00000000     0x524d
 .debug_info    0x00000000       0x96 ./Sources/Events.o
 .debug_info    0x00000096      0x246 ./Sources/main.o
 .debug_info    0x000002dc      0x20a ./Project_Settings/Startup_Code/startup.o
 .debug_info    0x000004e6      0x2ba ./Generated_Code/AS1.o
 .debug_info    0x000007a0      0x939 ./Generated_Code/ASerialLdd2.o
 .debug_info    0x000010d9      0x9e9 ./Generated_Code/Cpu.o
 .debug_info    0x00001ac2      0x40e ./Generated_Code/CsIO1.o
 .debug_info    0x00001ed0      0x320 ./Generated_Code/I2C.o
 .debug_info    0x000021f0      0x7a9 ./Generated_Code/IO1.o
 .debug_info    0x00002999      0x20b ./Generated_Code/Inhr1.o
 .debug_info    0x00002ba4      0x974 ./Generated_Code/IntI2cLdd1.o
 .debug_info    0x00003518      0x251 ./Generated_Code/PE_LDD.o
 .debug_info    0x00003769      0x2d4 ./Generated_Code/PwmLdd1.o
 .debug_info    0x00003a3d      0x2d4 ./Generated_Code/PwmLdd2.o
 .debug_info    0x00003d11      0x2d4 ./Generated_Code/PwmLdd3.o
 .debug_info    0x00003fe5      0x36e ./Generated_Code/RealTimeLdd1.o
 .debug_info    0x00004353      0x768 ./Generated_Code/TU1.o
 .debug_info    0x00004abb      0x684 ./Generated_Code/TU2.o
 .debug_info    0x0000513f      0x10e ./Generated_Code/Vectors.o

.debug_abbrev   0x00000000     0x171e
 .debug_abbrev  0x00000000       0x45 ./Sources/Events.o
 .debug_abbrev  0x00000045      0x127 ./Sources/main.o
 .debug_abbrev  0x0000016c      0x11e ./Project_Settings/Startup_Code/startup.o
 .debug_abbrev  0x0000028a      0x139 ./Generated_Code/AS1.o
 .debug_abbrev  0x000003c3      0x1c3 ./Generated_Code/ASerialLdd2.o
 .debug_abbrev  0x00000586      0x178 ./Generated_Code/Cpu.o
 .debug_abbrev  0x000006fe      0x121 ./Generated_Code/CsIO1.o
 .debug_abbrev  0x0000081f      0x13e ./Generated_Code/I2C.o
 .debug_abbrev  0x0000095d      0x1a7 ./Generated_Code/IO1.o
 .debug_abbrev  0x00000b04      0x117 ./Generated_Code/Inhr1.o
 .debug_abbrev  0x00000c1b      0x1b6 ./Generated_Code/IntI2cLdd1.o
 .debug_abbrev  0x00000dd1      0x10d ./Generated_Code/PE_LDD.o
 .debug_abbrev  0x00000ede      0x122 ./Generated_Code/PwmLdd1.o
 .debug_abbrev  0x00001000      0x122 ./Generated_Code/PwmLdd2.o
 .debug_abbrev  0x00001122      0x122 ./Generated_Code/PwmLdd3.o
 .debug_abbrev  0x00001244      0x134 ./Generated_Code/RealTimeLdd1.o
 .debug_abbrev  0x00001378      0x198 ./Generated_Code/TU1.o
 .debug_abbrev  0x00001510      0x16a ./Generated_Code/TU2.o
 .debug_abbrev  0x0000167a       0xa4 ./Generated_Code/Vectors.o

.debug_aranges  0x00000000      0x4d8
 .debug_aranges
                0x00000000       0x20 ./Sources/Events.o
 .debug_aranges
                0x00000020       0x30 ./Sources/main.o
 .debug_aranges
                0x00000050       0x50 ./Project_Settings/Startup_Code/startup.o
 .debug_aranges
                0x000000a0       0x68 ./Generated_Code/AS1.o
 .debug_aranges
                0x00000108       0x58 ./Generated_Code/ASerialLdd2.o
 .debug_aranges
                0x00000160       0x40 ./Generated_Code/Cpu.o
 .debug_aranges
                0x000001a0       0x28 ./Generated_Code/CsIO1.o
 .debug_aranges
                0x000001c8       0x48 ./Generated_Code/I2C.o
 .debug_aranges
                0x00000210       0x38 ./Generated_Code/IO1.o
 .debug_aranges
                0x00000248       0x48 ./Generated_Code/Inhr1.o
 .debug_aranges
                0x00000290       0x88 ./Generated_Code/IntI2cLdd1.o
 .debug_aranges
                0x00000318       0x30 ./Generated_Code/PE_LDD.o
 .debug_aranges
                0x00000348       0x40 ./Generated_Code/PwmLdd1.o
 .debug_aranges
                0x00000388       0x40 ./Generated_Code/PwmLdd2.o
 .debug_aranges
                0x000003c8       0x40 ./Generated_Code/PwmLdd3.o
 .debug_aranges
                0x00000408       0x40 ./Generated_Code/RealTimeLdd1.o
 .debug_aranges
                0x00000448       0x48 ./Generated_Code/TU1.o
 .debug_aranges
                0x00000490       0x30 ./Generated_Code/TU2.o
 .debug_aranges
                0x000004c0       0x18 ./Generated_Code/Vectors.o

.debug_ranges   0x00000000      0x3a0
 .debug_ranges  0x00000000       0x10 ./Sources/Events.o
 .debug_ranges  0x00000010       0x20 ./Sources/main.o
 .debug_ranges  0x00000030       0x40 ./Project_Settings/Startup_Code/startup.o
 .debug_ranges  0x00000070       0x58 ./Generated_Code/AS1.o
 .debug_ranges  0x000000c8       0x48 ./Generated_Code/ASerialLdd2.o
 .debug_ranges  0x00000110       0x30 ./Generated_Code/Cpu.o
 .debug_ranges  0x00000140       0x18 ./Generated_Code/CsIO1.o
 .debug_ranges  0x00000158       0x38 ./Generated_Code/I2C.o
 .debug_ranges  0x00000190       0x28 ./Generated_Code/IO1.o
 .debug_ranges  0x000001b8       0x38 ./Generated_Code/Inhr1.o
 .debug_ranges  0x000001f0       0x78 ./Generated_Code/IntI2cLdd1.o
 .debug_ranges  0x00000268       0x20 ./Generated_Code/PE_LDD.o
 .debug_ranges  0x00000288       0x30 ./Generated_Code/PwmLdd1.o
 .debug_ranges  0x000002b8       0x30 ./Generated_Code/PwmLdd2.o
 .debug_ranges  0x000002e8       0x30 ./Generated_Code/PwmLdd3.o
 .debug_ranges  0x00000318       0x30 ./Generated_Code/RealTimeLdd1.o
 .debug_ranges  0x00000348       0x38 ./Generated_Code/TU1.o
 .debug_ranges  0x00000380       0x20 ./Generated_Code/TU2.o

.debug_macro    0x00000000    0x1a6c4
 .debug_macro   0x00000000      0x282 ./Sources/Events.o
 .debug_macro   0x00000282      0x84a ./Sources/Events.o
 .debug_macro   0x00000acc       0x16 ./Sources/Events.o
 .debug_macro   0x00000ae2       0x44 ./Sources/Events.o
 .debug_macro   0x00000b26      0x209 ./Sources/Events.o
 .debug_macro   0x00000d2f     0x1695 ./Sources/Events.o
 .debug_macro   0x000023c4      0x14e ./Sources/Events.o
 .debug_macro   0x00002512       0x6a ./Sources/Events.o
 .debug_macro   0x0000257c     0x9b9f ./Sources/Events.o
 .debug_macro   0x0000c11b       0x94 ./Sources/Events.o
 .debug_macro   0x0000c1af       0x66 ./Sources/Events.o
 .debug_macro   0x0000c215       0x58 ./Sources/Events.o
 .debug_macro   0x0000c26d       0x35 ./Sources/Events.o
 .debug_macro   0x0000c2a2       0xa3 ./Sources/Events.o
 .debug_macro   0x0000c345       0x16 ./Sources/Events.o
 .debug_macro   0x0000c35b       0x97 ./Sources/Events.o
 .debug_macro   0x0000c3f2       0x10 ./Sources/Events.o
 .debug_macro   0x0000c402       0xef ./Sources/Events.o
 .debug_macro   0x0000c4f1       0x52 ./Sources/Events.o
 .debug_macro   0x0000c543       0x16 ./Sources/Events.o
 .debug_macro   0x0000c559       0x43 ./Sources/Events.o
 .debug_macro   0x0000c59c      0x180 ./Sources/Events.o
 .debug_macro   0x0000c71c       0x10 ./Sources/Events.o
 .debug_macro   0x0000c72c       0x22 ./Sources/Events.o
 .debug_macro   0x0000c74e       0xbd ./Sources/Events.o
 .debug_macro   0x0000c80b       0x16 ./Sources/Events.o
 .debug_macro   0x0000c821      0x14a ./Sources/Events.o
 .debug_macro   0x0000c96b       0x40 ./Sources/Events.o
 .debug_macro   0x0000c9ab       0x94 ./Sources/Events.o
 .debug_macro   0x0000ca3f      0x6a0 ./Sources/Events.o
 .debug_macro   0x0000d0df       0x82 ./Sources/Events.o
 .debug_macro   0x0000d161       0x37 ./Sources/Events.o
 .debug_macro   0x0000d198       0x25 ./Sources/Events.o
 .debug_macro   0x0000d1bd       0x3d ./Sources/Events.o
 .debug_macro   0x0000d1fa       0x25 ./Sources/Events.o
 .debug_macro   0x0000d21f       0x3d ./Sources/Events.o
 .debug_macro   0x0000d25c       0x25 ./Sources/Events.o
 .debug_macro   0x0000d281       0x58 ./Sources/Events.o
 .debug_macro   0x0000d2d9       0x28 ./Sources/Events.o
 .debug_macro   0x0000d301       0x18 ./Sources/Events.o
 .debug_macro   0x0000d319       0x5e ./Sources/Events.o
 .debug_macro   0x0000d377       0x11 ./Sources/Events.o
 .debug_macro   0x0000d388      0x2b2 ./Sources/main.o
 .debug_macro   0x0000d63a      0x2a6 ./Sources/main.o
 .debug_macro   0x0000d8e0       0x10 ./Sources/main.o
 .debug_macro   0x0000d8f0       0x35 ./Sources/main.o
 .debug_macro   0x0000d925      0x121 ./Project_Settings/Startup_Code/startup.o
 .debug_macro   0x0000da46      0x166 ./Project_Settings/Startup_Code/startup.o
 .debug_macro   0x0000dbac       0x4a ./Project_Settings/Startup_Code/startup.o
 .debug_macro   0x0000dbf6       0x16 ./Project_Settings/Startup_Code/startup.o
 .debug_macro   0x0000dc0c       0x22 ./Project_Settings/Startup_Code/startup.o
 .debug_macro   0x0000dc2e       0x10 ./Project_Settings/Startup_Code/startup.o
 .debug_macro   0x0000dc3e      0x20f ./Project_Settings/Startup_Code/startup.o
 .debug_macro   0x0000de4d     0x9b93 ./Project_Settings/Startup_Code/startup.o
 .debug_macro   0x000179e0       0xad ./Generated_Code/AS1.o
 .debug_macro   0x00017a8d       0x9a ./Generated_Code/AS1.o
 .debug_macro   0x00017b27       0xc5 ./Generated_Code/ASerialLdd2.o
 .debug_macro   0x00017bec       0x58 ./Generated_Code/ASerialLdd2.o
 .debug_macro   0x00017c44       0x17 ./Generated_Code/ASerialLdd2.o
 .debug_macro   0x00017c5b      0x7ab ./Generated_Code/ASerialLdd2.o
 .debug_macro   0x00018406      0x9b1 ./Generated_Code/ASerialLdd2.o
 .debug_macro   0x00018db7      0x2a5 ./Generated_Code/Cpu.o
 .debug_macro   0x0001905c       0x3d ./Generated_Code/Cpu.o
 .debug_macro   0x00019099      0x143 ./Generated_Code/CsIO1.o
 .debug_macro   0x000191dc       0x52 ./Generated_Code/CsIO1.o
 .debug_macro   0x0001922e       0xa8 ./Generated_Code/I2C.o
 .debug_macro   0x000192d6       0xbb ./Generated_Code/IO1.o
 .debug_macro   0x00019391       0x3a ./Generated_Code/IO1.o
 .debug_macro   0x000193cb       0xdf ./Generated_Code/Inhr1.o
 .debug_macro   0x000194aa       0xf0 ./Generated_Code/IntI2cLdd1.o
 .debug_macro   0x0001959a      0x4e4 ./Generated_Code/IntI2cLdd1.o
 .debug_macro   0x00019a7e      0x29c ./Generated_Code/IntI2cLdd1.o
 .debug_macro   0x00019d1a      0x243 ./Generated_Code/PE_LDD.o
 .debug_macro   0x00019f5d       0xbe ./Generated_Code/PwmLdd1.o
 .debug_macro   0x0001a01b       0xbe ./Generated_Code/PwmLdd2.o
 .debug_macro   0x0001a0d9       0xbe ./Generated_Code/PwmLdd3.o
 .debug_macro   0x0001a197       0xb5 ./Generated_Code/RealTimeLdd1.o
 .debug_macro   0x0001a24c       0xbc ./Generated_Code/TU1.o
 .debug_macro   0x0001a308       0xbb ./Generated_Code/TU2.o
 .debug_macro   0x0001a3c3      0x294 ./Generated_Code/Vectors.o
 .debug_macro   0x0001a657       0x6d ./Generated_Code/Vectors.o

.debug_line     0x00000000     0x3eec
 .debug_line    0x00000000      0x3a6 ./Sources/Events.o
 .debug_line    0x000003a6      0x489 ./Sources/main.o
 .debug_line    0x0000082f      0x398 ./Project_Settings/Startup_Code/startup.o
 .debug_line    0x00000bc7      0x360 ./Generated_Code/AS1.o
 .debug_line    0x00000f27      0x328 ./Generated_Code/ASerialLdd2.o
 .debug_line    0x0000124f      0x537 ./Generated_Code/Cpu.o
 .debug_line    0x00001786      0x2e2 ./Generated_Code/CsIO1.o
 .debug_line    0x00001a68      0x2b8 ./Generated_Code/I2C.o
 .debug_line    0x00001d20      0x297 ./Generated_Code/IO1.o
 .debug_line    0x00001fb7      0x271 ./Generated_Code/Inhr1.o
 .debug_line    0x00002228      0x42f ./Generated_Code/IntI2cLdd1.o
 .debug_line    0x00002657      0x3ca ./Generated_Code/PE_LDD.o
 .debug_line    0x00002a21      0x2a1 ./Generated_Code/PwmLdd1.o
 .debug_line    0x00002cc2      0x2a1 ./Generated_Code/PwmLdd2.o
 .debug_line    0x00002f63      0x2a1 ./Generated_Code/PwmLdd3.o
 .debug_line    0x00003204      0x2dd ./Generated_Code/RealTimeLdd1.o
 .debug_line    0x000034e1      0x2db ./Generated_Code/TU1.o
 .debug_line    0x000037bc      0x281 ./Generated_Code/TU2.o
 .debug_line    0x00003a3d      0x4af ./Generated_Code/Vectors.o

.debug_str      0x00000000    0x620b1
 .debug_str     0x00000000    0x4b038 ./Sources/Events.o
                              0x4b20e (size before relaxing)
 .debug_str     0x0004b038     0x1002 ./Sources/main.o
                              0x4c1fb (size before relaxing)
 .debug_str     0x0004c03a      0x1ab ./Project_Settings/Startup_Code/startup.o
                              0x3a1b5 (size before relaxing)
 .debug_str     0x0004c1e5       0xe1 ./Generated_Code/AS1.o
                              0x3f0c0 (size before relaxing)
 .debug_str     0x0004c2c6     0xe6c0 ./Generated_Code/ASerialLdd2.o
                              0x4dc1b (size before relaxing)
 .debug_str     0x0005a986      0x293 ./Generated_Code/Cpu.o
                              0x4b5cb (size before relaxing)
 .debug_str     0x0005ac19      0x115 ./Generated_Code/CsIO1.o
                              0x4121d (size before relaxing)
 .debug_str     0x0005ad2e      0x172 ./Generated_Code/I2C.o
                              0x3f246 (size before relaxing)
 .debug_str     0x0005aea0       0x69 ./Generated_Code/IO1.o
                              0x4da50 (size before relaxing)
 .debug_str     0x0005af09      0x16b ./Generated_Code/Inhr1.o
                              0x3f199 (size before relaxing)
 .debug_str     0x0005b074     0x689d ./Generated_Code/IntI2cLdd1.o
                              0x460f8 (size before relaxing)
 .debug_str     0x00061911      0x17e ./Generated_Code/PE_LDD.o
                              0x4b3c3 (size before relaxing)
 .debug_str     0x00061a8f       0xd6 ./Generated_Code/PwmLdd1.o
                              0x484c7 (size before relaxing)
 .debug_str     0x00061b65       0x82 ./Generated_Code/PwmLdd2.o
                              0x484c7 (size before relaxing)
 .debug_str     0x00061be7       0x74 ./Generated_Code/PwmLdd3.o
                              0x484c7 (size before relaxing)
 .debug_str     0x00061c5b       0xed ./Generated_Code/RealTimeLdd1.o
                              0x48448 (size before relaxing)
 .debug_str     0x00061d48      0x269 ./Generated_Code/TU1.o
                              0x48616 (size before relaxing)
 .debug_str     0x00061fb1       0xe4 ./Generated_Code/TU2.o
                              0x485c3 (size before relaxing)
 .debug_str     0x00062095       0x1c ./Generated_Code/Vectors.o
                              0x4b256 (size before relaxing)

.comment        0x00000000       0x70
 .comment       0x00000000       0x70 ./Sources/Events.o
                                 0x71 (size before relaxing)
 .comment       0x00000000       0x71 ./Sources/main.o
 .comment       0x00000000       0x71 ./Project_Settings/Startup_Code/startup.o
 .comment       0x00000000       0x71 ./Generated_Code/AS1.o
 .comment       0x00000000       0x71 ./Generated_Code/ASerialLdd2.o
 .comment       0x00000000       0x71 ./Generated_Code/Cpu.o
 .comment       0x00000000       0x71 ./Generated_Code/CsIO1.o
 .comment       0x00000000       0x71 ./Generated_Code/I2C.o
 .comment       0x00000000       0x71 ./Generated_Code/IO1.o
 .comment       0x00000000       0x71 ./Generated_Code/Inhr1.o
 .comment       0x00000000       0x71 ./Generated_Code/IntI2cLdd1.o
 .comment       0x00000000       0x71 ./Generated_Code/PE_LDD.o
 .comment       0x00000000       0x71 ./Generated_Code/PwmLdd1.o
 .comment       0x00000000       0x71 ./Generated_Code/PwmLdd2.o
 .comment       0x00000000       0x71 ./Generated_Code/PwmLdd3.o
 .comment       0x00000000       0x71 ./Generated_Code/RealTimeLdd1.o
 .comment       0x00000000       0x71 ./Generated_Code/TU1.o
 .comment       0x00000000       0x71 ./Generated_Code/TU2.o
 .comment       0x00000000       0x71 ./Generated_Code/Vectors.o

.debug_frame    0x00000000     0x159c
 .debug_frame   0x00000000       0x28 ./Sources/Events.o
 .debug_frame   0x00000028       0x78 ./Sources/main.o
 .debug_frame   0x000000a0       0xc0 ./Project_Settings/Startup_Code/startup.o
 .debug_frame   0x00000160      0x13c ./Generated_Code/AS1.o
 .debug_frame   0x0000029c      0x100 ./Generated_Code/ASerialLdd2.o
 .debug_frame   0x0000039c       0xa4 ./Generated_Code/Cpu.o
 .debug_frame   0x00000440       0x48 ./Generated_Code/CsIO1.o
 .debug_frame   0x00000488       0xc4 ./Generated_Code/I2C.o
 .debug_frame   0x0000054c       0x88 ./Generated_Code/IO1.o
 .debug_frame   0x000005d4       0xc0 ./Generated_Code/Inhr1.o
 .debug_frame   0x00000694      0x1a8 ./Generated_Code/IntI2cLdd1.o
 .debug_frame   0x0000083c       0x64 ./Generated_Code/PE_LDD.o
 .debug_frame   0x000008a0       0xb0 ./Generated_Code/PwmLdd1.o
 .debug_frame   0x00000950       0xb0 ./Generated_Code/PwmLdd2.o
 .debug_frame   0x00000a00       0xb0 ./Generated_Code/PwmLdd3.o
 .debug_frame   0x00000ab0       0xac ./Generated_Code/RealTimeLdd1.o
 .debug_frame   0x00000b5c       0xbc ./Generated_Code/TU1.o
 .debug_frame   0x00000c18       0x6c ./Generated_Code/TU2.o
 .debug_frame   0x00000c84       0x28 c:/freescale/kds_3.0.0/toolchain/bin/../lib/gcc/arm-none-eabi/4.8.4/../../../../arm-none-eabi/lib/armv7e-m\libg_s.a(lib_a-exit.o)
 .debug_frame   0x00000cac       0x2c c:/freescale/kds_3.0.0/toolchain/bin/../lib/gcc/arm-none-eabi/4.8.4/../../../../arm-none-eabi/lib/armv7e-m\libg_s.a(lib_a-init.o)
 .debug_frame   0x00000cd8       0x20 c:/freescale/kds_3.0.0/toolchain/bin/../lib/gcc/arm-none-eabi/4.8.4/../../../../arm-none-eabi/lib/armv7e-m\libg_s.a(lib_a-memset.o)
 .debug_frame   0x00000cf8       0x60 c:/freescale/kds_3.0.0/toolchain/bin/../lib/gcc/arm-none-eabi/4.8.4/../../../../arm-none-eabi/lib/armv7e-m\libg_s.a(lib_a-printf.o)
 .debug_frame   0x00000d58       0x3c c:/freescale/kds_3.0.0/toolchain/bin/../lib/gcc/arm-none-eabi/4.8.4/../../../../arm-none-eabi/lib/armv7e-m\libg_s.a(lib_a-puts.o)
 .debug_frame   0x00000d94       0x58 c:/freescale/kds_3.0.0/toolchain/bin/../lib/gcc/arm-none-eabi/4.8.4/../../../../arm-none-eabi/lib/armv7e-m\libg_s.a(lib_a-snprintf.o)
 .debug_frame   0x00000dec       0x88 c:/freescale/kds_3.0.0/toolchain/bin/../lib/gcc/arm-none-eabi/4.8.4/../../../../arm-none-eabi/lib/armv7e-m\libg_s.a(lib_a-svfprintf.o)
 .debug_frame   0x00000e74       0xa8 c:/freescale/kds_3.0.0/toolchain/bin/../lib/gcc/arm-none-eabi/4.8.4/../../../../arm-none-eabi/lib/armv7e-m\libg_s.a(lib_a-vfprintf.o)
 .debug_frame   0x00000f1c       0x60 c:/freescale/kds_3.0.0/toolchain/bin/../lib/gcc/arm-none-eabi/4.8.4/../../../../arm-none-eabi/lib/armv7e-m\libg_s.a(lib_a-vfprintf_i.o)
 .debug_frame   0x00000f7c       0x3c c:/freescale/kds_3.0.0/toolchain/bin/../lib/gcc/arm-none-eabi/4.8.4/../../../../arm-none-eabi/lib/armv7e-m\libg_s.a(lib_a-wbuf.o)
 .debug_frame   0x00000fb8       0x2c c:/freescale/kds_3.0.0/toolchain/bin/../lib/gcc/arm-none-eabi/4.8.4/../../../../arm-none-eabi/lib/armv7e-m\libg_s.a(lib_a-wsetup.o)
 .debug_frame   0x00000fe4       0x5c c:/freescale/kds_3.0.0/toolchain/bin/../lib/gcc/arm-none-eabi/4.8.4/../../../../arm-none-eabi/lib/armv7e-m\libg_s.a(lib_a-fflush.o)
 .debug_frame   0x00001040      0x12c c:/freescale/kds_3.0.0/toolchain/bin/../lib/gcc/arm-none-eabi/4.8.4/../../../../arm-none-eabi/lib/armv7e-m\libg_s.a(lib_a-findfp.o)
 .debug_frame   0x0000116c       0x30 c:/freescale/kds_3.0.0/toolchain/bin/../lib/gcc/arm-none-eabi/4.8.4/../../../../arm-none-eabi/lib/armv7e-m\libg_s.a(lib_a-makebuf.o)
 .debug_frame   0x0000119c       0x28 c:/freescale/kds_3.0.0/toolchain/bin/../lib/gcc/arm-none-eabi/4.8.4/../../../../arm-none-eabi/lib/armv7e-m\libg_s.a(lib_a-memchr-stub.o)
 .debug_frame   0x000011c4       0x28 c:/freescale/kds_3.0.0/toolchain/bin/../lib/gcc/arm-none-eabi/4.8.4/../../../../arm-none-eabi/lib/armv7e-m\libg_s.a(lib_a-memcpy-stub.o)
 .debug_frame   0x000011ec       0x2c c:/freescale/kds_3.0.0/toolchain/bin/../lib/gcc/arm-none-eabi/4.8.4/../../../../arm-none-eabi/lib/armv7e-m\libg_s.a(lib_a-memmove.o)
 .debug_frame   0x00001218       0x2c c:/freescale/kds_3.0.0/toolchain/bin/../lib/gcc/arm-none-eabi/4.8.4/../../../../arm-none-eabi/lib/armv7e-m\libg_s.a(lib_a-nano-freer.o)
 .debug_frame   0x00001244       0x2c c:/freescale/kds_3.0.0/toolchain/bin/../lib/gcc/arm-none-eabi/4.8.4/../../../../arm-none-eabi/lib/armv7e-m\libg_s.a(lib_a-nano-mallocr.o)
 .debug_frame   0x00001270       0x30 c:/freescale/kds_3.0.0/toolchain/bin/../lib/gcc/arm-none-eabi/4.8.4/../../../../arm-none-eabi/lib/armv7e-m\libg_s.a(lib_a-nano-reallocr.o)
 .debug_frame   0x000012a0       0x2c c:/freescale/kds_3.0.0/toolchain/bin/../lib/gcc/arm-none-eabi/4.8.4/../../../../arm-none-eabi/lib/armv7e-m\libg_s.a(lib_a-sbrkr.o)
 .debug_frame   0x000012cc       0x80 c:/freescale/kds_3.0.0/toolchain/bin/../lib/gcc/arm-none-eabi/4.8.4/../../../../arm-none-eabi/lib/armv7e-m\libg_s.a(lib_a-stdio.o)
 .debug_frame   0x0000134c       0x20 c:/freescale/kds_3.0.0/toolchain/bin/../lib/gcc/arm-none-eabi/4.8.4/../../../../arm-none-eabi/lib/armv7e-m\libg_s.a(lib_a-strlen.o)
 .debug_frame   0x0000136c       0x2c c:/freescale/kds_3.0.0/toolchain/bin/../lib/gcc/arm-none-eabi/4.8.4/../../../../arm-none-eabi/lib/armv7e-m\libg_s.a(lib_a-writer.o)
 .debug_frame   0x00001398       0x2c c:/freescale/kds_3.0.0/toolchain/bin/../lib/gcc/arm-none-eabi/4.8.4/../../../../arm-none-eabi/lib/armv7e-m\libg_s.a(lib_a-closer.o)
 .debug_frame   0x000013c4       0x2c c:/freescale/kds_3.0.0/toolchain/bin/../lib/gcc/arm-none-eabi/4.8.4/../../../../arm-none-eabi/lib/armv7e-m\libg_s.a(lib_a-fstatr.o)
 .debug_frame   0x000013f0       0x2c c:/freescale/kds_3.0.0/toolchain/bin/../lib/gcc/arm-none-eabi/4.8.4/../../../../arm-none-eabi/lib/armv7e-m\libg_s.a(lib_a-isattyr.o)
 .debug_frame   0x0000141c       0x2c c:/freescale/kds_3.0.0/toolchain/bin/../lib/gcc/arm-none-eabi/4.8.4/../../../../arm-none-eabi/lib/armv7e-m\libg_s.a(lib_a-lseekr.o)
 .debug_frame   0x00001448       0x20 c:/freescale/kds_3.0.0/toolchain/bin/../lib/gcc/arm-none-eabi/4.8.4/../../../../arm-none-eabi/lib/armv7e-m\libg_s.a(lib_a-nano-msizer.o)
 .debug_frame   0x00001468       0x2c c:/freescale/kds_3.0.0/toolchain/bin/../lib/gcc/arm-none-eabi/4.8.4/../../../../arm-none-eabi/lib/armv7e-m\libg_s.a(lib_a-readr.o)
 .debug_frame   0x00001494       0x48 c:/freescale/kds_3.0.0/toolchain/bin/../lib/gcc/arm-none-eabi/4.8.4/../../../../arm-none-eabi/lib/armv7e-m\libg_s.a(lib_a-reent.o)
 .debug_frame   0x000014dc       0x20 c:/freescale/kds_3.0.0/toolchain/bin/../lib/gcc/arm-none-eabi/4.8.4/../../../../arm-none-eabi/lib/armv7e-m\libnosys.a(close.o)
 .debug_frame   0x000014fc       0x20 c:/freescale/kds_3.0.0/toolchain/bin/../lib/gcc/arm-none-eabi/4.8.4/../../../../arm-none-eabi/lib/armv7e-m\libnosys.a(fstat.o)
 .debug_frame   0x0000151c       0x20 c:/freescale/kds_3.0.0/toolchain/bin/../lib/gcc/arm-none-eabi/4.8.4/../../../../arm-none-eabi/lib/armv7e-m\libnosys.a(isatty.o)
 .debug_frame   0x0000153c       0x20 c:/freescale/kds_3.0.0/toolchain/bin/../lib/gcc/arm-none-eabi/4.8.4/../../../../arm-none-eabi/lib/armv7e-m\libnosys.a(lseek.o)
 .debug_frame   0x0000155c       0x20 c:/freescale/kds_3.0.0/toolchain/bin/../lib/gcc/arm-none-eabi/4.8.4/../../../../arm-none-eabi/lib/armv7e-m\libnosys.a(sbrk.o)
 .debug_frame   0x0000157c       0x20 c:/freescale/kds_3.0.0/toolchain/bin/../lib/gcc/arm-none-eabi/4.8.4/../../../../arm-none-eabi/lib/armv7e-m\libnosys.a(_exit.o)

.stab           0x00000000       0x6c
 .stab          0x00000000       0x24 c:/freescale/kds_3.0.0/toolchain/bin/../lib/gcc/arm-none-eabi/4.8.4/../../../../arm-none-eabi/lib/armv7e-m\libnosys.a(close.o)
 .stab          0x00000024       0x18 c:/freescale/kds_3.0.0/toolchain/bin/../lib/gcc/arm-none-eabi/4.8.4/../../../../arm-none-eabi/lib/armv7e-m\libnosys.a(fstat.o)
                                 0x24 (size before relaxing)
 .stab          0x0000003c       0x18 c:/freescale/kds_3.0.0/toolchain/bin/../lib/gcc/arm-none-eabi/4.8.4/../../../../arm-none-eabi/lib/armv7e-m\libnosys.a(isatty.o)
                                 0x24 (size before relaxing)
 .stab          0x00000054       0x18 c:/freescale/kds_3.0.0/toolchain/bin/../lib/gcc/arm-none-eabi/4.8.4/../../../../arm-none-eabi/lib/armv7e-m\libnosys.a(lseek.o)
                                 0x24 (size before relaxing)

.stabstr        0x00000000       0xe3
 .stabstr       0x00000000       0xe3 c:/freescale/kds_3.0.0/toolchain/bin/../lib/gcc/arm-none-eabi/4.8.4/../../../../arm-none-eabi/lib/armv7e-m\libnosys.a(close.o)
