Archive member included because of file (symbol)

c:/freescale/kds_3.0.0/toolchain/bin/../lib/gcc/arm-none-eabi/4.8.4/armv7e-m\libgcc.a(_arm_addsubdf3.o)
                              ./Sources/main.o (__aeabi_dsub)
c:/freescale/kds_3.0.0/toolchain/bin/../lib/gcc/arm-none-eabi/4.8.4/armv7e-m\libgcc.a(_arm_muldivdf3.o)
                              ./Sources/main.o (__aeabi_dmul)
c:/freescale/kds_3.0.0/toolchain/bin/../lib/gcc/arm-none-eabi/4.8.4/armv7e-m\libgcc.a(_arm_fixunsdfsi.o)
                              ./Sources/main.o (__aeabi_d2uiz)
c:/freescale/kds_3.0.0/toolchain/bin/../lib/gcc/arm-none-eabi/4.8.4/armv7e-m\libgcc.a(_arm_addsubsf3.o)
                              ./Generated_Code/RealTimeLdd1.o (__aeabi_ui2f)
c:/freescale/kds_3.0.0/toolchain/bin/../lib/gcc/arm-none-eabi/4.8.4/armv7e-m\libgcc.a(_arm_muldivsf3.o)
                              ./Generated_Code/PwmLdd1.o (__aeabi_fmul)
c:/freescale/kds_3.0.0/toolchain/bin/../lib/gcc/arm-none-eabi/4.8.4/armv7e-m\libgcc.a(_arm_cmpsf2.o)
                              ./Generated_Code/PwmLdd1.o (__aeabi_fcmpgt)
c:/freescale/kds_3.0.0/toolchain/bin/../lib/gcc/arm-none-eabi/4.8.4/armv7e-m\libgcc.a(_arm_fixunssfsi.o)
                              ./Generated_Code/PwmLdd1.o (__aeabi_f2uiz)
c:/freescale/kds_3.0.0/toolchain/bin/../lib/gcc/arm-none-eabi/4.8.4/../../../../arm-none-eabi/lib/armv7e-m\libg_s.a(lib_a-exit.o)
                              c:/freescale/kds_3.0.0/toolchain/bin/../lib/gcc/arm-none-eabi/4.8.4/../../../../arm-none-eabi/lib/armv7e-m/crt0.o (exit)
c:/freescale/kds_3.0.0/toolchain/bin/../lib/gcc/arm-none-eabi/4.8.4/../../../../arm-none-eabi/lib/armv7e-m\libg_s.a(lib_a-impure.o)
                              c:/freescale/kds_3.0.0/toolchain/bin/../lib/gcc/arm-none-eabi/4.8.4/../../../../arm-none-eabi/lib/armv7e-m\libg_s.a(lib_a-exit.o) (_global_impure_ptr)
c:/freescale/kds_3.0.0/toolchain/bin/../lib/gcc/arm-none-eabi/4.8.4/../../../../arm-none-eabi/lib/armv7e-m\libg_s.a(lib_a-init.o)
                              c:/freescale/kds_3.0.0/toolchain/bin/../lib/gcc/arm-none-eabi/4.8.4/../../../../arm-none-eabi/lib/armv7e-m/crt0.o (__libc_init_array)
c:/freescale/kds_3.0.0/toolchain/bin/../lib/gcc/arm-none-eabi/4.8.4/../../../../arm-none-eabi/lib/armv7e-m\libg_s.a(lib_a-memset.o)
                              c:/freescale/kds_3.0.0/toolchain/bin/../lib/gcc/arm-none-eabi/4.8.4/../../../../arm-none-eabi/lib/armv7e-m/crt0.o (memset)
c:/freescale/kds_3.0.0/toolchain/bin/../lib/gcc/arm-none-eabi/4.8.4/../../../../arm-none-eabi/lib/armv7e-m\libnosys.a(_exit.o)
                              c:/freescale/kds_3.0.0/toolchain/bin/../lib/gcc/arm-none-eabi/4.8.4/../../../../arm-none-eabi/lib/armv7e-m\libg_s.a(lib_a-exit.o) (_exit)

Allocating common symbols
Common symbol       size              file

AD1_OutV            0x2               ./Generated_Code/AD1.o
AdcLdd1_DeviceDataPtr
                    0x4               ./Generated_Code/AD1.o
SR_reg              0x1               ./Generated_Code/Cpu.o

Discarded input sections

 .text          0x00000000        0x0 c:/freescale/kds_3.0.0/toolchain/bin/../lib/gcc/arm-none-eabi/4.8.4/armv7e-m/crti.o
 .data          0x00000000        0x0 c:/freescale/kds_3.0.0/toolchain/bin/../lib/gcc/arm-none-eabi/4.8.4/armv7e-m/crti.o
 .bss           0x00000000        0x0 c:/freescale/kds_3.0.0/toolchain/bin/../lib/gcc/arm-none-eabi/4.8.4/armv7e-m/crti.o
 .data          0x00000000        0x4 c:/freescale/kds_3.0.0/toolchain/bin/../lib/gcc/arm-none-eabi/4.8.4/armv7e-m/crtbegin.o
 .data          0x00000000        0x0 c:/freescale/kds_3.0.0/toolchain/bin/../lib/gcc/arm-none-eabi/4.8.4/../../../../arm-none-eabi/lib/armv7e-m/crt0.o
 .bss           0x00000000        0x0 c:/freescale/kds_3.0.0/toolchain/bin/../lib/gcc/arm-none-eabi/4.8.4/../../../../arm-none-eabi/lib/armv7e-m/crt0.o
 .ARM.extab     0x00000000        0x0 c:/freescale/kds_3.0.0/toolchain/bin/../lib/gcc/arm-none-eabi/4.8.4/../../../../arm-none-eabi/lib/armv7e-m/crt0.o
 .group         0x00000000        0x8 ./Sources/Events.o
 .group         0x00000000        0x8 ./Sources/Events.o
 .group         0x00000000        0x8 ./Sources/Events.o
 .group         0x00000000        0x8 ./Sources/Events.o
 .group         0x00000000        0x8 ./Sources/Events.o
 .group         0x00000000        0x8 ./Sources/Events.o
 .group         0x00000000        0x8 ./Sources/Events.o
 .group         0x00000000        0x8 ./Sources/Events.o
 .group         0x00000000        0x8 ./Sources/Events.o
 .group         0x00000000        0x8 ./Sources/Events.o
 .group         0x00000000        0x8 ./Sources/Events.o
 .group         0x00000000        0x8 ./Sources/Events.o
 .group         0x00000000        0x8 ./Sources/Events.o
 .group         0x00000000        0x8 ./Sources/Events.o
 .group         0x00000000        0x8 ./Sources/Events.o
 .group         0x00000000        0x8 ./Sources/Events.o
 .group         0x00000000        0x8 ./Sources/Events.o
 .group         0x00000000        0x8 ./Sources/Events.o
 .group         0x00000000        0x8 ./Sources/Events.o
 .group         0x00000000        0x8 ./Sources/Events.o
 .group         0x00000000        0x8 ./Sources/Events.o
 .group         0x00000000        0x8 ./Sources/Events.o
 .group         0x00000000        0x8 ./Sources/Events.o
 .group         0x00000000        0x8 ./Sources/Events.o
 .group         0x00000000        0x8 ./Sources/Events.o
 .text          0x00000000        0x0 ./Sources/Events.o
 .data          0x00000000        0x0 ./Sources/Events.o
 .bss           0x00000000        0x0 ./Sources/Events.o
 .group         0x00000000        0x8 ./Sources/main.o
 .group         0x00000000        0x8 ./Sources/main.o
 .group         0x00000000        0x8 ./Sources/main.o
 .group         0x00000000        0x8 ./Sources/main.o
 .group         0x00000000        0x8 ./Sources/main.o
 .group         0x00000000        0x8 ./Sources/main.o
 .group         0x00000000        0x8 ./Sources/main.o
 .group         0x00000000        0x8 ./Sources/main.o
 .group         0x00000000        0x8 ./Sources/main.o
 .group         0x00000000        0x8 ./Sources/main.o
 .group         0x00000000        0x8 ./Sources/main.o
 .group         0x00000000        0x8 ./Sources/main.o
 .group         0x00000000        0x8 ./Sources/main.o
 .group         0x00000000        0x8 ./Sources/main.o
 .group         0x00000000        0x8 ./Sources/main.o
 .group         0x00000000        0x8 ./Sources/main.o
 .group         0x00000000        0x8 ./Sources/main.o
 .group         0x00000000        0x8 ./Sources/main.o
 .group         0x00000000        0x8 ./Sources/main.o
 .group         0x00000000        0x8 ./Sources/main.o
 .group         0x00000000        0x8 ./Sources/main.o
 .group         0x00000000        0x8 ./Sources/main.o
 .group         0x00000000        0x8 ./Sources/main.o
 .group         0x00000000        0x8 ./Sources/main.o
 .group         0x00000000        0x8 ./Sources/main.o
 .group         0x00000000        0x8 ./Sources/main.o
 .group         0x00000000        0x8 ./Sources/main.o
 .group         0x00000000        0x8 ./Sources/main.o
 .group         0x00000000        0x8 ./Sources/main.o
 .group         0x00000000        0x8 ./Sources/main.o
 .group         0x00000000        0x8 ./Sources/main.o
 .group         0x00000000        0x8 ./Sources/main.o
 .group         0x00000000        0x8 ./Sources/main.o
 .group         0x00000000        0x8 ./Sources/main.o
 .text          0x00000000        0x0 ./Sources/main.o
 .data          0x00000000        0x0 ./Sources/main.o
 .bss           0x00000000        0x0 ./Sources/main.o
 .debug_macro   0x00000000      0x84a ./Sources/main.o
 .debug_macro   0x00000000       0x16 ./Sources/main.o
 .debug_macro   0x00000000       0x44 ./Sources/main.o
 .debug_macro   0x00000000      0x209 ./Sources/main.o
 .debug_macro   0x00000000     0x1687 ./Sources/main.o
 .debug_macro   0x00000000      0x14e ./Sources/main.o
 .debug_macro   0x00000000       0x6a ./Sources/main.o
 .debug_macro   0x00000000     0x9b9f ./Sources/main.o
 .debug_macro   0x00000000       0x94 ./Sources/main.o
 .debug_macro   0x00000000       0x94 ./Sources/main.o
 .debug_macro   0x00000000      0x6a0 ./Sources/main.o
 .debug_macro   0x00000000       0x74 ./Sources/main.o
 .debug_macro   0x00000000       0x37 ./Sources/main.o
 .debug_macro   0x00000000       0x25 ./Sources/main.o
 .debug_macro   0x00000000      0x132 ./Sources/main.o
 .debug_macro   0x00000000       0x46 ./Sources/main.o
 .debug_macro   0x00000000       0x26 ./Sources/main.o
 .debug_macro   0x00000000       0x4c ./Sources/main.o
 .debug_macro   0x00000000       0x26 ./Sources/main.o
 .debug_macro   0x00000000       0x58 ./Sources/main.o
 .debug_macro   0x00000000       0x28 ./Sources/main.o
 .debug_macro   0x00000000       0x18 ./Sources/main.o
 .debug_macro   0x00000000      0x61c ./Sources/main.o
 .debug_macro   0x00000000       0x7b ./Sources/main.o
 .debug_macro   0x00000000       0x10 ./Sources/main.o
 .group         0x00000000        0x8 ./Project_Settings/Startup_Code/startup.o
 .group         0x00000000        0x8 ./Project_Settings/Startup_Code/startup.o
 .group         0x00000000        0x8 ./Project_Settings/Startup_Code/startup.o
 .group         0x00000000        0x8 ./Project_Settings/Startup_Code/startup.o
 .group         0x00000000        0x8 ./Project_Settings/Startup_Code/startup.o
 .group         0x00000000        0x8 ./Project_Settings/Startup_Code/startup.o
 .group         0x00000000        0x8 ./Project_Settings/Startup_Code/startup.o
 .group         0x00000000        0x8 ./Project_Settings/Startup_Code/startup.o
 .group         0x00000000        0x8 ./Project_Settings/Startup_Code/startup.o
 .group         0x00000000        0x8 ./Project_Settings/Startup_Code/startup.o
 .group         0x00000000        0x8 ./Project_Settings/Startup_Code/startup.o
 .group         0x00000000        0x8 ./Project_Settings/Startup_Code/startup.o
 .group         0x00000000        0x8 ./Project_Settings/Startup_Code/startup.o
 .group         0x00000000        0x8 ./Project_Settings/Startup_Code/startup.o
 .group         0x00000000        0x8 ./Project_Settings/Startup_Code/startup.o
 .group         0x00000000        0x8 ./Project_Settings/Startup_Code/startup.o
 .group         0x00000000        0x8 ./Project_Settings/Startup_Code/startup.o
 .group         0x00000000        0x8 ./Project_Settings/Startup_Code/startup.o
 .group         0x00000000        0x8 ./Project_Settings/Startup_Code/startup.o
 .text          0x00000000        0x0 ./Project_Settings/Startup_Code/startup.o
 .data          0x00000000        0x0 ./Project_Settings/Startup_Code/startup.o
 .bss           0x00000000        0x0 ./Project_Settings/Startup_Code/startup.o
 .text.__init_hardware
                0x00000000        0xc ./Project_Settings/Startup_Code/startup.o
 .text.__iar_program_start
                0x00000000        0xc ./Project_Settings/Startup_Code/startup.o
 .debug_macro   0x00000000      0x84a ./Project_Settings/Startup_Code/startup.o
 .debug_macro   0x00000000       0x58 ./Project_Settings/Startup_Code/startup.o
 .debug_macro   0x00000000       0x16 ./Project_Settings/Startup_Code/startup.o
 .debug_macro   0x00000000       0x35 ./Project_Settings/Startup_Code/startup.o
 .debug_macro   0x00000000       0xa3 ./Project_Settings/Startup_Code/startup.o
 .debug_macro   0x00000000      0x166 ./Project_Settings/Startup_Code/startup.o
 .debug_macro   0x00000000       0x52 ./Project_Settings/Startup_Code/startup.o
 .debug_macro   0x00000000       0x16 ./Project_Settings/Startup_Code/startup.o
 .debug_macro   0x00000000       0x43 ./Project_Settings/Startup_Code/startup.o
 .debug_macro   0x00000000      0x180 ./Project_Settings/Startup_Code/startup.o
 .group         0x00000000        0x8 ./Generated_Code/AD1.o
 .group         0x00000000        0x8 ./Generated_Code/AD1.o
 .group         0x00000000        0x8 ./Generated_Code/AD1.o
 .group         0x00000000        0x8 ./Generated_Code/AD1.o
 .group         0x00000000        0x8 ./Generated_Code/AD1.o
 .group         0x00000000        0x8 ./Generated_Code/AD1.o
 .group         0x00000000        0x8 ./Generated_Code/AD1.o
 .group         0x00000000        0x8 ./Generated_Code/AD1.o
 .group         0x00000000        0x8 ./Generated_Code/AD1.o
 .group         0x00000000        0x8 ./Generated_Code/AD1.o
 .group         0x00000000        0x8 ./Generated_Code/AD1.o
 .group         0x00000000        0x8 ./Generated_Code/AD1.o
 .group         0x00000000        0x8 ./Generated_Code/AD1.o
 .group         0x00000000        0x8 ./Generated_Code/AD1.o
 .group         0x00000000        0x8 ./Generated_Code/AD1.o
 .group         0x00000000        0x8 ./Generated_Code/AD1.o
 .group         0x00000000        0x8 ./Generated_Code/AD1.o
 .group         0x00000000        0x8 ./Generated_Code/AD1.o
 .group         0x00000000        0x8 ./Generated_Code/AD1.o
 .group         0x00000000        0x8 ./Generated_Code/AD1.o
 .group         0x00000000        0x8 ./Generated_Code/AD1.o
 .group         0x00000000        0x8 ./Generated_Code/AD1.o
 .group         0x00000000        0x8 ./Generated_Code/AD1.o
 .group         0x00000000        0x8 ./Generated_Code/AD1.o
 .group         0x00000000        0x8 ./Generated_Code/AD1.o
 .text          0x00000000        0x0 ./Generated_Code/AD1.o
 .data          0x00000000        0x0 ./Generated_Code/AD1.o
 .bss           0x00000000        0x0 ./Generated_Code/AD1.o
 .text.AD1_Start
                0x00000000       0x28 ./Generated_Code/AD1.o
 .debug_macro   0x00000000      0x84a ./Generated_Code/AD1.o
 .debug_macro   0x00000000       0x16 ./Generated_Code/AD1.o
 .debug_macro   0x00000000       0x44 ./Generated_Code/AD1.o
 .debug_macro   0x00000000      0x209 ./Generated_Code/AD1.o
 .debug_macro   0x00000000     0x1687 ./Generated_Code/AD1.o
 .debug_macro   0x00000000      0x14e ./Generated_Code/AD1.o
 .debug_macro   0x00000000       0x6a ./Generated_Code/AD1.o
 .debug_macro   0x00000000     0x9b9f ./Generated_Code/AD1.o
 .debug_macro   0x00000000       0x94 ./Generated_Code/AD1.o
 .debug_macro   0x00000000      0x6a0 ./Generated_Code/AD1.o
 .debug_macro   0x00000000       0x74 ./Generated_Code/AD1.o
 .debug_macro   0x00000000       0x37 ./Generated_Code/AD1.o
 .debug_macro   0x00000000       0x25 ./Generated_Code/AD1.o
 .debug_macro   0x00000000      0x132 ./Generated_Code/AD1.o
 .debug_macro   0x00000000       0x46 ./Generated_Code/AD1.o
 .debug_macro   0x00000000       0x26 ./Generated_Code/AD1.o
 .debug_macro   0x00000000       0x4c ./Generated_Code/AD1.o
 .debug_macro   0x00000000       0x26 ./Generated_Code/AD1.o
 .debug_macro   0x00000000       0x58 ./Generated_Code/AD1.o
 .debug_macro   0x00000000       0x28 ./Generated_Code/AD1.o
 .debug_macro   0x00000000       0x18 ./Generated_Code/AD1.o
 .debug_macro   0x00000000      0x61c ./Generated_Code/AD1.o
 .debug_macro   0x00000000       0x7b ./Generated_Code/AD1.o
 .debug_macro   0x00000000       0x10 ./Generated_Code/AD1.o
 .group         0x00000000        0x8 ./Generated_Code/AdcLdd1.o
 .group         0x00000000        0x8 ./Generated_Code/AdcLdd1.o
 .group         0x00000000        0x8 ./Generated_Code/AdcLdd1.o
 .group         0x00000000        0x8 ./Generated_Code/AdcLdd1.o
 .group         0x00000000        0x8 ./Generated_Code/AdcLdd1.o
 .group         0x00000000        0x8 ./Generated_Code/AdcLdd1.o
 .group         0x00000000        0x8 ./Generated_Code/AdcLdd1.o
 .group         0x00000000        0x8 ./Generated_Code/AdcLdd1.o
 .group         0x00000000        0x8 ./Generated_Code/AdcLdd1.o
 .group         0x00000000        0x8 ./Generated_Code/AdcLdd1.o
 .group         0x00000000        0x8 ./Generated_Code/AdcLdd1.o
 .group         0x00000000        0x8 ./Generated_Code/AdcLdd1.o
 .group         0x00000000        0x8 ./Generated_Code/AdcLdd1.o
 .text          0x00000000        0x0 ./Generated_Code/AdcLdd1.o
 .data          0x00000000        0x0 ./Generated_Code/AdcLdd1.o
 .bss           0x00000000        0x0 ./Generated_Code/AdcLdd1.o
 .rodata.ChannelToPin
                0x00000000        0x4 ./Generated_Code/AdcLdd1.o
 .text.AdcLdd1_CancelMeasurement
                0x00000000       0x2c ./Generated_Code/AdcLdd1.o
 .debug_macro   0x00000000      0x84a ./Generated_Code/AdcLdd1.o
 .debug_macro   0x00000000       0x16 ./Generated_Code/AdcLdd1.o
 .debug_macro   0x00000000       0x44 ./Generated_Code/AdcLdd1.o
 .debug_macro   0x00000000      0x209 ./Generated_Code/AdcLdd1.o
 .debug_macro   0x00000000     0x1687 ./Generated_Code/AdcLdd1.o
 .debug_macro   0x00000000      0x14e ./Generated_Code/AdcLdd1.o
 .debug_macro   0x00000000       0x6a ./Generated_Code/AdcLdd1.o
 .debug_macro   0x00000000     0x9b9f ./Generated_Code/AdcLdd1.o
 .debug_macro   0x00000000       0x9a ./Generated_Code/AdcLdd1.o
 .debug_macro   0x00000000       0x94 ./Generated_Code/AdcLdd1.o
 .debug_macro   0x00000000       0x7b ./Generated_Code/AdcLdd1.o
 .debug_macro   0x00000000       0x10 ./Generated_Code/AdcLdd1.o
 .group         0x00000000        0x8 ./Generated_Code/BitIoLdd1.o
 .group         0x00000000        0x8 ./Generated_Code/BitIoLdd1.o
 .group         0x00000000        0x8 ./Generated_Code/BitIoLdd1.o
 .group         0x00000000        0x8 ./Generated_Code/BitIoLdd1.o
 .group         0x00000000        0x8 ./Generated_Code/BitIoLdd1.o
 .group         0x00000000        0x8 ./Generated_Code/BitIoLdd1.o
 .group         0x00000000        0x8 ./Generated_Code/BitIoLdd1.o
 .group         0x00000000        0x8 ./Generated_Code/BitIoLdd1.o
 .group         0x00000000        0x8 ./Generated_Code/BitIoLdd1.o
 .group         0x00000000        0x8 ./Generated_Code/BitIoLdd1.o
 .group         0x00000000        0x8 ./Generated_Code/BitIoLdd1.o
 .group         0x00000000        0x8 ./Generated_Code/BitIoLdd1.o
 .text          0x00000000        0x0 ./Generated_Code/BitIoLdd1.o
 .data          0x00000000        0x0 ./Generated_Code/BitIoLdd1.o
 .bss           0x00000000        0x0 ./Generated_Code/BitIoLdd1.o
 .text.BitIoLdd1_SetDir
                0x00000000       0x3c ./Generated_Code/BitIoLdd1.o
 .text.BitIoLdd1_GetVal
                0x00000000       0x48 ./Generated_Code/BitIoLdd1.o
 .text.BitIoLdd1_PutVal
                0x00000000       0x30 ./Generated_Code/BitIoLdd1.o
 .text.BitIoLdd1_ClrVal
                0x00000000       0x1c ./Generated_Code/BitIoLdd1.o
 .text.BitIoLdd1_SetVal
                0x00000000       0x1c ./Generated_Code/BitIoLdd1.o
 .debug_macro   0x00000000      0x84a ./Generated_Code/BitIoLdd1.o
 .debug_macro   0x00000000       0x16 ./Generated_Code/BitIoLdd1.o
 .debug_macro   0x00000000       0x44 ./Generated_Code/BitIoLdd1.o
 .debug_macro   0x00000000      0x209 ./Generated_Code/BitIoLdd1.o
 .debug_macro   0x00000000     0x1687 ./Generated_Code/BitIoLdd1.o
 .debug_macro   0x00000000      0x14e ./Generated_Code/BitIoLdd1.o
 .debug_macro   0x00000000       0x6a ./Generated_Code/BitIoLdd1.o
 .debug_macro   0x00000000     0x9b9f ./Generated_Code/BitIoLdd1.o
 .debug_macro   0x00000000       0x94 ./Generated_Code/BitIoLdd1.o
 .debug_macro   0x00000000       0x9a ./Generated_Code/BitIoLdd1.o
 .debug_macro   0x00000000       0x46 ./Generated_Code/BitIoLdd1.o
 .group         0x00000000        0x8 ./Generated_Code/BitIoLdd2.o
 .group         0x00000000        0x8 ./Generated_Code/BitIoLdd2.o
 .group         0x00000000        0x8 ./Generated_Code/BitIoLdd2.o
 .group         0x00000000        0x8 ./Generated_Code/BitIoLdd2.o
 .group         0x00000000        0x8 ./Generated_Code/BitIoLdd2.o
 .group         0x00000000        0x8 ./Generated_Code/BitIoLdd2.o
 .group         0x00000000        0x8 ./Generated_Code/BitIoLdd2.o
 .group         0x00000000        0x8 ./Generated_Code/BitIoLdd2.o
 .group         0x00000000        0x8 ./Generated_Code/BitIoLdd2.o
 .group         0x00000000        0x8 ./Generated_Code/BitIoLdd2.o
 .group         0x00000000        0x8 ./Generated_Code/BitIoLdd2.o
 .group         0x00000000        0x8 ./Generated_Code/BitIoLdd2.o
 .text          0x00000000        0x0 ./Generated_Code/BitIoLdd2.o
 .data          0x00000000        0x0 ./Generated_Code/BitIoLdd2.o
 .bss           0x00000000        0x0 ./Generated_Code/BitIoLdd2.o
 .text.BitIoLdd2_SetDir
                0x00000000       0x3c ./Generated_Code/BitIoLdd2.o
 .text.BitIoLdd2_GetVal
                0x00000000       0x48 ./Generated_Code/BitIoLdd2.o
 .text.BitIoLdd2_PutVal
                0x00000000       0x30 ./Generated_Code/BitIoLdd2.o
 .text.BitIoLdd2_ClrVal
                0x00000000       0x1c ./Generated_Code/BitIoLdd2.o
 .text.BitIoLdd2_SetVal
                0x00000000       0x1c ./Generated_Code/BitIoLdd2.o
 .debug_macro   0x00000000      0x84a ./Generated_Code/BitIoLdd2.o
 .debug_macro   0x00000000       0x16 ./Generated_Code/BitIoLdd2.o
 .debug_macro   0x00000000       0x44 ./Generated_Code/BitIoLdd2.o
 .debug_macro   0x00000000      0x209 ./Generated_Code/BitIoLdd2.o
 .debug_macro   0x00000000     0x1687 ./Generated_Code/BitIoLdd2.o
 .debug_macro   0x00000000      0x14e ./Generated_Code/BitIoLdd2.o
 .debug_macro   0x00000000       0x6a ./Generated_Code/BitIoLdd2.o
 .debug_macro   0x00000000     0x9b9f ./Generated_Code/BitIoLdd2.o
 .debug_macro   0x00000000       0x94 ./Generated_Code/BitIoLdd2.o
 .debug_macro   0x00000000      0x12c ./Generated_Code/BitIoLdd2.o
 .debug_macro   0x00000000       0x9a ./Generated_Code/BitIoLdd2.o
 .group         0x00000000        0x8 ./Generated_Code/BlueLED.o
 .group         0x00000000        0x8 ./Generated_Code/BlueLED.o
 .group         0x00000000        0x8 ./Generated_Code/BlueLED.o
 .group         0x00000000        0x8 ./Generated_Code/BlueLED.o
 .group         0x00000000        0x8 ./Generated_Code/BlueLED.o
 .group         0x00000000        0x8 ./Generated_Code/BlueLED.o
 .group         0x00000000        0x8 ./Generated_Code/BlueLED.o
 .group         0x00000000        0x8 ./Generated_Code/BlueLED.o
 .group         0x00000000        0x8 ./Generated_Code/BlueLED.o
 .group         0x00000000        0x8 ./Generated_Code/BlueLED.o
 .group         0x00000000        0x8 ./Generated_Code/BlueLED.o
 .group         0x00000000        0x8 ./Generated_Code/BlueLED.o
 .group         0x00000000        0x8 ./Generated_Code/BlueLED.o
 .text          0x00000000        0x0 ./Generated_Code/BlueLED.o
 .data          0x00000000        0x0 ./Generated_Code/BlueLED.o
 .bss           0x00000000        0x0 ./Generated_Code/BlueLED.o
 .debug_info    0x00000000       0x7d ./Generated_Code/BlueLED.o
 .debug_abbrev  0x00000000       0x29 ./Generated_Code/BlueLED.o
 .debug_aranges
                0x00000000       0x18 ./Generated_Code/BlueLED.o
 .debug_macro   0x00000000       0xb5 ./Generated_Code/BlueLED.o
 .debug_macro   0x00000000      0x84a ./Generated_Code/BlueLED.o
 .debug_macro   0x00000000       0x16 ./Generated_Code/BlueLED.o
 .debug_macro   0x00000000       0x44 ./Generated_Code/BlueLED.o
 .debug_macro   0x00000000      0x209 ./Generated_Code/BlueLED.o
 .debug_macro   0x00000000     0x1687 ./Generated_Code/BlueLED.o
 .debug_macro   0x00000000      0x14e ./Generated_Code/BlueLED.o
 .debug_macro   0x00000000       0x6a ./Generated_Code/BlueLED.o
 .debug_macro   0x00000000     0x9b9f ./Generated_Code/BlueLED.o
 .debug_macro   0x00000000       0x94 ./Generated_Code/BlueLED.o
 .debug_macro   0x00000000      0x12c ./Generated_Code/BlueLED.o
 .debug_macro   0x00000000       0x9a ./Generated_Code/BlueLED.o
 .debug_macro   0x00000000       0x46 ./Generated_Code/BlueLED.o
 .debug_macro   0x00000000       0x26 ./Generated_Code/BlueLED.o
 .debug_line    0x00000000      0x279 ./Generated_Code/BlueLED.o
 .debug_str     0x00000000    0x3fe13 ./Generated_Code/BlueLED.o
 .comment       0x00000000       0x71 ./Generated_Code/BlueLED.o
 .ARM.attributes
                0x00000000       0x33 ./Generated_Code/BlueLED.o
 .group         0x00000000        0x8 ./Generated_Code/Cpu.o
 .group         0x00000000        0x8 ./Generated_Code/Cpu.o
 .group         0x00000000        0x8 ./Generated_Code/Cpu.o
 .group         0x00000000        0x8 ./Generated_Code/Cpu.o
 .group         0x00000000        0x8 ./Generated_Code/Cpu.o
 .group         0x00000000        0x8 ./Generated_Code/Cpu.o
 .group         0x00000000        0x8 ./Generated_Code/Cpu.o
 .group         0x00000000        0x8 ./Generated_Code/Cpu.o
 .group         0x00000000        0x8 ./Generated_Code/Cpu.o
 .group         0x00000000        0x8 ./Generated_Code/Cpu.o
 .group         0x00000000        0x8 ./Generated_Code/Cpu.o
 .group         0x00000000        0x8 ./Generated_Code/Cpu.o
 .group         0x00000000        0x8 ./Generated_Code/Cpu.o
 .group         0x00000000        0x8 ./Generated_Code/Cpu.o
 .group         0x00000000        0x8 ./Generated_Code/Cpu.o
 .group         0x00000000        0x8 ./Generated_Code/Cpu.o
 .group         0x00000000        0x8 ./Generated_Code/Cpu.o
 .group         0x00000000        0x8 ./Generated_Code/Cpu.o
 .group         0x00000000        0x8 ./Generated_Code/Cpu.o
 .group         0x00000000        0x8 ./Generated_Code/Cpu.o
 .group         0x00000000        0x8 ./Generated_Code/Cpu.o
 .group         0x00000000        0x8 ./Generated_Code/Cpu.o
 .group         0x00000000        0x8 ./Generated_Code/Cpu.o
 .group         0x00000000        0x8 ./Generated_Code/Cpu.o
 .group         0x00000000        0x8 ./Generated_Code/Cpu.o
 .text          0x00000000        0x0 ./Generated_Code/Cpu.o
 .data          0x00000000        0x0 ./Generated_Code/Cpu.o
 .bss           0x00000000        0x0 ./Generated_Code/Cpu.o
 .debug_macro   0x00000000      0x84a ./Generated_Code/Cpu.o
 .debug_macro   0x00000000       0x16 ./Generated_Code/Cpu.o
 .debug_macro   0x00000000       0x44 ./Generated_Code/Cpu.o
 .debug_macro   0x00000000      0x209 ./Generated_Code/Cpu.o
 .debug_macro   0x00000000     0x1687 ./Generated_Code/Cpu.o
 .debug_macro   0x00000000      0x14e ./Generated_Code/Cpu.o
 .debug_macro   0x00000000       0x6a ./Generated_Code/Cpu.o
 .debug_macro   0x00000000     0x9b9f ./Generated_Code/Cpu.o
 .debug_macro   0x00000000       0x94 ./Generated_Code/Cpu.o
 .debug_macro   0x00000000      0x6a0 ./Generated_Code/Cpu.o
 .debug_macro   0x00000000       0x9a ./Generated_Code/Cpu.o
 .debug_macro   0x00000000       0x74 ./Generated_Code/Cpu.o
 .debug_macro   0x00000000       0x37 ./Generated_Code/Cpu.o
 .debug_macro   0x00000000       0x25 ./Generated_Code/Cpu.o
 .debug_macro   0x00000000      0x132 ./Generated_Code/Cpu.o
 .debug_macro   0x00000000       0x46 ./Generated_Code/Cpu.o
 .debug_macro   0x00000000       0x26 ./Generated_Code/Cpu.o
 .debug_macro   0x00000000       0x4c ./Generated_Code/Cpu.o
 .debug_macro   0x00000000       0x26 ./Generated_Code/Cpu.o
 .debug_macro   0x00000000       0x58 ./Generated_Code/Cpu.o
 .debug_macro   0x00000000       0x28 ./Generated_Code/Cpu.o
 .debug_macro   0x00000000       0x18 ./Generated_Code/Cpu.o
 .debug_macro   0x00000000      0x61c ./Generated_Code/Cpu.o
 .debug_macro   0x00000000       0x7b ./Generated_Code/Cpu.o
 .debug_macro   0x00000000       0x10 ./Generated_Code/Cpu.o
 .group         0x00000000        0x8 ./Generated_Code/GreenLED.o
 .group         0x00000000        0x8 ./Generated_Code/GreenLED.o
 .group         0x00000000        0x8 ./Generated_Code/GreenLED.o
 .group         0x00000000        0x8 ./Generated_Code/GreenLED.o
 .group         0x00000000        0x8 ./Generated_Code/GreenLED.o
 .group         0x00000000        0x8 ./Generated_Code/GreenLED.o
 .group         0x00000000        0x8 ./Generated_Code/GreenLED.o
 .group         0x00000000        0x8 ./Generated_Code/GreenLED.o
 .group         0x00000000        0x8 ./Generated_Code/GreenLED.o
 .group         0x00000000        0x8 ./Generated_Code/GreenLED.o
 .group         0x00000000        0x8 ./Generated_Code/GreenLED.o
 .group         0x00000000        0x8 ./Generated_Code/GreenLED.o
 .group         0x00000000        0x8 ./Generated_Code/GreenLED.o
 .text          0x00000000        0x0 ./Generated_Code/GreenLED.o
 .data          0x00000000        0x0 ./Generated_Code/GreenLED.o
 .bss           0x00000000        0x0 ./Generated_Code/GreenLED.o
 .debug_info    0x00000000       0x7d ./Generated_Code/GreenLED.o
 .debug_abbrev  0x00000000       0x29 ./Generated_Code/GreenLED.o
 .debug_aranges
                0x00000000       0x18 ./Generated_Code/GreenLED.o
 .debug_macro   0x00000000       0xb5 ./Generated_Code/GreenLED.o
 .debug_macro   0x00000000      0x84a ./Generated_Code/GreenLED.o
 .debug_macro   0x00000000       0x16 ./Generated_Code/GreenLED.o
 .debug_macro   0x00000000       0x44 ./Generated_Code/GreenLED.o
 .debug_macro   0x00000000      0x209 ./Generated_Code/GreenLED.o
 .debug_macro   0x00000000     0x1687 ./Generated_Code/GreenLED.o
 .debug_macro   0x00000000      0x14e ./Generated_Code/GreenLED.o
 .debug_macro   0x00000000       0x6a ./Generated_Code/GreenLED.o
 .debug_macro   0x00000000     0x9b9f ./Generated_Code/GreenLED.o
 .debug_macro   0x00000000       0x94 ./Generated_Code/GreenLED.o
 .debug_macro   0x00000000      0x12c ./Generated_Code/GreenLED.o
 .debug_macro   0x00000000       0x9a ./Generated_Code/GreenLED.o
 .debug_macro   0x00000000       0x46 ./Generated_Code/GreenLED.o
 .debug_macro   0x00000000       0x26 ./Generated_Code/GreenLED.o
 .debug_line    0x00000000      0x27b ./Generated_Code/GreenLED.o
 .debug_str     0x00000000    0x3fe1a ./Generated_Code/GreenLED.o
 .comment       0x00000000       0x71 ./Generated_Code/GreenLED.o
 .ARM.attributes
                0x00000000       0x33 ./Generated_Code/GreenLED.o
 .group         0x00000000        0x8 ./Generated_Code/PE_LDD.o
 .group         0x00000000        0x8 ./Generated_Code/PE_LDD.o
 .group         0x00000000        0x8 ./Generated_Code/PE_LDD.o
 .group         0x00000000        0x8 ./Generated_Code/PE_LDD.o
 .group         0x00000000        0x8 ./Generated_Code/PE_LDD.o
 .group         0x00000000        0x8 ./Generated_Code/PE_LDD.o
 .group         0x00000000        0x8 ./Generated_Code/PE_LDD.o
 .group         0x00000000        0x8 ./Generated_Code/PE_LDD.o
 .group         0x00000000        0x8 ./Generated_Code/PE_LDD.o
 .group         0x00000000        0x8 ./Generated_Code/PE_LDD.o
 .group         0x00000000        0x8 ./Generated_Code/PE_LDD.o
 .group         0x00000000        0x8 ./Generated_Code/PE_LDD.o
 .group         0x00000000        0x8 ./Generated_Code/PE_LDD.o
 .group         0x00000000        0x8 ./Generated_Code/PE_LDD.o
 .group         0x00000000        0x8 ./Generated_Code/PE_LDD.o
 .group         0x00000000        0x8 ./Generated_Code/PE_LDD.o
 .group         0x00000000        0x8 ./Generated_Code/PE_LDD.o
 .group         0x00000000        0x8 ./Generated_Code/PE_LDD.o
 .group         0x00000000        0x8 ./Generated_Code/PE_LDD.o
 .group         0x00000000        0x8 ./Generated_Code/PE_LDD.o
 .group         0x00000000        0x8 ./Generated_Code/PE_LDD.o
 .group         0x00000000        0x8 ./Generated_Code/PE_LDD.o
 .group         0x00000000        0x8 ./Generated_Code/PE_LDD.o
 .group         0x00000000        0x8 ./Generated_Code/PE_LDD.o
 .group         0x00000000        0x8 ./Generated_Code/PE_LDD.o
 .text          0x00000000        0x0 ./Generated_Code/PE_LDD.o
 .data          0x00000000        0x0 ./Generated_Code/PE_LDD.o
 .bss           0x00000000        0x0 ./Generated_Code/PE_LDD.o
 .rodata.PE_CpuClockConfigurations
                0x00000000       0x28 ./Generated_Code/PE_LDD.o
 .text.PE_FillMemory
                0x00000000       0x24 ./Generated_Code/PE_LDD.o
 .text.PE_PeripheralUsed
                0x00000000       0x60 ./Generated_Code/PE_LDD.o
 .text.LDD_SetClockConfiguration
                0x00000000       0x14 ./Generated_Code/PE_LDD.o
 .debug_macro   0x00000000      0x84a ./Generated_Code/PE_LDD.o
 .debug_macro   0x00000000       0x16 ./Generated_Code/PE_LDD.o
 .debug_macro   0x00000000       0x44 ./Generated_Code/PE_LDD.o
 .debug_macro   0x00000000      0x209 ./Generated_Code/PE_LDD.o
 .debug_macro   0x00000000     0x1687 ./Generated_Code/PE_LDD.o
 .debug_macro   0x00000000      0x14e ./Generated_Code/PE_LDD.o
 .debug_macro   0x00000000       0x6a ./Generated_Code/PE_LDD.o
 .debug_macro   0x00000000     0x9b9f ./Generated_Code/PE_LDD.o
 .debug_macro   0x00000000       0x94 ./Generated_Code/PE_LDD.o
 .debug_macro   0x00000000      0x6a0 ./Generated_Code/PE_LDD.o
 .debug_macro   0x00000000       0x9a ./Generated_Code/PE_LDD.o
 .debug_macro   0x00000000       0x74 ./Generated_Code/PE_LDD.o
 .debug_macro   0x00000000       0x37 ./Generated_Code/PE_LDD.o
 .debug_macro   0x00000000       0x25 ./Generated_Code/PE_LDD.o
 .debug_macro   0x00000000      0x132 ./Generated_Code/PE_LDD.o
 .debug_macro   0x00000000       0x46 ./Generated_Code/PE_LDD.o
 .debug_macro   0x00000000       0x26 ./Generated_Code/PE_LDD.o
 .debug_macro   0x00000000       0x4c ./Generated_Code/PE_LDD.o
 .debug_macro   0x00000000       0x26 ./Generated_Code/PE_LDD.o
 .debug_macro   0x00000000       0x58 ./Generated_Code/PE_LDD.o
 .debug_macro   0x00000000       0x28 ./Generated_Code/PE_LDD.o
 .debug_macro   0x00000000       0x18 ./Generated_Code/PE_LDD.o
 .debug_macro   0x00000000      0x61c ./Generated_Code/PE_LDD.o
 .debug_macro   0x00000000       0x7b ./Generated_Code/PE_LDD.o
 .debug_macro   0x00000000       0x10 ./Generated_Code/PE_LDD.o
 .group         0x00000000        0x8 ./Generated_Code/PwmLdd1.o
 .group         0x00000000        0x8 ./Generated_Code/PwmLdd1.o
 .group         0x00000000        0x8 ./Generated_Code/PwmLdd1.o
 .group         0x00000000        0x8 ./Generated_Code/PwmLdd1.o
 .group         0x00000000        0x8 ./Generated_Code/PwmLdd1.o
 .group         0x00000000        0x8 ./Generated_Code/PwmLdd1.o
 .group         0x00000000        0x8 ./Generated_Code/PwmLdd1.o
 .group         0x00000000        0x8 ./Generated_Code/PwmLdd1.o
 .group         0x00000000        0x8 ./Generated_Code/PwmLdd1.o
 .group         0x00000000        0x8 ./Generated_Code/PwmLdd1.o
 .group         0x00000000        0x8 ./Generated_Code/PwmLdd1.o
 .group         0x00000000        0x8 ./Generated_Code/PwmLdd1.o
 .group         0x00000000        0x8 ./Generated_Code/PwmLdd1.o
 .text          0x00000000        0x0 ./Generated_Code/PwmLdd1.o
 .data          0x00000000        0x0 ./Generated_Code/PwmLdd1.o
 .bss           0x00000000        0x0 ./Generated_Code/PwmLdd1.o
 .text.PwmLdd1_SetDutyUS
                0x00000000       0x74 ./Generated_Code/PwmLdd1.o
 .text.PwmLdd1_SetDutyMS
                0x00000000       0x70 ./Generated_Code/PwmLdd1.o
 .debug_macro   0x00000000      0x84a ./Generated_Code/PwmLdd1.o
 .debug_macro   0x00000000       0x16 ./Generated_Code/PwmLdd1.o
 .debug_macro   0x00000000       0x44 ./Generated_Code/PwmLdd1.o
 .debug_macro   0x00000000      0x209 ./Generated_Code/PwmLdd1.o
 .debug_macro   0x00000000     0x1687 ./Generated_Code/PwmLdd1.o
 .debug_macro   0x00000000      0x14e ./Generated_Code/PwmLdd1.o
 .debug_macro   0x00000000       0x6a ./Generated_Code/PwmLdd1.o
 .debug_macro   0x00000000     0x9b9f ./Generated_Code/PwmLdd1.o
 .debug_macro   0x00000000       0x94 ./Generated_Code/PwmLdd1.o
 .debug_macro   0x00000000      0x6a0 ./Generated_Code/PwmLdd1.o
 .debug_macro   0x00000000       0x9a ./Generated_Code/PwmLdd1.o
 .debug_macro   0x00000000       0x74 ./Generated_Code/PwmLdd1.o
 .debug_macro   0x00000000       0x37 ./Generated_Code/PwmLdd1.o
 .group         0x00000000        0x8 ./Generated_Code/RealTimeLdd1.o
 .group         0x00000000        0x8 ./Generated_Code/RealTimeLdd1.o
 .group         0x00000000        0x8 ./Generated_Code/RealTimeLdd1.o
 .group         0x00000000        0x8 ./Generated_Code/RealTimeLdd1.o
 .group         0x00000000        0x8 ./Generated_Code/RealTimeLdd1.o
 .group         0x00000000        0x8 ./Generated_Code/RealTimeLdd1.o
 .group         0x00000000        0x8 ./Generated_Code/RealTimeLdd1.o
 .group         0x00000000        0x8 ./Generated_Code/RealTimeLdd1.o
 .group         0x00000000        0x8 ./Generated_Code/RealTimeLdd1.o
 .group         0x00000000        0x8 ./Generated_Code/RealTimeLdd1.o
 .group         0x00000000        0x8 ./Generated_Code/RealTimeLdd1.o
 .group         0x00000000        0x8 ./Generated_Code/RealTimeLdd1.o
 .group         0x00000000        0x8 ./Generated_Code/RealTimeLdd1.o
 .text          0x00000000        0x0 ./Generated_Code/RealTimeLdd1.o
 .data          0x00000000        0x0 ./Generated_Code/RealTimeLdd1.o
 .bss           0x00000000        0x0 ./Generated_Code/RealTimeLdd1.o
 .text.RealTimeLdd1_Reset
                0x00000000       0x74 ./Generated_Code/RealTimeLdd1.o
 .text.RealTimeLdd1_GetTimeUS
                0x00000000       0xb0 ./Generated_Code/RealTimeLdd1.o
 .debug_macro   0x00000000      0x84a ./Generated_Code/RealTimeLdd1.o
 .debug_macro   0x00000000       0x16 ./Generated_Code/RealTimeLdd1.o
 .debug_macro   0x00000000       0x44 ./Generated_Code/RealTimeLdd1.o
 .debug_macro   0x00000000      0x209 ./Generated_Code/RealTimeLdd1.o
 .debug_macro   0x00000000     0x1687 ./Generated_Code/RealTimeLdd1.o
 .debug_macro   0x00000000      0x14e ./Generated_Code/RealTimeLdd1.o
 .debug_macro   0x00000000       0x6a ./Generated_Code/RealTimeLdd1.o
 .debug_macro   0x00000000     0x9b9f ./Generated_Code/RealTimeLdd1.o
 .debug_macro   0x00000000       0x94 ./Generated_Code/RealTimeLdd1.o
 .debug_macro   0x00000000      0x6a0 ./Generated_Code/RealTimeLdd1.o
 .debug_macro   0x00000000       0x9a ./Generated_Code/RealTimeLdd1.o
 .debug_macro   0x00000000       0x28 ./Generated_Code/RealTimeLdd1.o
 .group         0x00000000        0x8 ./Generated_Code/RedPWM.o
 .group         0x00000000        0x8 ./Generated_Code/RedPWM.o
 .group         0x00000000        0x8 ./Generated_Code/RedPWM.o
 .group         0x00000000        0x8 ./Generated_Code/RedPWM.o
 .group         0x00000000        0x8 ./Generated_Code/RedPWM.o
 .group         0x00000000        0x8 ./Generated_Code/RedPWM.o
 .group         0x00000000        0x8 ./Generated_Code/RedPWM.o
 .group         0x00000000        0x8 ./Generated_Code/RedPWM.o
 .group         0x00000000        0x8 ./Generated_Code/RedPWM.o
 .group         0x00000000        0x8 ./Generated_Code/RedPWM.o
 .group         0x00000000        0x8 ./Generated_Code/RedPWM.o
 .group         0x00000000        0x8 ./Generated_Code/RedPWM.o
 .group         0x00000000        0x8 ./Generated_Code/RedPWM.o
 .group         0x00000000        0x8 ./Generated_Code/RedPWM.o
 .text          0x00000000        0x0 ./Generated_Code/RedPWM.o
 .data          0x00000000        0x0 ./Generated_Code/RedPWM.o
 .bss           0x00000000        0x0 ./Generated_Code/RedPWM.o
 .debug_info    0x00000000       0x7d ./Generated_Code/RedPWM.o
 .debug_abbrev  0x00000000       0x29 ./Generated_Code/RedPWM.o
 .debug_aranges
                0x00000000       0x18 ./Generated_Code/RedPWM.o
 .debug_macro   0x00000000       0xc4 ./Generated_Code/RedPWM.o
 .debug_macro   0x00000000      0x84a ./Generated_Code/RedPWM.o
 .debug_macro   0x00000000       0x16 ./Generated_Code/RedPWM.o
 .debug_macro   0x00000000       0x44 ./Generated_Code/RedPWM.o
 .debug_macro   0x00000000      0x209 ./Generated_Code/RedPWM.o
 .debug_macro   0x00000000     0x1687 ./Generated_Code/RedPWM.o
 .debug_macro   0x00000000      0x14e ./Generated_Code/RedPWM.o
 .debug_macro   0x00000000       0x6a ./Generated_Code/RedPWM.o
 .debug_macro   0x00000000     0x9b9f ./Generated_Code/RedPWM.o
 .debug_macro   0x00000000       0x94 ./Generated_Code/RedPWM.o
 .debug_macro   0x00000000      0x6a0 ./Generated_Code/RedPWM.o
 .debug_macro   0x00000000       0x9a ./Generated_Code/RedPWM.o
 .debug_macro   0x00000000       0x74 ./Generated_Code/RedPWM.o
 .debug_macro   0x00000000       0x37 ./Generated_Code/RedPWM.o
 .debug_macro   0x00000000       0x25 ./Generated_Code/RedPWM.o
 .debug_line    0x00000000      0x27d ./Generated_Code/RedPWM.o
 .debug_str     0x00000000    0x4842e ./Generated_Code/RedPWM.o
 .comment       0x00000000       0x71 ./Generated_Code/RedPWM.o
 .ARM.attributes
                0x00000000       0x33 ./Generated_Code/RedPWM.o
 .group         0x00000000        0x8 ./Generated_Code/TU1.o
 .group         0x00000000        0x8 ./Generated_Code/TU1.o
 .group         0x00000000        0x8 ./Generated_Code/TU1.o
 .group         0x00000000        0x8 ./Generated_Code/TU1.o
 .group         0x00000000        0x8 ./Generated_Code/TU1.o
 .group         0x00000000        0x8 ./Generated_Code/TU1.o
 .group         0x00000000        0x8 ./Generated_Code/TU1.o
 .group         0x00000000        0x8 ./Generated_Code/TU1.o
 .group         0x00000000        0x8 ./Generated_Code/TU1.o
 .group         0x00000000        0x8 ./Generated_Code/TU1.o
 .group         0x00000000        0x8 ./Generated_Code/TU1.o
 .group         0x00000000        0x8 ./Generated_Code/TU1.o
 .text          0x00000000        0x0 ./Generated_Code/TU1.o
 .data          0x00000000        0x0 ./Generated_Code/TU1.o
 .bss           0x00000000        0x0 ./Generated_Code/TU1.o
 .rodata.ChannelDevice
                0x00000000        0x4 ./Generated_Code/TU1.o
 .rodata.ChannelMode
                0x00000000        0x4 ./Generated_Code/TU1.o
 .text.TU1_GetCounterValue
                0x00000000       0x20 ./Generated_Code/TU1.o
 .text.TU1_GetOffsetTicks
                0x00000000       0x48 ./Generated_Code/TU1.o
 .text.TU1_SelectOutputAction
                0x00000000      0x1bc ./Generated_Code/TU1.o
 .debug_macro   0x00000000      0x84a ./Generated_Code/TU1.o
 .debug_macro   0x00000000       0x16 ./Generated_Code/TU1.o
 .debug_macro   0x00000000       0x44 ./Generated_Code/TU1.o
 .debug_macro   0x00000000      0x209 ./Generated_Code/TU1.o
 .debug_macro   0x00000000     0x1687 ./Generated_Code/TU1.o
 .debug_macro   0x00000000      0x14e ./Generated_Code/TU1.o
 .debug_macro   0x00000000       0x6a ./Generated_Code/TU1.o
 .debug_macro   0x00000000     0x9b9f ./Generated_Code/TU1.o
 .debug_macro   0x00000000       0x94 ./Generated_Code/TU1.o
 .debug_macro   0x00000000      0x6a0 ./Generated_Code/TU1.o
 .debug_macro   0x00000000       0x9a ./Generated_Code/TU1.o
 .debug_macro   0x00000000       0x74 ./Generated_Code/TU1.o
 .group         0x00000000        0x8 ./Generated_Code/TU2.o
 .group         0x00000000        0x8 ./Generated_Code/TU2.o
 .group         0x00000000        0x8 ./Generated_Code/TU2.o
 .group         0x00000000        0x8 ./Generated_Code/TU2.o
 .group         0x00000000        0x8 ./Generated_Code/TU2.o
 .group         0x00000000        0x8 ./Generated_Code/TU2.o
 .group         0x00000000        0x8 ./Generated_Code/TU2.o
 .group         0x00000000        0x8 ./Generated_Code/TU2.o
 .group         0x00000000        0x8 ./Generated_Code/TU2.o
 .group         0x00000000        0x8 ./Generated_Code/TU2.o
 .group         0x00000000        0x8 ./Generated_Code/TU2.o
 .group         0x00000000        0x8 ./Generated_Code/TU2.o
 .group         0x00000000        0x8 ./Generated_Code/TU2.o
 .text          0x00000000        0x0 ./Generated_Code/TU2.o
 .data          0x00000000        0x0 ./Generated_Code/TU2.o
 .bss           0x00000000        0x0 ./Generated_Code/TU2.o
 .text.TU2_ResetCounter
                0x00000000       0x20 ./Generated_Code/TU2.o
 .debug_macro   0x00000000      0x84a ./Generated_Code/TU2.o
 .debug_macro   0x00000000       0x16 ./Generated_Code/TU2.o
 .debug_macro   0x00000000       0x44 ./Generated_Code/TU2.o
 .debug_macro   0x00000000      0x209 ./Generated_Code/TU2.o
 .debug_macro   0x00000000     0x1687 ./Generated_Code/TU2.o
 .debug_macro   0x00000000      0x14e ./Generated_Code/TU2.o
 .debug_macro   0x00000000       0x6a ./Generated_Code/TU2.o
 .debug_macro   0x00000000     0x9b9f ./Generated_Code/TU2.o
 .debug_macro   0x00000000       0x94 ./Generated_Code/TU2.o
 .debug_macro   0x00000000      0x6a0 ./Generated_Code/TU2.o
 .debug_macro   0x00000000       0x9a ./Generated_Code/TU2.o
 .debug_macro   0x00000000       0x52 ./Generated_Code/TU2.o
 .debug_macro   0x00000000       0x28 ./Generated_Code/TU2.o
 .group         0x00000000        0x8 ./Generated_Code/Timer.o
 .group         0x00000000        0x8 ./Generated_Code/Timer.o
 .group         0x00000000        0x8 ./Generated_Code/Timer.o
 .group         0x00000000        0x8 ./Generated_Code/Timer.o
 .group         0x00000000        0x8 ./Generated_Code/Timer.o
 .group         0x00000000        0x8 ./Generated_Code/Timer.o
 .group         0x00000000        0x8 ./Generated_Code/Timer.o
 .group         0x00000000        0x8 ./Generated_Code/Timer.o
 .group         0x00000000        0x8 ./Generated_Code/Timer.o
 .group         0x00000000        0x8 ./Generated_Code/Timer.o
 .group         0x00000000        0x8 ./Generated_Code/Timer.o
 .group         0x00000000        0x8 ./Generated_Code/Timer.o
 .group         0x00000000        0x8 ./Generated_Code/Timer.o
 .group         0x00000000        0x8 ./Generated_Code/Timer.o
 .text          0x00000000        0x0 ./Generated_Code/Timer.o
 .data          0x00000000        0x0 ./Generated_Code/Timer.o
 .bss           0x00000000        0x0 ./Generated_Code/Timer.o
 .debug_info    0x00000000       0x7d ./Generated_Code/Timer.o
 .debug_abbrev  0x00000000       0x29 ./Generated_Code/Timer.o
 .debug_aranges
                0x00000000       0x18 ./Generated_Code/Timer.o
 .debug_macro   0x00000000       0xc4 ./Generated_Code/Timer.o
 .debug_macro   0x00000000      0x84a ./Generated_Code/Timer.o
 .debug_macro   0x00000000       0x16 ./Generated_Code/Timer.o
 .debug_macro   0x00000000       0x44 ./Generated_Code/Timer.o
 .debug_macro   0x00000000      0x209 ./Generated_Code/Timer.o
 .debug_macro   0x00000000     0x1687 ./Generated_Code/Timer.o
 .debug_macro   0x00000000      0x14e ./Generated_Code/Timer.o
 .debug_macro   0x00000000       0x6a ./Generated_Code/Timer.o
 .debug_macro   0x00000000     0x9b9f ./Generated_Code/Timer.o
 .debug_macro   0x00000000       0x94 ./Generated_Code/Timer.o
 .debug_macro   0x00000000      0x6a0 ./Generated_Code/Timer.o
 .debug_macro   0x00000000       0x9a ./Generated_Code/Timer.o
 .debug_macro   0x00000000       0x52 ./Generated_Code/Timer.o
 .debug_macro   0x00000000       0x28 ./Generated_Code/Timer.o
 .debug_macro   0x00000000       0x18 ./Generated_Code/Timer.o
 .debug_line    0x00000000      0x280 ./Generated_Code/Timer.o
 .debug_str     0x00000000    0x4834c ./Generated_Code/Timer.o
 .comment       0x00000000       0x71 ./Generated_Code/Timer.o
 .ARM.attributes
                0x00000000       0x33 ./Generated_Code/Timer.o
 .group         0x00000000        0x8 ./Generated_Code/Vectors.o
 .group         0x00000000        0x8 ./Generated_Code/Vectors.o
 .group         0x00000000        0x8 ./Generated_Code/Vectors.o
 .group         0x00000000        0x8 ./Generated_Code/Vectors.o
 .group         0x00000000        0x8 ./Generated_Code/Vectors.o
 .group         0x00000000        0x8 ./Generated_Code/Vectors.o
 .group         0x00000000        0x8 ./Generated_Code/Vectors.o
 .group         0x00000000        0x8 ./Generated_Code/Vectors.o
 .group         0x00000000        0x8 ./Generated_Code/Vectors.o
 .group         0x00000000        0x8 ./Generated_Code/Vectors.o
 .group         0x00000000        0x8 ./Generated_Code/Vectors.o
 .group         0x00000000        0x8 ./Generated_Code/Vectors.o
 .group         0x00000000        0x8 ./Generated_Code/Vectors.o
 .group         0x00000000        0x8 ./Generated_Code/Vectors.o
 .group         0x00000000        0x8 ./Generated_Code/Vectors.o
 .group         0x00000000        0x8 ./Generated_Code/Vectors.o
 .group         0x00000000        0x8 ./Generated_Code/Vectors.o
 .group         0x00000000        0x8 ./Generated_Code/Vectors.o
 .group         0x00000000        0x8 ./Generated_Code/Vectors.o
 .group         0x00000000        0x8 ./Generated_Code/Vectors.o
 .group         0x00000000        0x8 ./Generated_Code/Vectors.o
 .group         0x00000000        0x8 ./Generated_Code/Vectors.o
 .group         0x00000000        0x8 ./Generated_Code/Vectors.o
 .group         0x00000000        0x8 ./Generated_Code/Vectors.o
 .group         0x00000000        0x8 ./Generated_Code/Vectors.o
 .text          0x00000000        0x0 ./Generated_Code/Vectors.o
 .data          0x00000000        0x0 ./Generated_Code/Vectors.o
 .bss           0x00000000        0x0 ./Generated_Code/Vectors.o
 .debug_macro   0x00000000      0x84a ./Generated_Code/Vectors.o
 .debug_macro   0x00000000       0x16 ./Generated_Code/Vectors.o
 .debug_macro   0x00000000       0x44 ./Generated_Code/Vectors.o
 .debug_macro   0x00000000      0x209 ./Generated_Code/Vectors.o
 .debug_macro   0x00000000     0x1687 ./Generated_Code/Vectors.o
 .debug_macro   0x00000000      0x14e ./Generated_Code/Vectors.o
 .debug_macro   0x00000000       0x6a ./Generated_Code/Vectors.o
 .debug_macro   0x00000000     0x9b9f ./Generated_Code/Vectors.o
 .debug_macro   0x00000000       0x94 ./Generated_Code/Vectors.o
 .debug_macro   0x00000000       0x94 ./Generated_Code/Vectors.o
 .debug_macro   0x00000000      0x6a0 ./Generated_Code/Vectors.o
 .debug_macro   0x00000000       0x74 ./Generated_Code/Vectors.o
 .debug_macro   0x00000000       0x37 ./Generated_Code/Vectors.o
 .debug_macro   0x00000000       0x25 ./Generated_Code/Vectors.o
 .debug_macro   0x00000000      0x132 ./Generated_Code/Vectors.o
 .debug_macro   0x00000000       0x46 ./Generated_Code/Vectors.o
 .debug_macro   0x00000000       0x26 ./Generated_Code/Vectors.o
 .debug_macro   0x00000000       0x4c ./Generated_Code/Vectors.o
 .debug_macro   0x00000000       0x26 ./Generated_Code/Vectors.o
 .debug_macro   0x00000000       0x58 ./Generated_Code/Vectors.o
 .debug_macro   0x00000000       0x28 ./Generated_Code/Vectors.o
 .debug_macro   0x00000000       0x18 ./Generated_Code/Vectors.o
 .debug_macro   0x00000000      0x61c ./Generated_Code/Vectors.o
 .debug_macro   0x00000000       0x7b ./Generated_Code/Vectors.o
 .debug_macro   0x00000000       0x10 ./Generated_Code/Vectors.o
 .data          0x00000000        0x0 c:/freescale/kds_3.0.0/toolchain/bin/../lib/gcc/arm-none-eabi/4.8.4/armv7e-m\libgcc.a(_arm_addsubdf3.o)
 .bss           0x00000000        0x0 c:/freescale/kds_3.0.0/toolchain/bin/../lib/gcc/arm-none-eabi/4.8.4/armv7e-m\libgcc.a(_arm_addsubdf3.o)
 .data          0x00000000        0x0 c:/freescale/kds_3.0.0/toolchain/bin/../lib/gcc/arm-none-eabi/4.8.4/armv7e-m\libgcc.a(_arm_muldivdf3.o)
 .bss           0x00000000        0x0 c:/freescale/kds_3.0.0/toolchain/bin/../lib/gcc/arm-none-eabi/4.8.4/armv7e-m\libgcc.a(_arm_muldivdf3.o)
 .data          0x00000000        0x0 c:/freescale/kds_3.0.0/toolchain/bin/../lib/gcc/arm-none-eabi/4.8.4/armv7e-m\libgcc.a(_arm_fixunsdfsi.o)
 .bss           0x00000000        0x0 c:/freescale/kds_3.0.0/toolchain/bin/../lib/gcc/arm-none-eabi/4.8.4/armv7e-m\libgcc.a(_arm_fixunsdfsi.o)
 .data          0x00000000        0x0 c:/freescale/kds_3.0.0/toolchain/bin/../lib/gcc/arm-none-eabi/4.8.4/armv7e-m\libgcc.a(_arm_addsubsf3.o)
 .bss           0x00000000        0x0 c:/freescale/kds_3.0.0/toolchain/bin/../lib/gcc/arm-none-eabi/4.8.4/armv7e-m\libgcc.a(_arm_addsubsf3.o)
 .data          0x00000000        0x0 c:/freescale/kds_3.0.0/toolchain/bin/../lib/gcc/arm-none-eabi/4.8.4/armv7e-m\libgcc.a(_arm_muldivsf3.o)
 .bss           0x00000000        0x0 c:/freescale/kds_3.0.0/toolchain/bin/../lib/gcc/arm-none-eabi/4.8.4/armv7e-m\libgcc.a(_arm_muldivsf3.o)
 .data          0x00000000        0x0 c:/freescale/kds_3.0.0/toolchain/bin/../lib/gcc/arm-none-eabi/4.8.4/armv7e-m\libgcc.a(_arm_cmpsf2.o)
 .bss           0x00000000        0x0 c:/freescale/kds_3.0.0/toolchain/bin/../lib/gcc/arm-none-eabi/4.8.4/armv7e-m\libgcc.a(_arm_cmpsf2.o)
 .data          0x00000000        0x0 c:/freescale/kds_3.0.0/toolchain/bin/../lib/gcc/arm-none-eabi/4.8.4/armv7e-m\libgcc.a(_arm_fixunssfsi.o)
 .bss           0x00000000        0x0 c:/freescale/kds_3.0.0/toolchain/bin/../lib/gcc/arm-none-eabi/4.8.4/armv7e-m\libgcc.a(_arm_fixunssfsi.o)
 .text          0x00000000        0x0 c:/freescale/kds_3.0.0/toolchain/bin/../lib/gcc/arm-none-eabi/4.8.4/../../../../arm-none-eabi/lib/armv7e-m\libg_s.a(lib_a-exit.o)
 .data          0x00000000        0x0 c:/freescale/kds_3.0.0/toolchain/bin/../lib/gcc/arm-none-eabi/4.8.4/../../../../arm-none-eabi/lib/armv7e-m\libg_s.a(lib_a-exit.o)
 .bss           0x00000000        0x0 c:/freescale/kds_3.0.0/toolchain/bin/../lib/gcc/arm-none-eabi/4.8.4/../../../../arm-none-eabi/lib/armv7e-m\libg_s.a(lib_a-exit.o)
 .text          0x00000000        0x0 c:/freescale/kds_3.0.0/toolchain/bin/../lib/gcc/arm-none-eabi/4.8.4/../../../../arm-none-eabi/lib/armv7e-m\libg_s.a(lib_a-impure.o)
 .data          0x00000000        0x0 c:/freescale/kds_3.0.0/toolchain/bin/../lib/gcc/arm-none-eabi/4.8.4/../../../../arm-none-eabi/lib/armv7e-m\libg_s.a(lib_a-impure.o)
 .bss           0x00000000        0x0 c:/freescale/kds_3.0.0/toolchain/bin/../lib/gcc/arm-none-eabi/4.8.4/../../../../arm-none-eabi/lib/armv7e-m\libg_s.a(lib_a-impure.o)
 .data._impure_ptr
                0x00000000        0x4 c:/freescale/kds_3.0.0/toolchain/bin/../lib/gcc/arm-none-eabi/4.8.4/../../../../arm-none-eabi/lib/armv7e-m\libg_s.a(lib_a-impure.o)
 .text          0x00000000        0x0 c:/freescale/kds_3.0.0/toolchain/bin/../lib/gcc/arm-none-eabi/4.8.4/../../../../arm-none-eabi/lib/armv7e-m\libg_s.a(lib_a-init.o)
 .data          0x00000000        0x0 c:/freescale/kds_3.0.0/toolchain/bin/../lib/gcc/arm-none-eabi/4.8.4/../../../../arm-none-eabi/lib/armv7e-m\libg_s.a(lib_a-init.o)
 .bss           0x00000000        0x0 c:/freescale/kds_3.0.0/toolchain/bin/../lib/gcc/arm-none-eabi/4.8.4/../../../../arm-none-eabi/lib/armv7e-m\libg_s.a(lib_a-init.o)
 .text          0x00000000        0x0 c:/freescale/kds_3.0.0/toolchain/bin/../lib/gcc/arm-none-eabi/4.8.4/../../../../arm-none-eabi/lib/armv7e-m\libg_s.a(lib_a-memset.o)
 .data          0x00000000        0x0 c:/freescale/kds_3.0.0/toolchain/bin/../lib/gcc/arm-none-eabi/4.8.4/../../../../arm-none-eabi/lib/armv7e-m\libg_s.a(lib_a-memset.o)
 .bss           0x00000000        0x0 c:/freescale/kds_3.0.0/toolchain/bin/../lib/gcc/arm-none-eabi/4.8.4/../../../../arm-none-eabi/lib/armv7e-m\libg_s.a(lib_a-memset.o)
 .text          0x00000000        0x0 c:/freescale/kds_3.0.0/toolchain/bin/../lib/gcc/arm-none-eabi/4.8.4/../../../../arm-none-eabi/lib/armv7e-m\libnosys.a(_exit.o)
 .data          0x00000000        0x0 c:/freescale/kds_3.0.0/toolchain/bin/../lib/gcc/arm-none-eabi/4.8.4/../../../../arm-none-eabi/lib/armv7e-m\libnosys.a(_exit.o)
 .bss           0x00000000        0x0 c:/freescale/kds_3.0.0/toolchain/bin/../lib/gcc/arm-none-eabi/4.8.4/../../../../arm-none-eabi/lib/armv7e-m\libnosys.a(_exit.o)
 .text          0x00000000        0x0 c:/freescale/kds_3.0.0/toolchain/bin/../lib/gcc/arm-none-eabi/4.8.4/armv7e-m/crtend.o
 .data          0x00000000        0x0 c:/freescale/kds_3.0.0/toolchain/bin/../lib/gcc/arm-none-eabi/4.8.4/armv7e-m/crtend.o
 .bss           0x00000000        0x0 c:/freescale/kds_3.0.0/toolchain/bin/../lib/gcc/arm-none-eabi/4.8.4/armv7e-m/crtend.o
 .eh_frame      0x00000000        0x4 c:/freescale/kds_3.0.0/toolchain/bin/../lib/gcc/arm-none-eabi/4.8.4/armv7e-m/crtend.o
 .jcr           0x00000000        0x4 c:/freescale/kds_3.0.0/toolchain/bin/../lib/gcc/arm-none-eabi/4.8.4/armv7e-m/crtend.o
 .ARM.attributes
                0x00000000       0x2e c:/freescale/kds_3.0.0/toolchain/bin/../lib/gcc/arm-none-eabi/4.8.4/armv7e-m/crtend.o
 .text          0x00000000        0x0 c:/freescale/kds_3.0.0/toolchain/bin/../lib/gcc/arm-none-eabi/4.8.4/armv7e-m/crtn.o
 .data          0x00000000        0x0 c:/freescale/kds_3.0.0/toolchain/bin/../lib/gcc/arm-none-eabi/4.8.4/armv7e-m/crtn.o
 .bss           0x00000000        0x0 c:/freescale/kds_3.0.0/toolchain/bin/../lib/gcc/arm-none-eabi/4.8.4/armv7e-m/crtn.o

Memory Configuration

Name             Origin             Length             Attributes
m_interrupts     0x00000000         0x000000f8         xr
m_text           0x00000410         0x0001fbf0         xr
m_data           0x1fffe000         0x00002000         rw
m_data_20000000  0x20000000         0x00002000         rw
m_cfmprotrom     0x00000400         0x00000010         xr
*default*        0x00000000         0xffffffff

Linker script and memory map

LOAD c:/freescale/kds_3.0.0/toolchain/bin/../lib/gcc/arm-none-eabi/4.8.4/armv7e-m/crti.o
LOAD c:/freescale/kds_3.0.0/toolchain/bin/../lib/gcc/arm-none-eabi/4.8.4/armv7e-m/crtbegin.o
LOAD c:/freescale/kds_3.0.0/toolchain/bin/../lib/gcc/arm-none-eabi/4.8.4/../../../../arm-none-eabi/lib/armv7e-m/crt0.o
LOAD ./Sources/Events.o
LOAD ./Sources/main.o
LOAD ./Project_Settings/Startup_Code/startup.o
LOAD ./Generated_Code/AD1.o
LOAD ./Generated_Code/AdcLdd1.o
LOAD ./Generated_Code/BitIoLdd1.o
LOAD ./Generated_Code/BitIoLdd2.o
LOAD ./Generated_Code/BlueLED.o
LOAD ./Generated_Code/Cpu.o
LOAD ./Generated_Code/GreenLED.o
LOAD ./Generated_Code/PE_LDD.o
LOAD ./Generated_Code/PwmLdd1.o
LOAD ./Generated_Code/RealTimeLdd1.o
LOAD ./Generated_Code/RedPWM.o
LOAD ./Generated_Code/TU1.o
LOAD ./Generated_Code/TU2.o
LOAD ./Generated_Code/Timer.o
LOAD ./Generated_Code/Vectors.o
LOAD c:/freescale/kds_3.0.0/toolchain/bin/../lib/gcc/arm-none-eabi/4.8.4/../../../../arm-none-eabi/lib/armv7e-m\libstdc++_s.a
LOAD c:/freescale/kds_3.0.0/toolchain/bin/../lib/gcc/arm-none-eabi/4.8.4/../../../../arm-none-eabi/lib/armv7e-m\libm.a
START GROUP
LOAD c:/freescale/kds_3.0.0/toolchain/bin/../lib/gcc/arm-none-eabi/4.8.4/armv7e-m\libgcc.a
LOAD c:/freescale/kds_3.0.0/toolchain/bin/../lib/gcc/arm-none-eabi/4.8.4/../../../../arm-none-eabi/lib/armv7e-m\libg_s.a
LOAD c:/freescale/kds_3.0.0/toolchain/bin/../lib/gcc/arm-none-eabi/4.8.4/../../../../arm-none-eabi/lib/armv7e-m\libc_s.a
END GROUP
START GROUP
LOAD c:/freescale/kds_3.0.0/toolchain/bin/../lib/gcc/arm-none-eabi/4.8.4/armv7e-m\libgcc.a
LOAD c:/freescale/kds_3.0.0/toolchain/bin/../lib/gcc/arm-none-eabi/4.8.4/../../../../arm-none-eabi/lib/armv7e-m\libc_s.a
LOAD c:/freescale/kds_3.0.0/toolchain/bin/../lib/gcc/arm-none-eabi/4.8.4/../../../../arm-none-eabi/lib/armv7e-m\libnosys.a
END GROUP
START GROUP
LOAD c:/freescale/kds_3.0.0/toolchain/bin/../lib/gcc/arm-none-eabi/4.8.4/armv7e-m\libgcc.a
LOAD c:/freescale/kds_3.0.0/toolchain/bin/../lib/gcc/arm-none-eabi/4.8.4/../../../../arm-none-eabi/lib/armv7e-m\libc_s.a
LOAD c:/freescale/kds_3.0.0/toolchain/bin/../lib/gcc/arm-none-eabi/4.8.4/../../../../arm-none-eabi/lib/armv7e-m\libnosys.a
END GROUP
LOAD c:/freescale/kds_3.0.0/toolchain/bin/../lib/gcc/arm-none-eabi/4.8.4/armv7e-m/crtend.o
LOAD c:/freescale/kds_3.0.0/toolchain/bin/../lib/gcc/arm-none-eabi/4.8.4/armv7e-m/crtn.o
                0x20000000                _estack = 0x20000000
                0x20000000                __SP_INIT = _estack
                0x20000000                __stack = _estack
                0x00000000                __heap_size = 0x0
                0x00000400                __stack_size = 0x400

.interrupts     0x00000000       0xf8
                0x00000000                __vector_table = .
                0x00000000                . = ALIGN (0x4)
 *(.vectortable)
 .vectortable   0x00000000       0xf8 ./Generated_Code/Vectors.o
                0x00000000                __vect_table
                0x000000f8                . = ALIGN (0x4)

.cfmprotect     0x00000400       0x10
                0x00000400                . = ALIGN (0x4)
 *(.cfmconfig)
 .cfmconfig     0x00000400       0x10 ./Generated_Code/Cpu.o
                0x00000400                _cfm
                0x00000410                . = ALIGN (0x4)

.text           0x00000410     0x1ebc
                0x00000410                . = ALIGN (0x4)
 *(.text)
 .text          0x00000410       0x54 c:/freescale/kds_3.0.0/toolchain/bin/../lib/gcc/arm-none-eabi/4.8.4/armv7e-m/crtbegin.o
 .text          0x00000464       0x74 c:/freescale/kds_3.0.0/toolchain/bin/../lib/gcc/arm-none-eabi/4.8.4/../../../../arm-none-eabi/lib/armv7e-m/crt0.o
                0x00000464                _start
                0x00000464                _mainCRTStartup
 .text          0x000004d8      0x370 c:/freescale/kds_3.0.0/toolchain/bin/../lib/gcc/arm-none-eabi/4.8.4/armv7e-m\libgcc.a(_arm_addsubdf3.o)
                0x000004d8                __aeabi_drsub
                0x000004e0                __aeabi_dsub
                0x000004e0                __subdf3
                0x000004e4                __aeabi_dadd
                0x000004e4                __adddf3
                0x0000075c                __floatunsidf
                0x0000075c                __aeabi_ui2d
                0x0000077c                __floatsidf
                0x0000077c                __aeabi_i2d
                0x000007a0                __aeabi_f2d
                0x000007a0                __extendsfdf2
                0x000007dc                __floatundidf
                0x000007dc                __aeabi_ul2d
                0x000007ec                __floatdidf
                0x000007ec                __aeabi_l2d
 .text          0x00000848      0x424 c:/freescale/kds_3.0.0/toolchain/bin/../lib/gcc/arm-none-eabi/4.8.4/armv7e-m\libgcc.a(_arm_muldivdf3.o)
                0x00000848                __aeabi_dmul
                0x00000848                __muldf3
                0x00000a9c                __divdf3
                0x00000a9c                __aeabi_ddiv
 .text          0x00000c6c       0x40 c:/freescale/kds_3.0.0/toolchain/bin/../lib/gcc/arm-none-eabi/4.8.4/armv7e-m\libgcc.a(_arm_fixunsdfsi.o)
                0x00000c6c                __aeabi_d2uiz
                0x00000c6c                __fixunsdfsi
 .text          0x00000cac      0x21c c:/freescale/kds_3.0.0/toolchain/bin/../lib/gcc/arm-none-eabi/4.8.4/armv7e-m\libgcc.a(_arm_addsubsf3.o)
                0x00000cac                __aeabi_frsub
                0x00000cb4                __subsf3
                0x00000cb4                __aeabi_fsub
                0x00000cb8                __aeabi_fadd
                0x00000cb8                __addsf3
                0x00000e18                __aeabi_ui2f
                0x00000e18                __floatunsisf
                0x00000e20                __aeabi_i2f
                0x00000e20                __floatsisf
                0x00000e3c                __aeabi_ul2f
                0x00000e3c                __floatundisf
                0x00000e4c                __aeabi_l2f
                0x00000e4c                __floatdisf
 .text          0x00000ec8      0x2a0 c:/freescale/kds_3.0.0/toolchain/bin/../lib/gcc/arm-none-eabi/4.8.4/armv7e-m\libgcc.a(_arm_muldivsf3.o)
                0x00000ec8                __mulsf3
                0x00000ec8                __aeabi_fmul
                0x00001030                __aeabi_fdiv
                0x00001030                __divsf3
 .text          0x00001168       0xec c:/freescale/kds_3.0.0/toolchain/bin/../lib/gcc/arm-none-eabi/4.8.4/armv7e-m\libgcc.a(_arm_cmpsf2.o)
                0x00001168                __gesf2
                0x00001168                __gtsf2
                0x00001170                __lesf2
                0x00001170                __ltsf2
                0x00001178                __nesf2
                0x00001178                __eqsf2
                0x00001178                __cmpsf2
                0x000011d8                __aeabi_cfrcmple
                0x000011e0                __aeabi_cfcmpeq
                0x000011e0                __aeabi_cfcmple
                0x000011f0                __aeabi_fcmpeq
                0x00001204                __aeabi_fcmplt
                0x00001218                __aeabi_fcmple
                0x0000122c                __aeabi_fcmpge
                0x00001240                __aeabi_fcmpgt
 .text          0x00001254       0x40 c:/freescale/kds_3.0.0/toolchain/bin/../lib/gcc/arm-none-eabi/4.8.4/armv7e-m\libgcc.a(_arm_fixunssfsi.o)
                0x00001254                __fixunssfsi
                0x00001254                __aeabi_f2uiz
 *(.text*)
 .text.Cpu_OnNMIINT
                0x00001294        0xc ./Sources/Events.o
                0x00001294                Cpu_OnNMIINT
 .text.AD1_OnEnd
                0x000012a0        0xc ./Sources/Events.o
                0x000012a0                AD1_OnEnd
 .text.AD1_OnCalibrationEnd
                0x000012ac        0xc ./Sources/Events.o
                0x000012ac                AD1_OnCalibrationEnd
 .text.main     0x000012b8       0xb0 ./Sources/main.o
                0x000012b8                main
 .text.__copy_rom_section
                0x00001368       0xe4 ./Project_Settings/Startup_Code/startup.o
                0x00001368                __copy_rom_section
 .text.__copy_rom_sections_to_ram
                0x0000144c       0x9c ./Project_Settings/Startup_Code/startup.o
                0x0000144c                __copy_rom_sections_to_ram
 .text.__init_registers
                0x000014e8        0xc ./Project_Settings/Startup_Code/startup.o
                0x000014e8                __init_registers
 .text.__init_user
                0x000014f4        0xc ./Project_Settings/Startup_Code/startup.o
                0x000014f4                __init_user
 .text.__thumb_startup
                0x00001500       0x34 ./Project_Settings/Startup_Code/startup.o
                0x00001500                __thumb_startup
 .text.AD1_HWEnDi
                0x00001534       0x44 ./Generated_Code/AD1.o
                0x00001534                AD1_HWEnDi
 .text.AD1_Measure
                0x00001578       0x44 ./Generated_Code/AD1.o
                0x00001578                AD1_Measure
 .text.AD1_GetValue16
                0x000015bc       0x38 ./Generated_Code/AD1.o
                0x000015bc                AD1_GetValue16
 .text.AD1_Calibrate
                0x000015f4       0x7c ./Generated_Code/AD1.o
                0x000015f4                AD1_Calibrate
 .text.AdcLdd1_OnMeasurementComplete
                0x00001670       0x88 ./Generated_Code/AD1.o
                0x00001670                AdcLdd1_OnMeasurementComplete
 .text.AD1_Init
                0x000016f8       0x2c ./Generated_Code/AD1.o
                0x000016f8                AD1_Init
 .text.AdcLdd1_Init
                0x00001724       0x9c ./Generated_Code/AdcLdd1.o
                0x00001724                AdcLdd1_Init
 .text.AdcLdd1_StartSingleMeasurement
                0x000017c0       0x4c ./Generated_Code/AdcLdd1.o
                0x000017c0                AdcLdd1_StartSingleMeasurement
 .text.AdcLdd1_CreateSampleGroup
                0x0000180c       0x64 ./Generated_Code/AdcLdd1.o
                0x0000180c                AdcLdd1_CreateSampleGroup
 .text.AdcLdd1_GetMeasuredValues
                0x00001870       0x4c ./Generated_Code/AdcLdd1.o
                0x00001870                AdcLdd1_GetMeasuredValues
 .text.AdcLdd1_GetMeasurementCompleteStatus
                0x000018bc       0x78 ./Generated_Code/AdcLdd1.o
                0x000018bc                AdcLdd1_GetMeasurementCompleteStatus
 .text.AdcLdd1_StartCalibration
                0x00001934       0x4c ./Generated_Code/AdcLdd1.o
                0x00001934                AdcLdd1_StartCalibration
 .text.AdcLdd1_GetCalibrationResultStatus
                0x00001980       0xbc ./Generated_Code/AdcLdd1.o
                0x00001980                AdcLdd1_GetCalibrationResultStatus
 .text.AdcLdd1_MeasurementCompleteInterrupt
                0x00001a3c       0x3c ./Generated_Code/AdcLdd1.o
                0x00001a3c                AdcLdd1_MeasurementCompleteInterrupt
 .text.BitIoLdd1_Init
                0x00001a78       0x64 ./Generated_Code/BitIoLdd1.o
                0x00001a78                BitIoLdd1_Init
 .text.BitIoLdd2_Init
                0x00001adc       0x64 ./Generated_Code/BitIoLdd2.o
                0x00001adc                BitIoLdd2_Init
 .text.Cpu_INT_NMIInterrupt
                0x00001b40       0x1c ./Generated_Code/Cpu.o
                0x00001b40                Cpu_INT_NMIInterrupt
 .text.Cpu_Interrupt
                0x00001b5c       0x18 ./Generated_Code/Cpu.o
                0x00001b5c                Cpu_Interrupt
 .text.__init_hardware
                0x00001b74      0x11c ./Generated_Code/Cpu.o
                0x00001b74                __init_hardware
 .text.Cpu_SetBASEPRI
                0x00001c90       0x18 ./Generated_Code/Cpu.o
                0x00001c90                Cpu_SetBASEPRI
 .text.PE_low_level_init
                0x00001ca8       0xc4 ./Generated_Code/Cpu.o
                0x00001ca8                PE_low_level_init
 .text.PwmLdd1_Init
                0x00001d6c       0x54 ./Generated_Code/PwmLdd1.o
                0x00001d6c                PwmLdd1_Init
 .text.PwmLdd1_SetRatio16
                0x00001dc0       0x28 ./Generated_Code/PwmLdd1.o
                0x00001dc0                PwmLdd1_SetRatio16
 .text.SetRatio
                0x00001de8       0x54 ./Generated_Code/PwmLdd1.o
 .text.RealTimeLdd1_Init
                0x00001e3c       0x5c ./Generated_Code/RealTimeLdd1.o
                0x00001e3c                RealTimeLdd1_Init
 .text.RealTimeLdd1_GetTimeMS
                0x00001e98       0xb0 ./Generated_Code/RealTimeLdd1.o
                0x00001e98                RealTimeLdd1_GetTimeMS
 .text.TU2_OnCounterRestart
                0x00001f48       0x34 ./Generated_Code/RealTimeLdd1.o
                0x00001f48                TU2_OnCounterRestart
 .text.TU1_Init
                0x00001f7c       0xf4 ./Generated_Code/TU1.o
                0x00001f7c                TU1_Init
 .text.TU1_GetPeriodTicks
                0x00002070       0x30 ./Generated_Code/TU1.o
                0x00002070                TU1_GetPeriodTicks
 .text.TU1_SetOffsetTicks
                0x000020a0       0x44 ./Generated_Code/TU1.o
                0x000020a0                TU1_SetOffsetTicks
 .text.TU2_Init
                0x000020e4       0xd4 ./Generated_Code/TU2.o
                0x000020e4                TU2_Init
 .text.TU2_Interrupt
                0x000021b8       0x6c ./Generated_Code/TU2.o
                0x000021b8                TU2_Interrupt
 .text.exit     0x00002224       0x28 c:/freescale/kds_3.0.0/toolchain/bin/../lib/gcc/arm-none-eabi/4.8.4/../../../../arm-none-eabi/lib/armv7e-m\libg_s.a(lib_a-exit.o)
                0x00002224                exit
 .text.__libc_init_array
                0x0000224c       0x4c c:/freescale/kds_3.0.0/toolchain/bin/../lib/gcc/arm-none-eabi/4.8.4/../../../../arm-none-eabi/lib/armv7e-m\libg_s.a(lib_a-init.o)
                0x0000224c                __libc_init_array
 .text.memset   0x00002298       0x10 c:/freescale/kds_3.0.0/toolchain/bin/../lib/gcc/arm-none-eabi/4.8.4/../../../../arm-none-eabi/lib/armv7e-m\libg_s.a(lib_a-memset.o)
                0x00002298                memset
 .text._exit    0x000022a8        0x4 c:/freescale/kds_3.0.0/toolchain/bin/../lib/gcc/arm-none-eabi/4.8.4/../../../../arm-none-eabi/lib/armv7e-m\libnosys.a(_exit.o)
                0x000022a8                _exit
 *(.rodata)
 *(.rodata*)
 .rodata.str1.1
                0x000022ac        0x2 c:/freescale/kds_3.0.0/toolchain/bin/../lib/gcc/arm-none-eabi/4.8.4/../../../../arm-none-eabi/lib/armv7e-m\libg_s.a(lib_a-impure.o)
 *fill*         0x000022ae        0x2 
 .rodata._global_impure_ptr
                0x000022b0        0x4 c:/freescale/kds_3.0.0/toolchain/bin/../lib/gcc/arm-none-eabi/4.8.4/../../../../arm-none-eabi/lib/armv7e-m\libg_s.a(lib_a-impure.o)
                0x000022b0                _global_impure_ptr
 *(.glue_7)
 .glue_7        0x00000000        0x0 linker stubs
 *(.glue_7t)
 .glue_7t       0x00000000        0x0 linker stubs
 *(.eh_frame)
 .eh_frame      0x000022b4        0x0 c:/freescale/kds_3.0.0/toolchain/bin/../lib/gcc/arm-none-eabi/4.8.4/armv7e-m/crtbegin.o
 *(.init)
 .init          0x000022b4        0x4 c:/freescale/kds_3.0.0/toolchain/bin/../lib/gcc/arm-none-eabi/4.8.4/armv7e-m/crti.o
                0x000022b4                _init
 .init          0x000022b8        0x8 c:/freescale/kds_3.0.0/toolchain/bin/../lib/gcc/arm-none-eabi/4.8.4/armv7e-m/crtn.o
 *(.fini)
 .fini          0x000022c0        0x4 c:/freescale/kds_3.0.0/toolchain/bin/../lib/gcc/arm-none-eabi/4.8.4/armv7e-m/crti.o
                0x000022c0                _fini
 .fini          0x000022c4        0x8 c:/freescale/kds_3.0.0/toolchain/bin/../lib/gcc/arm-none-eabi/4.8.4/armv7e-m/crtn.o
                0x000022cc                . = ALIGN (0x4)
                0x000022cc                _etext = .

.vfp11_veneer   0x000022cc        0x0
 .vfp11_veneer  0x00000000        0x0 linker stubs

.v4_bx          0x000022cc        0x0
 .v4_bx         0x00000000        0x0 linker stubs

.iplt           0x000022cc        0x0
 .iplt          0x00000000        0x0 c:/freescale/kds_3.0.0/toolchain/bin/../lib/gcc/arm-none-eabi/4.8.4/armv7e-m/crtbegin.o

.ARM.extab
 *(.ARM.extab* .gnu.linkonce.armextab.*)

.ARM            0x000022cc        0x8
                0x000022cc                __exidx_start = .
 *(.ARM.exidx*)
 .ARM.exidx     0x000022cc        0x8 c:/freescale/kds_3.0.0/toolchain/bin/../lib/gcc/arm-none-eabi/4.8.4/../../../../arm-none-eabi/lib/armv7e-m/crt0.o
                0x000022d4                __exidx_end = .

.rel.dyn        0x000022d4        0x0
 .rel.iplt      0x00000000        0x0 c:/freescale/kds_3.0.0/toolchain/bin/../lib/gcc/arm-none-eabi/4.8.4/armv7e-m/crtbegin.o

.ctors          0x000022d4        0x0
                0x000022d4                __CTOR_LIST__ = .
 *crtbegin.o(.ctors)
 *(EXCLUDE_FILE(*crtend.o) .ctors)
 *(SORT(.ctors.*))
 *(.ctors)
                0x000022d4                __CTOR_END__ = .

.dtors          0x000022d4        0x0
                0x000022d4                __DTOR_LIST__ = .
 *crtbegin.o(.dtors)
 *(EXCLUDE_FILE(*crtend.o) .dtors)
 *(SORT(.dtors.*))
 *(.dtors)
                0x000022d4                __DTOR_END__ = .

.preinit_array  0x000022d4        0x0
                0x000022d4                PROVIDE (__preinit_array_start, .)
 *(.preinit_array*)
                0x000022d4                PROVIDE (__preinit_array_end, .)

.init_array     0x000022d4        0x4
                0x000022d4                PROVIDE (__init_array_start, .)
 *(SORT(.init_array.*))
 *(.init_array*)
 .init_array    0x000022d4        0x4 c:/freescale/kds_3.0.0/toolchain/bin/../lib/gcc/arm-none-eabi/4.8.4/armv7e-m/crtbegin.o
                0x000022d8                PROVIDE (__init_array_end, .)

.fini_array     0x000022d8        0x4
                0x000022d8                PROVIDE (__fini_array_start, .)
 *(SORT(.fini_array.*))
 *(.fini_array*)
 .fini_array    0x000022d8        0x4 c:/freescale/kds_3.0.0/toolchain/bin/../lib/gcc/arm-none-eabi/4.8.4/armv7e-m/crtbegin.o
                0x000022dc                PROVIDE (__fini_array_end, .)
                0x000022dc                ___ROM_AT = .

.data           0x1fffe000       0x60 load address 0x000022dc
                0x1fffe000                . = ALIGN (0x4)
                0x1fffe000                _sdata = .
 *(.data)
 *(.data*)
 .data.impure_data
                0x1fffe000       0x60 c:/freescale/kds_3.0.0/toolchain/bin/../lib/gcc/arm-none-eabi/4.8.4/../../../../arm-none-eabi/lib/armv7e-m\libg_s.a(lib_a-impure.o)
                0x1fffe060                . = ALIGN (0x4)
                0x1fffe060                _edata = .
                0x00000060                ___data_size = (_edata - _sdata)
                0x0000233c                ___m_data_20000000_ROMStart = (___ROM_AT + SIZEOF (.data))

.jcr            0x1fffe060        0x0 load address 0x0000233c
 .jcr           0x1fffe060        0x0 c:/freescale/kds_3.0.0/toolchain/bin/../lib/gcc/arm-none-eabi/4.8.4/armv7e-m/crtbegin.o

.igot.plt       0x1fffe060        0x0 load address 0x0000233c
 .igot.plt      0x00000000        0x0 c:/freescale/kds_3.0.0/toolchain/bin/../lib/gcc/arm-none-eabi/4.8.4/armv7e-m/crtbegin.o

.m_data_20000000
                0x20000000        0x0 load address 0x0000233c
                0x20000000                . = ALIGN (0x4)
                0x20000000                ___m_data_20000000_RAMStart = .
 *(.m_data_20000000)
                0x20000000                ___m_data_20000000_RAMEnd = .
                0x20000000                . = ALIGN (0x4)
                0x00000000                ___m_data_20000000_ROMSize = (___m_data_20000000_RAMEnd - ___m_data_20000000_RAMStart)
                0x20000000                . = ALIGN (0x4)

.bss            0x1fffe060       0xa0 load address 0x0000233c
                0x1fffe060                __START_BSS = .
                0x1fffe060                PROVIDE (__bss_start__, __START_BSS)
 *(.bss)
 .bss           0x1fffe060       0x1c c:/freescale/kds_3.0.0/toolchain/bin/../lib/gcc/arm-none-eabi/4.8.4/armv7e-m/crtbegin.o
 *(.bss*)
 .bss.ModeFlg   0x1fffe07c        0x1 ./Generated_Code/AD1.o
 *fill*         0x1fffe07d        0x3 
 .bss.SampleGroup
                0x1fffe080        0x4 ./Generated_Code/AD1.o
 .bss.OutFlg    0x1fffe084        0x1 ./Generated_Code/AD1.o
 *fill*         0x1fffe085        0x3 
 .bss.DeviceDataPrv__DEFAULT_RTOS_ALLOC
                0x1fffe088        0x8 ./Generated_Code/AdcLdd1.o
 .bss.INT_ADC0__DEFAULT_RTOS_ISRPARAM
                0x1fffe090        0x4 ./Generated_Code/AdcLdd1.o
 .bss.DeviceDataPrv__DEFAULT_RTOS_ALLOC
                0x1fffe094        0x4 ./Generated_Code/BitIoLdd1.o
 .bss.DeviceDataPrv__DEFAULT_RTOS_ALLOC
                0x1fffe098        0x4 ./Generated_Code/BitIoLdd2.o
 .bss.SR_lock   0x1fffe09c        0x1 ./Generated_Code/Cpu.o
                0x1fffe09c                SR_lock
 *fill*         0x1fffe09d        0x3 
 .bss.PE_LDD_DeviceDataList
                0x1fffe0a0       0x1c ./Generated_Code/PE_LDD.o
                0x1fffe0a0                PE_LDD_DeviceDataList
 .bss.DeviceDataPrv__DEFAULT_RTOS_ALLOC
                0x1fffe0bc        0xc ./Generated_Code/PwmLdd1.o
 .bss.DeviceDataPrv__DEFAULT_RTOS_ALLOC
                0x1fffe0c8       0x14 ./Generated_Code/RealTimeLdd1.o
 .bss.DeviceDataPrv__DEFAULT_RTOS_ALLOC
                0x1fffe0dc        0x8 ./Generated_Code/TU1.o
 .bss.DeviceDataPrv__DEFAULT_RTOS_ALLOC
                0x1fffe0e4        0xc ./Generated_Code/TU2.o
 .bss.INT_FTM1__DEFAULT_RTOS_ISRPARAM
                0x1fffe0f0        0x4 ./Generated_Code/TU2.o
 *(COMMON)
 COMMON         0x1fffe0f4        0x8 ./Generated_Code/AD1.o
                0x1fffe0f4                AD1_OutV
                0x1fffe0f8                AdcLdd1_DeviceDataPtr
 COMMON         0x1fffe0fc        0x1 ./Generated_Code/Cpu.o
                0x1fffe0fc                SR_reg
                0x1fffe100                . = ALIGN (0x4)
 *fill*         0x1fffe0fd        0x3 
                0x1fffe100                __END_BSS = .
                0x1fffe100                PROVIDE (__bss_end__, __END_BSS)
                0x0000233c                _romp_at = ((___ROM_AT + SIZEOF (.data)) + SIZEOF (.m_data_20000000))

.romp           0x1fffe100       0x24 load address 0x0000233c
                0x0000233c                __S_romp = _romp_at
                0x1fffe100        0x4 LONG 0x22dc ___ROM_AT
                0x1fffe104        0x4 LONG 0x1fffe000 _sdata
                0x1fffe108        0x4 LONG 0x60 ___data_size
                0x1fffe10c        0x4 LONG 0x233c ___m_data_20000000_ROMStart
                0x1fffe110        0x4 LONG 0x20000000 ___m_data_20000000_RAMStart
                0x1fffe114        0x4 LONG 0x0 ___m_data_20000000_ROMSize
                0x1fffe118        0x4 LONG 0x0
                0x1fffe11c        0x4 LONG 0x0
                0x1fffe120        0x4 LONG 0x0

._user_heap_stack
                0x1fffe124      0x400 load address 0x00002360
                0x1fffe124                . = ALIGN (0x4)
                0x1fffe124                PROVIDE (end, .)
                0x1fffe124                PROVIDE (_end, .)
                0x1fffe124                __heap_addr = .
                0x1fffe124                __HeapBase = .
                0x1fffe124                . = (. + __heap_size)
                0x1fffe124                __HeapLimit = .
                0x1fffe524                . = (. + __stack_size)
 *fill*         0x1fffe124      0x400 
                0x1fffe524                . = ALIGN (0x4)

.ARM.attributes
                0x00000000       0x2a
 *(.ARM.attributes)
 .ARM.attributes
                0x00000000       0x1e c:/freescale/kds_3.0.0/toolchain/bin/../lib/gcc/arm-none-eabi/4.8.4/armv7e-m/crti.o
 .ARM.attributes
                0x0000001e       0x2e c:/freescale/kds_3.0.0/toolchain/bin/../lib/gcc/arm-none-eabi/4.8.4/armv7e-m/crtbegin.o
 .ARM.attributes
                0x0000004c       0x1c c:/freescale/kds_3.0.0/toolchain/bin/../lib/gcc/arm-none-eabi/4.8.4/../../../../arm-none-eabi/lib/armv7e-m/crt0.o
 .ARM.attributes
                0x00000068       0x33 ./Sources/Events.o
 .ARM.attributes
                0x0000009b       0x33 ./Sources/main.o
 .ARM.attributes
                0x000000ce       0x33 ./Project_Settings/Startup_Code/startup.o
 .ARM.attributes
                0x00000101       0x33 ./Generated_Code/AD1.o
 .ARM.attributes
                0x00000134       0x33 ./Generated_Code/AdcLdd1.o
 .ARM.attributes
                0x00000167       0x33 ./Generated_Code/BitIoLdd1.o
 .ARM.attributes
                0x0000019a       0x33 ./Generated_Code/BitIoLdd2.o
 .ARM.attributes
                0x000001cd       0x33 ./Generated_Code/Cpu.o
 .ARM.attributes
                0x00000200       0x33 ./Generated_Code/PE_LDD.o
 .ARM.attributes
                0x00000233       0x33 ./Generated_Code/PwmLdd1.o
 .ARM.attributes
                0x00000266       0x33 ./Generated_Code/RealTimeLdd1.o
 .ARM.attributes
                0x00000299       0x33 ./Generated_Code/TU1.o
 .ARM.attributes
                0x000002cc       0x33 ./Generated_Code/TU2.o
 .ARM.attributes
                0x000002ff       0x33 ./Generated_Code/Vectors.o
 .ARM.attributes
                0x00000332       0x1e c:/freescale/kds_3.0.0/toolchain/bin/../lib/gcc/arm-none-eabi/4.8.4/armv7e-m\libgcc.a(_arm_addsubdf3.o)
 .ARM.attributes
                0x00000350       0x1e c:/freescale/kds_3.0.0/toolchain/bin/../lib/gcc/arm-none-eabi/4.8.4/armv7e-m\libgcc.a(_arm_muldivdf3.o)
 .ARM.attributes
                0x0000036e       0x1e c:/freescale/kds_3.0.0/toolchain/bin/../lib/gcc/arm-none-eabi/4.8.4/armv7e-m\libgcc.a(_arm_fixunsdfsi.o)
 .ARM.attributes
                0x0000038c       0x1e c:/freescale/kds_3.0.0/toolchain/bin/../lib/gcc/arm-none-eabi/4.8.4/armv7e-m\libgcc.a(_arm_addsubsf3.o)
 .ARM.attributes
                0x000003aa       0x1e c:/freescale/kds_3.0.0/toolchain/bin/../lib/gcc/arm-none-eabi/4.8.4/armv7e-m\libgcc.a(_arm_muldivsf3.o)
 .ARM.attributes
                0x000003c8       0x1e c:/freescale/kds_3.0.0/toolchain/bin/../lib/gcc/arm-none-eabi/4.8.4/armv7e-m\libgcc.a(_arm_cmpsf2.o)
 .ARM.attributes
                0x000003e6       0x1e c:/freescale/kds_3.0.0/toolchain/bin/../lib/gcc/arm-none-eabi/4.8.4/armv7e-m\libgcc.a(_arm_fixunssfsi.o)
 .ARM.attributes
                0x00000404       0x2e c:/freescale/kds_3.0.0/toolchain/bin/../lib/gcc/arm-none-eabi/4.8.4/../../../../arm-none-eabi/lib/armv7e-m\libg_s.a(lib_a-exit.o)
 .ARM.attributes
                0x00000432       0x2e c:/freescale/kds_3.0.0/toolchain/bin/../lib/gcc/arm-none-eabi/4.8.4/../../../../arm-none-eabi/lib/armv7e-m\libg_s.a(lib_a-impure.o)
 .ARM.attributes
                0x00000460       0x2e c:/freescale/kds_3.0.0/toolchain/bin/../lib/gcc/arm-none-eabi/4.8.4/../../../../arm-none-eabi/lib/armv7e-m\libg_s.a(lib_a-init.o)
 .ARM.attributes
                0x0000048e       0x2e c:/freescale/kds_3.0.0/toolchain/bin/../lib/gcc/arm-none-eabi/4.8.4/../../../../arm-none-eabi/lib/armv7e-m\libg_s.a(lib_a-memset.o)
 .ARM.attributes
                0x000004bc       0x2e c:/freescale/kds_3.0.0/toolchain/bin/../lib/gcc/arm-none-eabi/4.8.4/../../../../arm-none-eabi/lib/armv7e-m\libnosys.a(_exit.o)
 .ARM.attributes
                0x000004ea       0x1e c:/freescale/kds_3.0.0/toolchain/bin/../lib/gcc/arm-none-eabi/4.8.4/armv7e-m/crtn.o
OUTPUT(CC3501-Lab1.elf elf32-littlearm)

.debug_info     0x00000000     0x373f
 .debug_info    0x00000000       0xb8 ./Sources/Events.o
 .debug_info    0x000000b8      0x125 ./Sources/main.o
 .debug_info    0x000001dd      0x20a ./Project_Settings/Startup_Code/startup.o
 .debug_info    0x000003e7      0x252 ./Generated_Code/AD1.o
 .debug_info    0x00000639      0x885 ./Generated_Code/AdcLdd1.o
 .debug_info    0x00000ebe      0x387 ./Generated_Code/BitIoLdd1.o
 .debug_info    0x00001245      0x387 ./Generated_Code/BitIoLdd2.o
 .debug_info    0x000015cc      0x9e9 ./Generated_Code/Cpu.o
 .debug_info    0x00001fb5      0x251 ./Generated_Code/PE_LDD.o
 .debug_info    0x00002206      0x2d4 ./Generated_Code/PwmLdd1.o
 .debug_info    0x000024da      0x36e ./Generated_Code/RealTimeLdd1.o
 .debug_info    0x00002848      0x765 ./Generated_Code/TU1.o
 .debug_info    0x00002fad      0x684 ./Generated_Code/TU2.o
 .debug_info    0x00003631      0x10e ./Generated_Code/Vectors.o

.debug_abbrev   0x00000000     0x107d
 .debug_abbrev  0x00000000       0x45 ./Sources/Events.o
 .debug_abbrev  0x00000045       0xa1 ./Sources/main.o
 .debug_abbrev  0x000000e6      0x11e ./Project_Settings/Startup_Code/startup.o
 .debug_abbrev  0x00000204      0x186 ./Generated_Code/AD1.o
 .debug_abbrev  0x0000038a      0x1b4 ./Generated_Code/AdcLdd1.o
 .debug_abbrev  0x0000053e      0x15f ./Generated_Code/BitIoLdd1.o
 .debug_abbrev  0x0000069d      0x15f ./Generated_Code/BitIoLdd2.o
 .debug_abbrev  0x000007fc      0x178 ./Generated_Code/Cpu.o
 .debug_abbrev  0x00000974      0x10d ./Generated_Code/PE_LDD.o
 .debug_abbrev  0x00000a81      0x122 ./Generated_Code/PwmLdd1.o
 .debug_abbrev  0x00000ba3      0x134 ./Generated_Code/RealTimeLdd1.o
 .debug_abbrev  0x00000cd7      0x198 ./Generated_Code/TU1.o
 .debug_abbrev  0x00000e6f      0x16a ./Generated_Code/TU2.o
 .debug_abbrev  0x00000fd9       0xa4 ./Generated_Code/Vectors.o

.debug_aranges  0x00000000      0x360
 .debug_aranges
                0x00000000       0x30 ./Sources/Events.o
 .debug_aranges
                0x00000030       0x20 ./Sources/main.o
 .debug_aranges
                0x00000050       0x50 ./Project_Settings/Startup_Code/startup.o
 .debug_aranges
                0x000000a0       0x50 ./Generated_Code/AD1.o
 .debug_aranges
                0x000000f0       0x60 ./Generated_Code/AdcLdd1.o
 .debug_aranges
                0x00000150       0x48 ./Generated_Code/BitIoLdd1.o
 .debug_aranges
                0x00000198       0x48 ./Generated_Code/BitIoLdd2.o
 .debug_aranges
                0x000001e0       0x40 ./Generated_Code/Cpu.o
 .debug_aranges
                0x00000220       0x30 ./Generated_Code/PE_LDD.o
 .debug_aranges
                0x00000250       0x40 ./Generated_Code/PwmLdd1.o
 .debug_aranges
                0x00000290       0x40 ./Generated_Code/RealTimeLdd1.o
 .debug_aranges
                0x000002d0       0x48 ./Generated_Code/TU1.o
 .debug_aranges
                0x00000318       0x30 ./Generated_Code/TU2.o
 .debug_aranges
                0x00000348       0x18 ./Generated_Code/Vectors.o

.debug_ranges   0x00000000      0x278
 .debug_ranges  0x00000000       0x20 ./Sources/Events.o
 .debug_ranges  0x00000020       0x10 ./Sources/main.o
 .debug_ranges  0x00000030       0x40 ./Project_Settings/Startup_Code/startup.o
 .debug_ranges  0x00000070       0x40 ./Generated_Code/AD1.o
 .debug_ranges  0x000000b0       0x50 ./Generated_Code/AdcLdd1.o
 .debug_ranges  0x00000100       0x38 ./Generated_Code/BitIoLdd1.o
 .debug_ranges  0x00000138       0x38 ./Generated_Code/BitIoLdd2.o
 .debug_ranges  0x00000170       0x30 ./Generated_Code/Cpu.o
 .debug_ranges  0x000001a0       0x20 ./Generated_Code/PE_LDD.o
 .debug_ranges  0x000001c0       0x30 ./Generated_Code/PwmLdd1.o
 .debug_ranges  0x000001f0       0x30 ./Generated_Code/RealTimeLdd1.o
 .debug_ranges  0x00000220       0x38 ./Generated_Code/TU1.o
 .debug_ranges  0x00000258       0x20 ./Generated_Code/TU2.o

.debug_macro    0x00000000    0x18fbc
 .debug_macro   0x00000000      0x192 ./Sources/Events.o
 .debug_macro   0x00000192      0x84a ./Sources/Events.o
 .debug_macro   0x000009dc       0x16 ./Sources/Events.o
 .debug_macro   0x000009f2       0x44 ./Sources/Events.o
 .debug_macro   0x00000a36      0x209 ./Sources/Events.o
 .debug_macro   0x00000c3f     0x1687 ./Sources/Events.o
 .debug_macro   0x000022c6      0x14e ./Sources/Events.o
 .debug_macro   0x00002414       0x6a ./Sources/Events.o
 .debug_macro   0x0000247e     0x9b9f ./Sources/Events.o
 .debug_macro   0x0000c01d       0x94 ./Sources/Events.o
 .debug_macro   0x0000c0b1       0x94 ./Sources/Events.o
 .debug_macro   0x0000c145      0x6a0 ./Sources/Events.o
 .debug_macro   0x0000c7e5       0x74 ./Sources/Events.o
 .debug_macro   0x0000c859       0x37 ./Sources/Events.o
 .debug_macro   0x0000c890       0x25 ./Sources/Events.o
 .debug_macro   0x0000c8b5      0x132 ./Sources/Events.o
 .debug_macro   0x0000c9e7       0x46 ./Sources/Events.o
 .debug_macro   0x0000ca2d       0x26 ./Sources/Events.o
 .debug_macro   0x0000ca53       0x4c ./Sources/Events.o
 .debug_macro   0x0000ca9f       0x26 ./Sources/Events.o
 .debug_macro   0x0000cac5       0x58 ./Sources/Events.o
 .debug_macro   0x0000cb1d       0x28 ./Sources/Events.o
 .debug_macro   0x0000cb45       0x18 ./Sources/Events.o
 .debug_macro   0x0000cb5d      0x61c ./Sources/Events.o
 .debug_macro   0x0000d179       0x7b ./Sources/Events.o
 .debug_macro   0x0000d1f4       0x10 ./Sources/Events.o
 .debug_macro   0x0000d204      0x21d ./Sources/main.o
 .debug_macro   0x0000d421       0x58 ./Sources/main.o
 .debug_macro   0x0000d479       0x35 ./Sources/main.o
 .debug_macro   0x0000d4ae       0xa3 ./Sources/main.o
 .debug_macro   0x0000d551      0x166 ./Sources/main.o
 .debug_macro   0x0000d6b7       0x52 ./Sources/main.o
 .debug_macro   0x0000d709       0x16 ./Sources/main.o
 .debug_macro   0x0000d71f       0x43 ./Sources/main.o
 .debug_macro   0x0000d762      0x180 ./Sources/main.o
 .debug_macro   0x0000d8e2       0xde ./Sources/main.o
 .debug_macro   0x0000d9c0      0x121 ./Project_Settings/Startup_Code/startup.o
 .debug_macro   0x0000dae1       0x4a ./Project_Settings/Startup_Code/startup.o
 .debug_macro   0x0000db2b      0x2a6 ./Project_Settings/Startup_Code/startup.o
 .debug_macro   0x0000ddd1       0x10 ./Project_Settings/Startup_Code/startup.o
 .debug_macro   0x0000dde1       0x35 ./Project_Settings/Startup_Code/startup.o
 .debug_macro   0x0000de16       0x16 ./Project_Settings/Startup_Code/startup.o
 .debug_macro   0x0000de2c       0x22 ./Project_Settings/Startup_Code/startup.o
 .debug_macro   0x0000de4e       0x10 ./Project_Settings/Startup_Code/startup.o
 .debug_macro   0x0000de5e      0x20f ./Project_Settings/Startup_Code/startup.o
 .debug_macro   0x0000e06d     0x9b93 ./Project_Settings/Startup_Code/startup.o
 .debug_macro   0x00017c00      0x1aa ./Generated_Code/AD1.o
 .debug_macro   0x00017daa       0x9a ./Generated_Code/AD1.o
 .debug_macro   0x00017e44       0xd3 ./Generated_Code/AdcLdd1.o
 .debug_macro   0x00017f17      0x616 ./Generated_Code/AdcLdd1.o
 .debug_macro   0x0001852d       0xa6 ./Generated_Code/BitIoLdd1.o
 .debug_macro   0x000185d3      0x12c ./Generated_Code/BitIoLdd1.o
 .debug_macro   0x000186ff       0xa6 ./Generated_Code/BitIoLdd2.o
 .debug_macro   0x000187a5       0x46 ./Generated_Code/BitIoLdd2.o
 .debug_macro   0x000187eb      0x1a2 ./Generated_Code/Cpu.o
 .debug_macro   0x0001898d      0x15c ./Generated_Code/PE_LDD.o
 .debug_macro   0x00018ae9       0xbb ./Generated_Code/PwmLdd1.o
 .debug_macro   0x00018ba4       0xb5 ./Generated_Code/RealTimeLdd1.o
 .debug_macro   0x00018c59       0x52 ./Generated_Code/RealTimeLdd1.o
 .debug_macro   0x00018cab       0xb4 ./Generated_Code/TU1.o
 .debug_macro   0x00018d5f       0xbb ./Generated_Code/TU2.o
 .debug_macro   0x00018e1a      0x1a2 ./Generated_Code/Vectors.o

.debug_line     0x00000000     0x31b8
 .debug_line    0x00000000      0x386 ./Sources/Events.o
 .debug_line    0x00000386      0x3f5 ./Sources/main.o
 .debug_line    0x0000077b      0x3e4 ./Project_Settings/Startup_Code/startup.o
 .debug_line    0x00000b5f      0x453 ./Generated_Code/AD1.o
 .debug_line    0x00000fb2      0x388 ./Generated_Code/AdcLdd1.o
 .debug_line    0x0000133a      0x2e7 ./Generated_Code/BitIoLdd1.o
 .debug_line    0x00001621      0x2e7 ./Generated_Code/BitIoLdd2.o
 .debug_line    0x00001908      0x4ea ./Generated_Code/Cpu.o
 .debug_line    0x00001df2      0x362 ./Generated_Code/PE_LDD.o
 .debug_line    0x00002154      0x2ed ./Generated_Code/PwmLdd1.o
 .debug_line    0x00002441      0x329 ./Generated_Code/RealTimeLdd1.o
 .debug_line    0x0000276a      0x31d ./Generated_Code/TU1.o
 .debug_line    0x00002a87      0x2cd ./Generated_Code/TU2.o
 .debug_line    0x00002d54      0x464 ./Generated_Code/Vectors.o

.debug_str      0x00000000    0x51faa
 .debug_str     0x00000000    0x4e298 ./Sources/Events.o
                              0x4e3e8 (size before relaxing)
 .debug_str     0x0004e298     0x1bcf ./Sources/main.o
                              0x50019 (size before relaxing)
 .debug_str     0x0004fe67     0x10df ./Project_Settings/Startup_Code/startup.o
                              0x3a1db (size before relaxing)
 .debug_str     0x00050f46      0x155 ./Generated_Code/AD1.o
                              0x4e52d (size before relaxing)
 .debug_str     0x0005109b      0x487 ./Generated_Code/AdcLdd1.o
                              0x44611 (size before relaxing)
 .debug_str     0x00051522      0x12e ./Generated_Code/BitIoLdd1.o
                              0x3fea1 (size before relaxing)
 .debug_str     0x00051650       0xb1 ./Generated_Code/BitIoLdd2.o
                              0x3fea1 (size before relaxing)
 .debug_str     0x00051701      0x240 ./Generated_Code/Cpu.o
                              0x4e786 (size before relaxing)
 .debug_str     0x00051941      0x17e ./Generated_Code/PE_LDD.o
                              0x4e57e (size before relaxing)
 .debug_str     0x00051abf       0xcf ./Generated_Code/PwmLdd1.o
                              0x48474 (size before relaxing)
 .debug_str     0x00051b8e       0xe0 ./Generated_Code/RealTimeLdd1.o
                              0x48425 (size before relaxing)
 .debug_str     0x00051c6e      0x236 ./Generated_Code/TU1.o
                              0x48597 (size before relaxing)
 .debug_str     0x00051ea4       0xea ./Generated_Code/TU2.o
                              0x485a0 (size before relaxing)
 .debug_str     0x00051f8e       0x1c ./Generated_Code/Vectors.o
                              0x4e411 (size before relaxing)

.comment        0x00000000       0x70
 .comment       0x00000000       0x70 ./Sources/Events.o
                                 0x71 (size before relaxing)
 .comment       0x00000000       0x71 ./Sources/main.o
 .comment       0x00000000       0x71 ./Project_Settings/Startup_Code/startup.o
 .comment       0x00000000       0x71 ./Generated_Code/AD1.o
 .comment       0x00000000       0x71 ./Generated_Code/AdcLdd1.o
 .comment       0x00000000       0x71 ./Generated_Code/BitIoLdd1.o
 .comment       0x00000000       0x71 ./Generated_Code/BitIoLdd2.o
 .comment       0x00000000       0x71 ./Generated_Code/Cpu.o
 .comment       0x00000000       0x71 ./Generated_Code/PE_LDD.o
 .comment       0x00000000       0x71 ./Generated_Code/PwmLdd1.o
 .comment       0x00000000       0x71 ./Generated_Code/RealTimeLdd1.o
 .comment       0x00000000       0x71 ./Generated_Code/TU1.o
 .comment       0x00000000       0x71 ./Generated_Code/TU2.o
 .comment       0x00000000       0x71 ./Generated_Code/Vectors.o

.debug_frame    0x00000000      0x8c8
 .debug_frame   0x00000000       0x58 ./Sources/Events.o
 .debug_frame   0x00000058       0x30 ./Sources/main.o
 .debug_frame   0x00000088       0xc0 ./Project_Settings/Startup_Code/startup.o
 .debug_frame   0x00000148       0xe0 ./Generated_Code/AD1.o
 .debug_frame   0x00000228      0x114 ./Generated_Code/AdcLdd1.o
 .debug_frame   0x0000033c       0xb8 ./Generated_Code/BitIoLdd1.o
 .debug_frame   0x000003f4       0xb8 ./Generated_Code/BitIoLdd2.o
 .debug_frame   0x000004ac       0xa4 ./Generated_Code/Cpu.o
 .debug_frame   0x00000550       0x64 ./Generated_Code/PE_LDD.o
 .debug_frame   0x000005b4       0xb0 ./Generated_Code/PwmLdd1.o
 .debug_frame   0x00000664       0xac ./Generated_Code/RealTimeLdd1.o
 .debug_frame   0x00000710       0xb8 ./Generated_Code/TU1.o
 .debug_frame   0x000007c8       0x6c ./Generated_Code/TU2.o
 .debug_frame   0x00000834       0x28 c:/freescale/kds_3.0.0/toolchain/bin/../lib/gcc/arm-none-eabi/4.8.4/../../../../arm-none-eabi/lib/armv7e-m\libg_s.a(lib_a-exit.o)
 .debug_frame   0x0000085c       0x2c c:/freescale/kds_3.0.0/toolchain/bin/../lib/gcc/arm-none-eabi/4.8.4/../../../../arm-none-eabi/lib/armv7e-m\libg_s.a(lib_a-init.o)
 .debug_frame   0x00000888       0x20 c:/freescale/kds_3.0.0/toolchain/bin/../lib/gcc/arm-none-eabi/4.8.4/../../../../arm-none-eabi/lib/armv7e-m\libg_s.a(lib_a-memset.o)
 .debug_frame   0x000008a8       0x20 c:/freescale/kds_3.0.0/toolchain/bin/../lib/gcc/arm-none-eabi/4.8.4/../../../../arm-none-eabi/lib/armv7e-m\libnosys.a(_exit.o)
